10-08 18:11:26.720  2253  3475 I InputDispatcher: Delivering touch to (30674): action: 0xa, f=0x0, d=0, '4bac50a', t=1 
10-08 18:11:26.720  2253  3475 I InputDispatcher: Delivering touch to (30674): action: 0x9, f=0x0, d=0, '4bac50a', t=1 
10-08 18:11:26.720  2253  3475 I InputDispatcher: Canceling stream: last source was TOUCHSCREEN | STYLUS and new event is MotionEvent
10-08 18:11:26.721  2253  3475 I InputDispatcher: Canceling pointers for device -1 in [Gesture Monitor] PalmMotion (server) with event MotionEvent
10-08 18:11:26.721  2253  3475 I InputDispatcher: Canceling stream: last source was TOUCHSCREEN | STYLUS and new event is MotionEvent
10-08 18:11:26.721  2253  3475 I InputDispatcher: Canceling pointers for device -1 in [Gesture Monitor] secinputdev (server) with event MotionEvent
10-08 18:11:26.721  2253  3475 I InputDispatcher: Canceling stream: last source was TOUCHSCREEN | STYLUS and new event is MotionEvent
10-08 18:11:26.721  2253  3475 I InputDispatcher: Canceling pointers for device -1 in PointerEventDispatcher0 (server) with event MotionEvent
10-08 18:11:26.721  2253  3475 I InputDispatcher: Delivering touch to (30674): action: 0x9, f=0x0, d=0, '4bac50a', t=1 
10-08 18:11:26.721  2253  2253 I MdnieScenarioControlService: action  :  com.samsung.server.PowerManagerService.action.USER_ACTIVITY
10-08 18:11:26.721  2253  2253 D PowerManagerService: [api] setScreenDimDurationOverrideFromSqdInternal: mScreenDimDurationOverrideFromSQD: -1
10-08 18:11:26.729 30674 30674 I VRI[MainActivity]@b3c99ab: updatePointerIcon : PointerIcon{type=NOT_SPECIFIED, hotspotX=0.0, hotspotY=0.0}
10-08 18:11:26.729  2253  4586 W PointerChoreographer: Invalid device id -1. Cannot set pointer icon.
10-08 18:11:26.730 30674 30674 I VRI[MainActivity]@b3c99ab: call setFrameRateCategory for touch hint category=high hint, reason=touch, vri=VRI[MainActivity]@b3c99ab
10-08 18:11:26.730  1865  2213 I HWComposer: [4630946249045481107] ActiveConfigToHWC, ID : 0
10-08 18:11:26.730  1792 30847 I SDM     : SDMDisplay::SetActiveConfigWithConstraints: ActiveConfig: 0
10-08 18:11:26.730  2253  2973 D DisplayPowerController2[0]: saveBrightnessInfo: brt:0.30588236 adjBrt:0.30588236 min:0.0 max:1.0 hbm:0 tp:1.0 throttler:0 isAnimating:true
10-08 18:11:26.730  2253  2973 V DisplayPowerController2[0]: Brightness [0.30588236] reason changing to: 'manual', previous reason: 'manual [ dim ]'.
10-08 18:11:26.730  2253  2973 I DisplayPowerController2[0]: BrightnessEvent: disp=0, physDisp=local:4630946249045481107, displayState=ON, displayPolicy=BRIGHT, brt=0.30588236, initBrt=0.050980393, rcmdBrt=NaN, preBrt=NaN, lux=0.0, preLux=0.0, hbmMax=1.0, hbmMode=off, rbcStrength=-1, thrmMax=1.0, powerFactor=1.0, wasShortTermModelActive=false, flags=, reason=manual, autoBrightness=false, strategy=InvalidBrightnessStrategy, autoBrightnessMode=default
10-08 18:11:26.730  2253  2973 D DisplayPowerController2[970]: animateScreenStateChange: target=ON, mIsEnabled=true
10-08 18:11:26.730  2253  2973 I DisplayPowerController2[970]: BrightnessEvent: disp=970, physDisp=virtual:com.android.shell,2000,studio.screen.sharing:0,964, displayState=ON, displayPolicy=BRIGHT, brt=0.0, initBrt=0.0, rcmdBrt=NaN, preBrt=NaN, lux=0.0, preLux=0.0, hbmMax=1.0, hbmMode=off, rbcStrength=-1, thrmMax=1.0, powerFactor=1.0, wasShortTermModelActive=false, flags=, reason=manual, autoBrightness=false, strategy=InvalidBrightnessStrategy, autoBrightnessMode=default
10-08 18:11:26.730  2253  2973 D PowerManagerService: displayReady: true groupId=0
10-08 18:11:26.731  1865  1865 I SurfaceFlinger: [com.application.motium/com.application.motium.presentation.MainActivity$_30674#109061] setFrameRateCategory: HighHint
10-08 18:11:26.731  1792 30847 I SDM     : SDMDisplay::FinalizeDisplayConfig: ActiveConfig changed from config 0(0) to 0(0) for display [0]-[0]
10-08 18:11:26.731  1792 30847 E SDM     : ScalarConfig::GetAIScaleSettingsInfo: AI Scaler Config for display 68 is not present
10-08 18:11:26.731  1792 30847 W SDM     : ScalarConfig::ApplyDestScaleConfig: GetAIScaleSettingsInfo returned error=1
10-08 18:11:26.732  2253  2253 D BrightnessSynchronizer: onDisplayChanged() : displayId=0
10-08 18:11:26.732  2253  2253 D BrightnessSynchronizer: updateScreenBrightness: displayId=0 type=2 mPreferredSettingValue=0.30588236(78) currentBrightnessInt=78 currentBrightnessIntFromFloat=78(0.30588236)
10-08 18:11:26.732  2253  4586 D InputDispatcher: Inject motion (20714/2000): action=0xa, time=1143517094000000, f=0x0, d=0 dsdx=1.000000 dtdx=0.000000
10-08 18:11:26.732  2253  3778 D LocalDisplayAdapter: surface lcd : 19(0.015), 19(0.015), main +
10-08 18:11:26.732  2253  3475 I InputDispatcher: Canceling stream: last source was MOUSE and new event is MotionEvent
10-08 18:11:26.732  1865  1865 I SurfaceFlinger: setDisplayBrightness(4630946249045481107): displayBrightness: 0.015216, displayBrightnessNits: 18.529236, sdrWhitePointNits: 18.529003 , dimmingRatio: 0.999987
10-08 18:11:26.733  2253  3475 I InputDispatcher: Canceling pointers for device -1 in 4bac50a com.application.motium/com.application.motium.presentation.MainActivity (server) with event MotionEvent
10-08 18:11:26.733  2253  3778 D LocalDisplayAdapter: surface lcd : 19(0.015), 19(0.015), main -
10-08 18:11:26.733  2253  3475 W InputDispatcher: channel 4bac50a com.application.motium/com.application.motium.presentation.MainActivity (server)~ dropping inconsistent event: DispatchEntry{resolvedFlags=0, targetFlags=0x0, transform=transform (ROT_0) (IDENTITY)
10-08 18:11:26.733  2253  3475 W InputDispatcher: } original: MotionEvent
10-08 18:11:26.733  2253  3475 I InputDispatcher: Delivering touch to (30674): action: 0xa, f=0x0, d=0, '4bac50a', t=1 
10-08 18:11:26.733  2253  3475 I InputDispatcher: Canceling stream: last source was MOUSE and new event is MotionEvent
10-08 18:11:26.733  2253  3475 I InputDispatcher: Canceling pointers for device -1 in [Gesture Monitor] PalmMotion (server) with event MotionEvent
10-08 18:11:26.733  2253  3475 W InputDispatcher: channel [Gesture Monitor] PalmMotion (server)~ dropping inconsistent event: DispatchEntry{resolvedFlags=0, targetFlags=0x0, transform=transform (ROT_0) (IDENTITY)
10-08 18:11:26.733  2253  3475 W InputDispatcher: } original: MotionEvent
10-08 18:11:26.733  2253  3475 I InputDispatcher: Canceling stream: last source was MOUSE and new event is MotionEvent
10-08 18:11:26.733  2253  3778 D LocalDisplayAdapter: surface lcd : 30(0.024), 30(0.024), main +
10-08 18:11:26.733  2253  3475 I InputDispatcher: Canceling pointers for device -1 in [Gesture Monitor] secinputdev (server) with event MotionEvent
10-08 18:11:26.733  1865  1865 I SurfaceFlinger: setDisplayBrightness(4630946249045481107): displayBrightness: 0.023548, displayBrightnessNits: 31.924934, sdrWhitePointNits: 31.924667 , dimmingRatio: 0.999992
10-08 18:11:26.733  2253  3475 W InputDispatcher: channel [Gesture Monitor] secinputdev (server)~ dropping inconsistent event: DispatchEntry{resolvedFlags=0, targetFlags=0x0, transform=transform (ROT_0) (IDENTITY)
10-08 18:11:26.733  2253  3475 W InputDispatcher: } original: MotionEvent
10-08 18:11:26.733  2253  3475 I InputDispatcher: Canceling stream: last source was MOUSE and new event is MotionEvent
10-08 18:11:26.733  2253  3475 I InputDispatcher: Canceling pointers for device -1 in PointerEventDispatcher0 (server) with event MotionEvent
10-08 18:11:26.733  2253  3475 W InputDispatcher: channel PointerEventDispatcher0 (server)~ dropping inconsistent event: DispatchEntry{resolvedFlags=0, targetFlags=0x0, transform=transform (ROT_0) (IDENTITY)
10-08 18:11:26.733  2253  3475 W InputDispatcher: } original: MotionEvent
10-08 18:11:26.733  2253  3778 D LocalDisplayAdapter: surface lcd : 30(0.024), 30(0.024), main -
10-08 18:11:26.734  3898  3898 D SecBrightnessController: updateSlider() - BrightnessDialog resetTimer()
10-08 18:11:26.734  3898  3898 D SecBrightnessController: updateSlider() - BrightnessDialog resetTimer()
10-08 18:11:26.737 30674 30674 I VRI[MainActivity]@b3c99ab: updatePointerIcon : PointerIcon{type=NOT_SPECIFIED, hotspotX=0.0, hotspotY=0.0}
10-08 18:11:26.737  2253  4586 W InputManager-JNI: Attempted to change the pointer icon for deviceId -1 on display 0 from input token 0xb4000077e9fab390, but the pointer is not in the window.
10-08 18:11:26.738 30674 30674 I VRI[MainActivity]@b3c99ab: updatePointerIcon : PointerIcon{type=NOT_SPECIFIED, hotspotX=0.0, hotspotY=0.0}
10-08 18:11:26.738  2253  4586 W InputManager-JNI: Attempted to change the pointer icon for deviceId -1 on display 0 from input token 0xb4000077e9fab390, but the pointer is not in the window.
10-08 18:11:26.739  2253  3778 D LocalDisplayAdapter: surface lcd : 41(0.032), 41(0.032), main +
10-08 18:11:26.739  1817  1817 I SSC_DAEMON: handleSensorTestReqMsg:88, Sensor type :4, Msg type:11
10-08 18:11:26.740  1792 30847 I SDM     : HWPeripheralDRM::SetPanelBrightness: Setting brightness to level 301 through sysfs node. primary(1), type_id(1)
10-08 18:11:26.740  1865  1865 I SurfaceFlinger: setDisplayBrightness(4630946249045481107): displayBrightness: 0.031880, displayBrightnessNits: 46.849487, sdrWhitePointNits: 46.849190 , dimmingRatio: 0.999994
10-08 18:11:26.740  2253  3778 D LocalDisplayAdapter: surface lcd : 41(0.032), 41(0.032), main -
10-08 18:11:26.741  1817  5090 I SSC_DAEMON: light_event_log:173, light_msg(4/11): br 30 (lux 4,idx 0) - 0,0,0
10-08 18:11:26.748  2253  3778 D LocalDisplayAdapter: surface lcd : 51(0.040), 51(0.040), main +
10-08 18:11:26.748  1792 30847 I SDM     : HWPeripheralDRM::SetPanelBrightness: Setting brightness to level 407 through sysfs node. primary(1), type_id(1)
10-08 18:11:26.748  1817  1817 I SSC_DAEMON: handleSensorTestReqMsg:88, Sensor type :4, Msg type:11
10-08 18:11:26.748  1865  1865 I SurfaceFlinger: setDisplayBrightness(4630946249045481107): displayBrightness: 0.040218, displayBrightnessNits: 63.089077, sdrWhitePointNits: 63.088749 , dimmingRatio: 0.999995
10-08 18:11:26.748  2253  3778 D LocalDisplayAdapter: surface lcd : 51(0.040), 51(0.040), main -
10-08 18:11:26.749  1817  5090 I SSC_DAEMON: light_event_log:173, light_msg(4/11): br 40 (lux 4,idx 0) - 0,0,0
10-08 18:11:26.756  1817  1817 I SSC_DAEMON: handleSensorTestReqMsg:88, Sensor type :4, Msg type:11
10-08 18:11:26.756  1792 30847 I SDM     : HWPeripheralDRM::SetPanelBrightness: Setting brightness to level 513 through sysfs node. primary(1), type_id(1)
10-08 18:11:26.756  2253  3778 D LocalDisplayAdapter: surface lcd : 62(0.049), 62(0.049), main +
10-08 18:11:26.757  1865  1865 I SurfaceFlinger: setDisplayBrightness(4630946249045481107): displayBrightness: 0.048545, displayBrightnessNits: 80.205055, sdrWhitePointNits: 80.204735 , dimmingRatio: 0.999996
10-08 18:11:26.757  2253  3778 D LocalDisplayAdapter: surface lcd : 62(0.049), 62(0.049), main -
10-08 18:11:26.757  1817  5090 I SSC_DAEMON: light_event_log:173, light_msg(4/11): br 51 (lux 4,idx 0) - 0,0,0
10-08 18:11:26.764  2253  3778 D LocalDisplayAdapter: surface lcd : 73(0.057), 73(0.057), main +
10-08 18:11:26.764  1817  1817 I SSC_DAEMON: handleSensorTestReqMsg:88, Sensor type :4, Msg type:11
10-08 18:11:26.764  1792 30847 I SDM     : HWPeripheralDRM::SetPanelBrightness: Setting brightness to level 619 through sysfs node. primary(1), type_id(1)
10-08 18:11:26.765  1865  1865 I SurfaceFlinger: setDisplayBrightness(4630946249045481107): displayBrightness: 0.056876, displayBrightnessNits: 98.313606, sdrWhitePointNits: 98.313263 , dimmingRatio: 0.999996
10-08 18:11:26.765  2253  3778 D LocalDisplayAdapter: surface lcd : 73(0.057), 73(0.057), main -
10-08 18:11:26.765  1817  5090 I SSC_DAEMON: light_event_log:173, light_msg(4/11): br 61 (lux 0,idx 0) - 0,0,0
10-08 18:11:26.772  2253  2973 D DisplayPowerController2[0]: animateScreenStateChange: target=ON, mIsEnabled=true
10-08 18:11:26.773  2253  3778 D LocalDisplayAdapter: surface lcd : 78(0.061), 78(0.061), main +
10-08 18:11:26.773  2253  2973 D DisplayPowerController2[0]: saveBrightnessInfo: brt:0.30588236 adjBrt:0.30588236 min:0.0 max:1.0 hbm:0 tp:1.0 throttler:0 isAnimating:false
10-08 18:11:26.773  1817  1817 I SSC_DAEMON: handleSensorTestReqMsg:88, Sensor type :4, Msg type:11
10-08 18:11:26.773  1792 30847 I SDM     : HWPeripheralDRM::SetPanelBrightness: Setting brightness to level 726 through sysfs node. primary(1), type_id(1)
10-08 18:11:26.773  1865  1865 I SurfaceFlinger: setDisplayBrightness(4630946249045481107): displayBrightness: 0.061176, displayBrightnessNits: 107.985001, sdrWhitePointNits: 107.985001 , dimmingRatio: 1.000000
10-08 18:11:26.773  2253  2253 D BrightnessSynchronizer: onDisplayChanged() : displayId=0
10-08 18:11:26.773  2253  3778 D LocalDisplayAdapter: surface lcd : 78(0.061), 78(0.061), main -
10-08 18:11:26.773  2253  2253 D BrightnessSynchronizer: updateScreenBrightness: displayId=0 type=2 mPreferredSettingValue=0.30588236(78) currentBrightnessInt=78 currentBrightnessIntFromFloat=78(0.30588236)
10-08 18:11:26.774  3898  3898 D SecBrightnessController: updateSlider() - BrightnessDialog resetTimer()
10-08 18:11:26.774  3898  3898 D SecBrightnessController: updateSlider() - BrightnessDialog resetTimer()
10-08 18:11:26.774  1817  5090 I SSC_DAEMON: light_event_log:173, light_msg(4/11): br 72 (lux 0,idx 0) - 0,0,0
10-08 18:11:26.782  1817  1817 I SSC_DAEMON: handleSensorTestReqMsg:88, Sensor type :4, Msg type:11
10-08 18:11:26.782  1792 30847 I SDM     : HWPeripheralDRM::SetPanelBrightness: Setting brightness to level 780 through sysfs node. primary(1), type_id(1)
10-08 18:11:26.783  1817  5090 I SSC_DAEMON: light_event_log:173, light_msg(4/11): br 78 (lux 0,idx 0) - 0,0,0
10-08 18:11:26.790  4639  4639 I EPDG -- SIM0 [SMARTCELLULAR]: onSignalStrengthsChanged: SignalStrength:{mCdma=Invalid,mGsm=Invalid,mWcdma=Invalid,mTdscdma=Invalid,mLte=CellSignalStrengthLte: rssi=-55 rsrp=-92 rsrq=-15 rssnr=11 cqiTableIndex=2147483647 cqi=2147483647 ta=2147483647 level=4 parametersUseForLevel=0,mNr=Invalid,SignalBarInfo{ lteLevel=3 },rat=14,primary=CellSignalStrengthLte}
10-08 18:11:26.791  4639 21215 I EPDG -- SIM0 [SMARTCELLULAR]: lastLteRSRP is -92 currentLteRSRP is -92 lastLteRSRQ is -14 currentLteRSRQ is -15 lastLteSNR is 11 currentLteSNR is 11
10-08 18:11:26.860  1792  2091 I SDM     : DisplayBase::CommitThread: Received idle timeout, panel: cmd, timeout: 69999 us
10-08 18:11:26.936  1733  5201 D AHAL_ModulePrimary_QTI: getVendorParameters: id count: 1
10-08 18:11:26.936  1733  5201 I PAL: ResourceManager: getActiveStream_l: 6570: no active streams found for device 3 ret -2
10-08 18:11:26.936  1733  5201 D AHAL_SecModulePrimary: onGetSECGenericParameters get temperature for g_hw_speaker_amp_temp_rcv: 0
10-08 18:11:26.937  1733  5200 D AHAL_ModulePrimary_QTI: getVendorParameters: id count: 1
10-08 18:11:26.937  1733  5200 I PAL: ResourceManager: getActiveStream_l: 6570: no active streams found for device 3 ret -2
10-08 18:11:26.937  1733  5200 D AHAL_SecModulePrimary: onGetSECGenericParameters get temperature for g_hw_speaker_amp_temp_spk: 0
10-08 18:11:26.938 21654 22226 I SDHMS:x : SIOP:: AP:283 BAT:257 USB:251 CHG:267 PA:277 WIFI:288 CF:271 BLK:0 SUBBAT:0 LRPTHM:269 SKIN:280 SKINF:275 SKINB:280 LRP:280 LRF:275 LRB:280 APT:275 APR:280 RCV:266 SPK:269 CHGF:275 CHGR:280 MEMF:274 MEMR:278 WIFIF:274 WIFIR:279 FCAM:251 UPSPK:260 DNSPK:251 VAP:268 VWIFI:269 AMB2:242 HIGH:0 AVGCUR:243 AVGSYS:266 POWER:1019
10-08 18:11:26.938 21654 22226 I AudioManager: setParameters keyValuePairs = g_hw_speaker_amp_temp_spk=27
10-08 18:11:26.939  1818  1818 D AudioFlinger: setParameters: filtered dev setParameters keyvalue g_hw_speaker_amp_temp_spk=27
10-08 18:11:26.939  1733  5201 D AHAL_HFP_QTI: hfp_set_parameters enter
10-08 18:11:26.939  1733  5201 D AHAL_HFP_QTI: hfp_set_parameters Exit
10-08 18:11:26.939  1733  5201 D AHAL_SecModulePrimary: processSetVendorParameters: configured g_hw_speaker_amp_temp_spk
10-08 18:11:26.939  1733  5201 D AHAL_SecModulePrimary: processSetVendorParameters: handler set on Feature:0
10-08 18:11:26.939  1733  5201 D AHAL_SecModulePrimary: onSetSECGenericParameters set temperature for g_hw_speaker_amp_temp_spk: 27
10-08 18:11:26.939  1733  5201 I PAL: API: pal_set_param: 1377: Enter: param id 3002
10-08 18:11:26.939  1733  5201 I PAL: ResourceManager: getActiveStream_l: 6570: no active streams found for device 3 ret -2
10-08 18:11:26.940  1818  1818 E ConversionHelperAidl: Function: parseAndSetVendorParameters Line: 94 Failed 
10-08 18:11:26.940  1818  1818 E ConversionHelperAidl: Function: parseAndSetVendorParameters Line: 94 Failed 
10-08 18:11:26.941 21654 22226 I AudioManager: setParameters keyValuePairs = g_hw_speaker_amp_temp_rcv=27
10-08 18:11:26.942  1818  1818 D AudioFlinger: setParameters: filtered dev setParameters keyvalue g_hw_speaker_amp_temp_rcv=27
10-08 18:11:26.942  1733  5201 D AHAL_HFP_QTI: hfp_set_parameters enter
10-08 18:11:26.942  1733  5201 D AHAL_HFP_QTI: hfp_set_parameters Exit
10-08 18:11:26.942  1733  5201 D AHAL_SecModulePrimary: processSetVendorParameters: configured g_hw_speaker_amp_temp_rcv
10-08 18:11:26.942  1733  5201 D AHAL_SecModulePrimary: processSetVendorParameters: handler set on Feature:0
10-08 18:11:26.942  1733  5201 D AHAL_SecModulePrimary: onSetSECGenericParameters set temperature for g_hw_speaker_amp_temp_rcv: 27
10-08 18:11:26.942  1733  5201 I PAL: API: pal_set_param: 1377: Enter: param id 3001
10-08 18:11:26.942  1733  5201 I PAL: ResourceManager: getActiveStream_l: 6570: no active streams found for device 3 ret -2
10-08 18:11:26.943  1818  1818 E ConversionHelperAidl: Function: parseAndSetVendorParameters Line: 94 Failed 
10-08 18:11:26.943  1818  1818 E ConversionHelperAidl: Function: parseAndSetVendorParameters Line: 94 Failed 
10-08 18:11:26.949  1220  1220 D io_stats: !@   8,0 r 52760832 1265229684 w 31911500 743751656 d 4774067 987483784 f 697988 2243038 iot 24531224 0 th 0 0 0 pt 0 inp 0 0 1143517.311
10-08 18:11:26.949  1220  1220 D io_stats: !@ Write_top(KB): kworker/3:1(4957) 228 f2fs_ckpt-254:6(1405) 224 kworker/u17:1(27941) 152
10-08 18:11:26.959  3898  3898 D PowerUI.Notification: showChargingNotice - There is no change charging status, so return!
10-08 18:11:26.973  2253  2973 D DisplayManagerService: handleBrightnessAnimation: started=false
10-08 18:11:26.973  2253  2973 D RefreshRateModeManager: set fix=0, brightness=78, lux=4.0, mIsWirelessCharging=false
10-08 18:11:26.973  2253  2973 D RefreshRateModeManager: setPassiveMode=false, brightness=78, lux=4.0, PassiveModeToken=false
10-08 18:11:26.973  2253  2816 D SurfaceControl: notifyHFRmode, displayToken=android.os.BinderProxy@4c8bc6f, hfrMode=REFRESH_RATE_MODE_SEAMLESS
10-08 18:11:26.973  1865  2212 I SurfaceFlinger: [4630946249045481107] HFR mode : 1
10-08 18:11:26.975  2253  2973 I RefreshRateModeManager: Schedule to change HFRmode=REFRESH_RATE_MODE_SEAMLESS, displayToken=android.os.BinderProxy@4c8bc6f  mVotesByDisplay:
10-08 18:11:26.975  2253  2973 I RefreshRateModeManager:     -1:
10-08 18:11:26.975  2253  2973 I RefreshRateModeManager:       PRIORITY_REFRESH_RATE_MODE -> CombinedVote{ mVotes=[PhysicalVote{ RefreshRateVote{  mMinRefreshRate=10.0, mMaxRefreshRate=120.0 } }, DisableRefreshRateSwitchingVote{ mDisableRefreshRateSwitching=false }] }
10-08 18:11:26.975  2253  2973 I RefreshRateModeManager:     0:
10-08 18:11:26.975  2253  2973 I RefreshRateModeManager:       PRIORITY_USER_SETTING_PEAK_RENDER_FRAME_RATE -> RenderVote{ RefreshRateVote{  mMinRefreshRate=0.0, mMaxRefreshRate=120.0 } }
10-08 18:11:26.975  2253  2973 I RefreshRateModeManager:       PRIORITY_USER_SETTING_PEAK_REFRESH_RATE -> CombinedVote{ mVotes=[PhysicalVote{ RefreshRateVote{  mMinRefreshRate=0.0, mMaxRefreshRate=120.0 } }, DisableRefreshRateSwitchingVote{ mDisableRefreshRateSwitching=false }] }
10-08 18:11:26.975  2253  2973 I RefreshRateModeManager:       PRIORITY_USER_SETTING_MIN_RENDER_FRAME_RATE -> RenderVote{ RefreshRateVote{  mMinRefreshRate=0.0, mMaxRefreshRate=Infinity } }
10-08 18:11:26.975  2253  2973 I RefreshRateModeManager:     970:
10-08 18:11:26.975  2253  2973 I RefreshRateModeManager:       PRIORITY_USER_SETTING_PEAK_RENDER_FRAME_RATE -> RenderVote{ RefreshRateVote{  mMinRefreshRate=0.0, mMaxRefreshRate=120.0 } }
10-08 18:11:26.975  2253  2973 I RefreshRateModeManager:       PRIORITY_USER_SETTING_PEAK_REFRESH_RATE -> CombinedVote{ mVotes=[PhysicalVote{ RefreshRateVote{  mMinRefreshRate=0.0, mMaxRefreshRate=120.0 } }, DisableRefreshRateSwitchingVote{ mDisableRefreshRateSwitching=false }] }
10-08 18:11:26.975  2253  2973 I RefreshRateModeManager:       PRIORITY_USER_SETTING_MIN_RENDER_FRAME_RATE -> RenderVote{ RefreshRateVote{  mMinRefreshRate=0.0, mMaxRefreshRate=Infinity } }
10-08 18:11:26.975  2253  2973 I RefreshRateModeManager: 
10-08 18:11:26.975  2253  2973 I RefreshRateModeManager:  mModeSwitchingType: SWITCHING_TYPE_WITHIN_GROUPS mAlwaysRespectAppRequest: false
10-08 18:11:26.975  2253  2973 I RefreshRateModeManager:  Current Mode mReportedRefreshRateMode(toSurfaceFlinger)=REFRESH_RATE_MODE_SEAMLESS, mRefreshRateMode(fromSettings)=REFRESH_RATE_MODE_SEAMLESS
10-08 18:11:26.975  2253  2973 I RefreshRateModeManager:  BrightnessState mPassive=false, PassiveModeToken=false, mLfd=0, mBrightness=78, mAmbientLux=4.0, mIsWirelessCharing=false
10-08 18:11:26.975  2253  2973 I RefreshRateTokenController: Removing refreshRateToken={ RefreshRateToken[->PassiveModeToken:BrightnessAnim, acquire at 1143517080 (258 ms ago)}, caller=com.android.server.display.mode.RefreshRateToken.release:5 com.android.server.display.DisplayManagerService$$ExternalSyntheticLambda8.accept:163 com.android.server.display.DisplayPowerController$3.run:24 android.os.Handler.handleCallback:959 android.os.Handler.dispatchMessage:100 
10-08 18:11:26.981  1865  2212 I HWComposer: [4630946249045481107] ActiveConfigToHWC, ID : 0
10-08 18:11:26.982  1792 30847 I SDM     : SDMDisplay::SetActiveConfigWithConstraints: ActiveConfig: 0
10-08 18:11:26.990  1792 30847 I SDM     : SDMDisplay::FinalizeDisplayConfig: ActiveConfig changed from config 0(0) to 0(0) for display [0]-[0]
10-08 18:11:26.990  1792 30847 E SDM     : ScalarConfig::GetAIScaleSettingsInfo: AI Scaler Config for display 68 is not present
10-08 18:11:26.991  1792 30847 W SDM     : ScalarConfig::ApplyDestScaleConfig: GetAIScaleSettingsInfo returned error=1
10-08 18:11:27.024 30771 30771 I EdgeLightingService: stopService by onDismissEdgeWindow
10-08 18:11:27.024 30771 30771 D EdgeLightingScheduler: notifyEdgeLightingPackageList :[], empty = true
10-08 18:11:27.028 30771 30771 I EdgeLightingDialog: dismissInternal 
10-08 18:11:27.029 30771 30771 I NotificationEffect:  onDetachedFromWindow Window remove Touch Insector : true, screen_on=true, aod_state=0
10-08 18:11:27.030 30771 30771 I WindowManager: WindowManagerGlobal#removeView, ty=2227, view=com.android.internal.policy.DecorView{c3d2b99 V.E...... R.....ID 0,0-1080,2340}[EdgeLightingWindow], caller=android.view.WindowManagerGlobal.removeView:626 android.view.WindowManagerImpl.removeViewImmediate:216 android.app.Dialog.dismissDialog:804 
10-08 18:11:27.030 30771 30771 W WindowOnBackDispatcher: sendCancelIfRunning: isInProgress=false callback=android.view.ViewRootImpl$$ExternalSyntheticLambda15@e179272
10-08 18:11:27.031  2253  4586 D CoreBackPreview: Window{e33141 u0 EdgeLightingWindow}: Setting back callback null
10-08 18:11:27.035 30771 30793 D HWUI    : CacheManager::trimMemory(20)
10-08 18:11:27.039 30771 30771 I VRI[EdgeLightingWindow]@aaa5e5e: dispatchDetachedFromWindow
10-08 18:11:27.040  2253  4586 D InputTransport: Input channel destroyed: 'e33141 ', fd=1131
10-08 18:11:27.040  2253  4586 W InputManager-JNI: Input channel object 'e33141 EdgeLightingWindow (client)' was disposed without first being removed with the input manager!
10-08 18:11:27.040  2253  4586 D InputTransport: Input channel destroyed: 'e33141 ', fd=1135
10-08 18:11:27.040  2253  4586 V WindowManager: Remove Window{e33141 u0 EdgeLightingWindow}: mSurfaceController=Surface(name=EdgeLightingWindow$_30771)/@0x820977e mAnimatingExit=false mRemoveOnExit=false mHasSurface=true surfaceShowing=true animating=false app-animation=false mDisplayFrozen=false callers=com.android.server.wm.Session.remove:16 android.view.IWindowSession$Stub.onTransact:794 com.android.server.wm.Session.onTransact:1 android.os.Binder.execTransactInternal:1536 android.os.Binder.execTransact:1480 <bottom of call stack> 
10-08 18:11:27.040  2253  4586 I WindowManager: Destroying surface Surface(name=EdgeLightingWindow$_30771)/@0x820977e called by com.android.server.wm.WindowStateAnimator.destroySurface:11 com.android.server.wm.WindowStateAnimator.destroySurfaceLocked:54 com.android.server.wm.WindowState.removeImmediately:43 com.android.server.wm.WindowState.removeIfPossible:638 com.android.server.wm.Session.remove:16 android.view.IWindowSession$Stub.onTransact:794 com.android.server.wm.Session.onTransact:1 android.os.Binder.execTransactInternal:1536 
10-08 18:11:27.042 30771 30771 D InputTransport: Input channel destroyed: 'e33141 ', fd=121
10-08 18:11:27.047  1865  2212 I VSyncReactor: Current= 120, Period= 120, Distance= 2
10-08 18:11:27.053 30771 30771 I ui:edgelighting: Explicit concurrent mark compact GC freed 16MB AllocSpace bytes, 49(12MB) LOS objects, 88% free, 3104KB/27MB, paused 56us,655us total 11.317ms
10-08 18:11:27.054 30771 30771 D ScoverManager: unregisterListener
10-08 18:11:27.054 30771 30793 D HWUI    : CacheManager::trimMemory(20)
10-08 18:11:27.054  2253 22023 D EdgeLightingClientManager: unbind : pkg = com.android.systemui, mHosts = 1
10-08 18:11:27.055 30771 30771 I EdgeLightingDispatcher:  mDialog showing : false
10-08 18:11:27.055 30771 30793 D HWUI    : CacheManager::trimMemory(20)
10-08 18:11:27.056  1865  2212 I VSyncReactor: Current= 120, Period= 120, Distance= 120
10-08 18:11:27.056  1865  1865 I SurfaceFlinger: [LayerHierarchy{RequestedLayerState{WindowToken{26cc31a type=2227 android.os.BinderProxy@2437dc5}#109066 z=1} 1 children}] reparent to OffscreenRoot
10-08 18:11:27.056  1865  1865 I SurfaceFlinger: [LayerHierarchy{RequestedLayerState{WindowToken{26cc31a type=2227 android.os.BinderProxy@2437dc5}#109066 z=1} 1 children}] RelativeParent to null
10-08 18:11:27.056  1865  1865 I SurfaceFlinger: [LayerHierarchy{RequestedLayerState{e33141 EdgeLightingWindow#109067} 1 children}] reparent to OffscreenRoot
10-08 18:11:27.056  1865  1865 I SurfaceFlinger: [LayerHierarchy{RequestedLayerState{e33141 EdgeLightingWindow#109067} 1 children}] RelativeParent to null
10-08 18:11:27.056  1865  1865 I SurfaceFlinger: [LayerHierarchy{RequestedLayerState{EdgeLightingWindow$_30771#109068} no children}] reparent to OffscreenRoot
10-08 18:11:27.056  1865  1865 I SurfaceFlinger: [LayerHierarchy{RequestedLayerState{EdgeLightingWindow$_30771#109068} no children}] RelativeParent to null
10-08 18:11:27.056  1865  1865 I SurfaceFlinger: id=109066 Removed WindowToken{26cc31a type=2227 android.os.BinderProxy@2437dc5}#109066 (140)
10-08 18:11:27.056  1865  1865 I SurfaceFlinger: id=109067 Removed e33141 EdgeLightingWindow#109067 (140)
10-08 18:11:27.056  1865  1865 I SurfaceFlinger: id=109068 Removed EdgeLightingWindow$_30771#109068 (140)
10-08 18:11:27.058 30771 30781 W ui:edgelighting: ApkAssets: Deleting an ApkAssets object '<empty> and /data/app/~~4xz_QI22j0LuN9ZvnrLdgQ==/com.application.motium-gixwwVhxNDLVv3C57jpxyg==/base.apk' with 1 weak references
10-08 18:11:27.058  1742  1742 I SS_POWER_HINT_SESSION: SS_ADPF 30771-10049-cb10 close
10-08 18:11:27.059  1865  1865 D SurfaceFlinger: Display 4630946249045481107 HWC layers:
10-08 18:11:27.059  1865  1865 D SurfaceFlinger:        DEVICE |   0xb4000070c3040b70 | 0001 | RGBA_8888    |    0.0    0.0 1080.0 2340.0 |    0    0 1080 2340 | com.application.motium/com.applicati[...]sentation.MainActivity$_30674#109061 (59)
10-08 18:11:27.059  1865  1865 D SurfaceFlinger:        DEVICE |   0xb4000070c3007440 | 0001 | RGBA_8888    |    0.0    0.0 1080.0   91.0 |    0    0 1080   91 | StatusBar$_3898#95 (556416)
10-08 18:11:27.059  1865  1865 D SurfaceFlinger:        DEVICE |   0xb4000070c3013a40 | 0001 | RGBA_8888    |    0.0    0.0   67.0  342.0 | 1013  438 1080  780 | com.sec.android.app.launcher/com.sam[...].app.CocktailBarService$_4850#108950 (1)
10-08 18:11:27.059  1865  1865 D SurfaceFlinger:        DEVICE |   0xb4000070c307c030 | 0001 | RGBA_8888    |    0.0    0.0 1080.0  144.0 |    0 2196 1080 2340 | NavigationBar0$_3898#91 (160660)
10-08 18:11:27.059  1865  1865 D SurfaceFlinger: 
10-08 18:11:27.059  1742  1742 I SS_POWER_HINT_SESSION: SS_ADPF 30771-10049-cb10 [1742 / 50958] request 0 - hyper uclamp_min 0
10-08 18:11:27.059  1742  1742 I SS_POWER_HINT_SESSION: SS_ADPF 30771-10049-cb10 destroy
10-08 18:11:27.060  1737  1875 I HYPER-HAL: [RequestManager.cpp]acquire(): Acquired ID : -758814041  [1742 / 50957]    HINT :      list : [TID_LOW_LATENCY / 0] [TID / 30794] [TID / 30795] [TID / 30771] [TID / 30793] 
10-08 18:11:27.060  1737  1875 I HYPER-HAL: [RequestManager.cpp]releaseLocked(): Released ID : -758814041
10-08 18:11:27.060  1737  1875 I HYPER-HAL: [RequestManager.cpp]acquire(): Acquired ID : -758761340  [1742 / 50958]    HINT :      list : [UCLAMP_MIN_BOOST / 0] [TIMEOUT / 0] [TID / 30794] [TID / 30795] [TID / 30771] [TID / 30793] 
10-08 18:11:27.060  1737  1875 I HYPER-HAL: [RequestManager.cpp]releaseLocked(): Released ID : -758761340
10-08 18:11:27.062 30771 30771 I ui:edgelighting: Explicit concurrent mark compact GC freed 100KB AllocSpace bytes, 0(0B) LOS objects, 88% free, 3100KB/27MB, paused 60us,650us total 7.046ms
10-08 18:11:27.063  2253 21942 I ActivityManager: Killing 22603:com.samsung.android.game.gos/u0a79 (adj 995): empty #33
10-08 18:11:27.064  1865  1865 I SurfaceFlinger: destroyed WindowToken{26cc31a type=2227 android.os.BinderProxy@2437dc5}#109066
10-08 18:11:27.064  1865  1865 I SurfaceFlinger: destroyed EdgeLightingWindow$_30771#109068
10-08 18:11:27.064  1865  1865 I SurfaceFlinger: destroyed e33141 EdgeLightingWindow#109067
10-08 18:11:27.064  3898  3898 D SystemUIService: SYSUI_RAM_OPTIMIZATION onTrimMemory=20
10-08 18:11:27.064  3898  3898 D CentralSurfaces: SYSUI_RAM_OPTIMIZATION onTrimMemory=20
10-08 18:11:27.064  3898  4559 D HWUI    : CacheManager::trimMemory(20)
10-08 18:11:27.064 30771 30771 D SystemUIService: SYSUI_RAM_OPTIMIZATION onTrimMemory=40
10-08 18:11:27.064  1865  1865 I Layer   : id=109066 Destroyed WindowToken{26cc31a type=2227 android.os.BinderProxy@2437dc5}#109066
10-08 18:11:27.064  1865  1865 I Layer   : id=109067 Destroyed e33141 EdgeLightingWindow#109067
10-08 18:11:27.064  1865  1865 I Layer   : id=109068 Destroyed EdgeLightingWindow$_30771#109068
10-08 18:11:27.064 30771 30793 D HWUI    : CacheManager::trimMemory(40)
10-08 18:11:27.065  1792 30847 E SDM     : ScalarConfig::GetAIScaleSettingsInfo: AI Scaler Config for display 68 is not present
10-08 18:11:27.065  1792 30847 W SDM     : ScalarConfig::ApplyDestScaleConfig: GetAIScaleSettingsInfo returned error=1
10-08 18:11:27.076  2253  2846 I libprocessgroup: Removed cgroup /sys/fs/cgroup/uid_10079/pid_22603
10-08 18:11:27.077  1627  1627 I Zygote  : Process 22603 exited due to signal 9 (Killed)
10-08 18:11:27.077  2253  2814 W IPCThreadState: Sending oneway calls to frozen process.
10-08 18:11:27.078  2253  2814 D DisplayManagerService: Drop pending events for gone uid 10079
10-08 18:11:27.136  1792  2091 I SDM     : DisplayBase::CommitThread: Received idle timeout, panel: cmd, timeout: 70000 us
10-08 18:11:27.612  1726 21135 I sensors-hal: handle_sns_std_sensor_event:132, [SSC_LIGHT] A: 6(6),c:276,b:78,m:0,cl:53,l:4,s:6,l0:92582,l1:19282,s0:51,s1:12,acl:3,opr:0.81,f(r):95,u(bl):98,if:64,wi:3,si:4,64(N:0)
10-08 18:11:27.739  1717  5718 I vendor.qti.bluetooth@1.0-ibs_handler: ProcessIbsCmd: Received IBS_WAKE_IND: 0xFD
10-08 18:11:27.739  1717  5718 D vendor.qti.bluetooth@1.0-ibs_handler: SerialClockVote: vote for UART CLK ON
10-08 18:11:27.739  1717  5718 D vendor.qti.bluetooth@1.0-wake_lock: Acquire wakelock is acquired 
10-08 18:11:27.739  1717  5718 I vendor.qti.bluetooth@1.0-ibs_handler: ProcessIbsCmd: Writing IBS_WAKE_ACK
10-08 18:11:27.748  4184  5737 I BtGatt.ScanHelper: onScanResult to scannerId: 5- eventType=0x1b, addressType=0, address=XX:XX:XX:XX:F3:73, primaryPhy=1, secondaryPhy=0, advertisingSid=0xff, txPower=127, rssi=-60, periodicAdvInt=0x0
10-08 18:11:27.788  1717  5718 I vendor.qti.bluetooth@1.0-ibs_handler: ProcessIbsCmd: Received IBS_SLEEP_IND: 0xFE
10-08 18:11:27.788  1717  5718 D vendor.qti.bluetooth@1.0-ibs_handler: SerialClockVote: vote for UART CLK OFF
10-08 18:11:27.829  1717  5718 I vendor.qti.bluetooth@1.0-ibs_handler: ProcessIbsCmd: Received IBS_WAKE_IND: 0xFD
10-08 18:11:27.829  1717  5718 D vendor.qti.bluetooth@1.0-ibs_handler: SerialClockVote: vote for UART CLK ON
10-08 18:11:27.829  1717  5718 I vendor.qti.bluetooth@1.0-ibs_handler: ProcessIbsCmd: Writing IBS_WAKE_ACK
10-08 18:11:27.834  4184  5737 I BtGatt.ScanHelper: onScanResult to scannerId: 3- eventType=0x1b, addressType=0, address=XX:XX:XX:XX:F3:73, primaryPhy=1, secondaryPhy=0, advertisingSid=0xff, txPower=127, rssi=-60, periodicAdvInt=0x0
10-08 18:11:27.834  4184  5737 I BtGatt.ScanHelper: onScanResult to scannerId: 10- eventType=0x1b, addressType=0, address=XX:XX:XX:XX:F3:73, primaryPhy=1, secondaryPhy=0, advertisingSid=0xff, txPower=127, rssi=-60, periodicAdvInt=0x0
10-08 18:11:27.834 28654 28722 I BCMGR[11.2.01.27]: BeaconMainController] onReceive - [1 : ST packet!][2 : ST packet!][3 : ST packet!][4 : bad rssi][5 : ST packet!][6 : ST packet!][7 : bad rssi][8 : ST packet!][9 : ST packet!][10 : ST packet!]
10-08 18:11:27.835  9787  9887 I [+0200]oneconnect[1.8.37.23_01][CORE]: DataConvert.parseBleVd - deviceBle : |name:($)-4(19)|deviceType:TV|discoverType:_BLE|services:_TvSoundToMobile|connected:false[TvStatusString]POWER_ON[TvStatus]1[TvService]103[TvMirrorChannel]1[TvRegisteredDB][2, -3, 0, 0, 0, 0][TvYear]2016[TvOcfInfo]0[TvAcmStatus]0[ExTvStatus]0[ExtendedStatus]-1[ModuloSn]-1
10-08 18:11:27.836  2253  4614 D WifiDisplayAdapter: getWifiDisplayStatusLocked: result=WifiDisplayStatus{featureState=2, scanState=0, activeDisplayState=0, activeDisplay=null, displays=[], sessionInfo=WifiDisplaySessionInfo:
10-08 18:11:27.836  2253  4614 D WifiDisplayAdapter:     Client/Owner: Client
10-08 18:11:27.836  2253  4614 D WifiDisplayAdapter:     GroupId: 
10-08 18:11:27.836  2253  4614 D WifiDisplayAdapter:     Passphrase: 
10-08 18:11:27.836  2253  4614 D WifiDisplayAdapter:     SessionId: 0
10-08 18:11:27.836  2253  4614 D WifiDisplayAdapter:     IP Address: }
10-08 18:11:27.837  2253  4614 D WifiDisplayAdapter: getWifiDisplayStatusLocked: result=WifiDisplayStatus{featureState=2, scanState=0, activeDisplayState=0, activeDisplay=null, displays=[], sessionInfo=WifiDisplaySessionInfo:
10-08 18:11:27.837  2253  4614 D WifiDisplayAdapter:     Client/Owner: Client
10-08 18:11:27.837  2253  4614 D WifiDisplayAdapter:     GroupId: 
10-08 18:11:27.837  2253  4614 D WifiDisplayAdapter:     Passphrase: 
10-08 18:11:27.837  2253  4614 D WifiDisplayAdapter:     SessionId: 0
10-08 18:11:27.837  2253  4614 D WifiDisplayAdapter:     IP Address: }
10-08 18:11:27.837  2253  4614 D WifiDisplayAdapter: getWifiDisplayStatusLocked: result=WifiDisplayStatus{featureState=2, scanState=0, activeDisplayState=0, activeDisplay=null, displays=[], sessionInfo=WifiDisplaySessionInfo:
10-08 18:11:27.837  2253  4614 D WifiDisplayAdapter:     Client/Owner: Client
10-08 18:11:27.837  2253  4614 D WifiDisplayAdapter:     GroupId: 
10-08 18:11:27.837  2253  4614 D WifiDisplayAdapter:     Passphrase: 
10-08 18:11:27.837  2253  4614 D WifiDisplayAdapter:     SessionId: 0
10-08 18:11:27.837  2253  4614 D WifiDisplayAdapter:     IP Address: }
10-08 18:11:27.837  2253 22023 D WifiDisplayAdapter: getWifiDisplayStatusLocked: result=WifiDisplayStatus{featureState=2, scanState=0, activeDisplayState=0, activeDisplay=null, displays=[], sessionInfo=WifiDisplaySessionInfo:
10-08 18:11:27.837  2253 22023 D WifiDisplayAdapter:     Client/Owner: Client
10-08 18:11:27.837  2253 22023 D WifiDisplayAdapter:     GroupId: 
10-08 18:11:27.837  2253 22023 D WifiDisplayAdapter:     Passphrase: 
10-08 18:11:27.837  2253 22023 D WifiDisplayAdapter:     SessionId: 0
10-08 18:11:27.837  2253 22023 D WifiDisplayAdapter:     IP Address: }
10-08 18:11:27.838 21872 21899 I [+0200]oneconnect[1.8.37.23_01][BEACON_MANAGER_CONTROL_SERVICE]: TvOcfParser.onReceive - TV Popup Onboarding is skipped - ($)
10-08 18:11:27.860  2253  5245 I NSLocationMonitor: getGPSUsingApps() called
10-08 18:11:27.861  5246 20660 I NSLocationManager_FLP: getGPSUsingApps, No change
10-08 18:11:27.867  2253  5245 D FreecessController: com.samsung.android.game.gamehome(state: Initial -> Frozen, Reason: Binder(1)-android.service.notification.INotificatio)
10-08 18:11:27.871  1717  5718 I vendor.qti.bluetooth@1.0-ibs_handler: ProcessIbsCmd: Received IBS_SLEEP_IND: 0xFE
10-08 18:11:27.871  1717  5718 D vendor.qti.bluetooth@1.0-ibs_handler: SerialClockVote: vote for UART CLK OFF
10-08 18:11:27.874  2253  5245 D FreecessController: FZ : com.samsung.android.game.gamehome(10334) [22972] reason: Bg
10-08 18:11:27.874  2253  5245 W LocationManagerService: onFreezeStateChanged, uid[10334]=true
10-08 18:11:27.874  2253  5245 I PowerManagerService: [PWL] SetWakeLockEnableDisable uid = 10334 , disable= true
10-08 18:11:27.874  2253  5245 I PowerManagerService: [PWL] can not change uid =  10334
10-08 18:11:27.901  1717  5718 I vendor.qti.bluetooth@1.0-ibs_handler: ProcessIbsCmd: Received IBS_WAKE_IND: 0xFD
10-08 18:11:27.902  1717  5718 D vendor.qti.bluetooth@1.0-ibs_handler: SerialClockVote: vote for UART CLK ON
10-08 18:11:27.902  1717  5718 I vendor.qti.bluetooth@1.0-ibs_handler: ProcessIbsCmd: Writing IBS_WAKE_ACK
10-08 18:11:27.907  4184  5737 I BtGatt.ScanHelper: onScanResult to scannerId: 5- eventType=0x1b, addressType=0, address=XX:XX:XX:XX:F3:73, primaryPhy=1, secondaryPhy=0, advertisingSid=0xff, txPower=127, rssi=-60, periodicAdvInt=0x0
10-08 18:11:27.932  2253  6355 D SemWifiUsabilityStatsMonitor: onWifiUsabilityStats - seqNum 91271, isSameBssidAndFreq true
10-08 18:11:27.933  4639  4639 I EPDG -- SIM0 [SMARTWIFI]: isProfiling, hash=207440571, started=true
10-08 18:11:27.933  4639  4639 W Settings: Setting wifi_on has moved from android.provider.Settings.System to android.provider.Settings.Secure, returning read-only value.
10-08 18:11:27.933  4639  4639 W Settings: Setting wifi_on has moved from android.provider.Settings.Secure to android.provider.Settings.Global.
10-08 18:11:27.933  4639  4639 I EPDG -- SIM0 [SMARTWIFI]: isProfiling, hash=207440571, started=true
10-08 18:11:27.934  4639  4639 I EPDG -- SIM0 [SMARTWIFI]: Rssi : -40 highrange : -65 lowrange : -72 mIsRssiInHystersis : false
10-08 18:11:27.934  4639  4639 I EPDG -- SIM0 [SMARTWIFI]: Rssi : -40 highrange : -65 lowrange : -72 mIsRssiInHystersis : false
10-08 18:11:27.934  4639  4639 I EPDG -- SIM0 [SMARTWIFI]: getHandoverThresholdMet: value is: false
10-08 18:11:27.935  2253  3711 D SGM:GameManager: identifyGamePackage. com.application.motium, mCurrentUserId: 0, callerUserId: 0, callingMethodInfo: com.samsung.android.game.SemGameManager.isGamePackage(SemGameManager.java:105)
10-08 18:11:27.935  2253  3711 D SGM:SemGameManager: isGamePackage(), pkgName=com.application.motium, ret=false
10-08 18:11:27.940  1865  2213 I VSyncReactor: Current= 120, Period= 120, Distance= 1
10-08 18:11:27.942  1717  5718 I vendor.qti.bluetooth@1.0-ibs_handler: ProcessIbsCmd: Received IBS_SLEEP_IND: 0xFE
10-08 18:11:27.943  1717  5718 D vendor.qti.bluetooth@1.0-ibs_handler: SerialClockVote: vote for UART CLK OFF
10-08 18:11:27.947  1865  2213 I VSyncReactor: Current= 120, Period= 120, Distance= 120
10-08 18:11:27.947  1865  1865 I SurfaceFlinger: SFWD update time=1143518310291801
10-08 18:11:27.949  1792 30847 E SDM     : ScalarConfig::GetAIScaleSettingsInfo: AI Scaler Config for display 68 is not present
10-08 18:11:27.949  1792 30847 W SDM     : ScalarConfig::ApplyDestScaleConfig: GetAIScaleSettingsInfo returned error=1
10-08 18:11:28.020  1792  2091 I SDM     : DisplayBase::CommitThread: Received idle timeout, panel: cmd, timeout: 70000 us
10-08 18:11:28.093  1717  4825 D vendor.qti.bluetooth@1.0-wake_lock: Release wakelock is released 
10-08 18:11:28.546  1737 30774 I HYPER-HAL: [RequestManager.cpp]releaseLocked(): Released ID : 4106545
10-08 18:11:28.704  2253 27492 I AfterimageCompensationService: AfcThread mLuminance : 17 , AfpcPeriodCount : 2518 , rotation : 0 , AOD : false
10-08 18:11:28.704  1791  1886 I SnapAlloc: Using graphics libs for alignment calculations
10-08 18:11:28.707  1865  2092 D RenderEngine: [SEC_SF_EFFECTS] drawLayersInternal,1299, Rendering layer  at index 0
10-08 18:11:28.707  1865  2092 D RenderEngine: [SEC_SF_EFFECTS] drawLayersInternal,1299, Rendering layer com.application.motium/com.application.motium.presentation.MainActivity$_30674#109061 at index 1
10-08 18:11:28.708  1865  2092 D RenderEngine: [SEC_SF_EFFECTS] drawLayersInternal,1299, Rendering layer StatusBar$_3898#95 at index 2
10-08 18:11:28.708  1865  2092 D RenderEngine: [SEC_SF_EFFECTS] drawLayersInternal,1299, Rendering layer com.sec.android.app.launcher/com.samsung.app.honeyspace.edge.edgepanel.app.CocktailBarService$_4850#108950 at index 3
10-08 18:11:28.708  1865  2092 D RenderEngine: [SEC_SF_EFFECTS] drawLayersInternal,1299, Rendering layer NavigationBar0$_3898#91 at index 4
10-08 18:11:28.711  4639  4639 I EPDG -- SIM0 [SMARTCELLULAR]: onSignalStrengthsChanged: SignalStrength:{mCdma=Invalid,mGsm=Invalid,mWcdma=Invalid,mTdscdma=Invalid,mLte=CellSignalStrengthLte: rssi=-63 rsrp=-92 rsrq=-15 rssnr=11 cqiTableIndex=2147483647 cqi=2147483647 ta=2147483647 level=4 parametersUseForLevel=0,mNr=Invalid,SignalBarInfo{ lteLevel=3 },rat=14,primary=CellSignalStrengthLte}
10-08 18:11:28.712  4639 21215 I EPDG -- SIM0 [SMARTCELLULAR]: lastLteRSRP is -92 currentLteRSRP is -92 lastLteRSRQ is -15 currentLteRSRQ is -15 lastLteSNR is 11 currentLteSNR is 11
10-08 18:11:28.722  2253 27492 D system_server: mAFPC_Read - w = 1080, h = 2340, s = 8, f = 4, s_size = 10183680, luminance = 17, count = 2518, captureOrientation = 0
10-08 18:11:28.891  1726  6222 I sensors-hal: handle_sns_std_sensor_event:90, light_cct: ts = 1490812331079400 ns; value = [4, 4, 194, 208, 2, 78, 0, 3, 9267, 0]
10-08 18:11:28.950  1220  1220 D io_stats: !@   8,0 r 52760832 1265229684 w 31911528 743751772 d 4774067 987483784 f 697989 2243042 iot 24531232 0 th 0 0 0 pt 0 inp 0 0 1143519.312
10-08 18:11:29.611  1717  5718 I vendor.qti.bluetooth@1.0-ibs_handler: ProcessIbsCmd: Received IBS_WAKE_IND: 0xFD
10-08 18:11:29.611  1717  5718 D vendor.qti.bluetooth@1.0-ibs_handler: SerialClockVote: vote for UART CLK ON
10-08 18:11:29.611  1717  5718 D vendor.qti.bluetooth@1.0-wake_lock: Acquire wakelock is acquired 
10-08 18:11:29.611  1717  5718 I vendor.qti.bluetooth@1.0-ibs_handler: ProcessIbsCmd: Writing IBS_WAKE_ACK
10-08 18:11:29.619  4184  5737 I BtGatt.ScanHelper: onScanResult to scannerId: 3- eventType=0x1b, addressType=0, address=XX:XX:XX:XX:F3:73, primaryPhy=1, secondaryPhy=0, advertisingSid=0xff, txPower=127, rssi=-60, periodicAdvInt=0x0
10-08 18:11:29.620  4184  5737 I BtGatt.ScanHelper: onScanResult to scannerId: 10- eventType=0x1b, addressType=0, address=XX:XX:XX:XX:F3:73, primaryPhy=1, secondaryPhy=0, advertisingSid=0xff, txPower=127, rssi=-60, periodicAdvInt=0x0
10-08 18:11:29.621  9787  9887 I [+0200]oneconnect[1.8.37.23_01][CORE]: DataConvert.parseBleVd - deviceBle : |name:($)-4(19)|deviceType:UNKNOWN|discoverType:_BLE|services:None|connected:false[Type]6[Index]5[MNID]0AJK[SETUPID]401[TvStatusString]EXTENSION[TvStatus]32[TvService]103[TvMirrorChannel]0[TvRegisteredDB]null[TvYear]2024[TvOcfInfo]15[TvAcmStatus]0[ExTvStatus]2[ExtendedStatus]4[ModuloSn]109
10-08 18:11:29.622 21872 21899 I [+0200]oneconnect[1.8.37.23_01][BEACON_MANAGER_CONTROL_SERVICE]: TvOcfParser.onReceive - TV Popup Onboarding is skipped - ($)
10-08 18:11:29.643  4184  5737 I BtGatt.ScanHelper: onScanResult to scannerId: 5- eventType=0x1b, addressType=0, address=XX:XX:XX:XX:F3:73, primaryPhy=1, secondaryPhy=0, advertisingSid=0xff, txPower=127, rssi=-59, periodicAdvInt=0x0
10-08 18:11:29.682  1717  5718 I vendor.qti.bluetooth@1.0-ibs_handler: ProcessIbsCmd: Received IBS_SLEEP_IND: 0xFE
10-08 18:11:29.682  1717  5718 D vendor.qti.bluetooth@1.0-ibs_handler: SerialClockVote: vote for UART CLK OFF
10-08 18:11:29.705  1717  5718 I vendor.qti.bluetooth@1.0-ibs_handler: ProcessIbsCmd: Received IBS_WAKE_IND: 0xFD
10-08 18:11:29.705  1717  5718 D vendor.qti.bluetooth@1.0-ibs_handler: SerialClockVote: vote for UART CLK ON
10-08 18:11:29.705  1717  5718 I vendor.qti.bluetooth@1.0-ibs_handler: ProcessIbsCmd: Writing IBS_WAKE_ACK
10-08 18:11:29.708  4184  5737 I BtGatt.ScanHelper: onScanResult to scannerId: 5- eventType=0x1b, addressType=0, address=XX:XX:XX:XX:F3:73, primaryPhy=1, secondaryPhy=0, advertisingSid=0xff, txPower=127, rssi=-61, periodicAdvInt=0x0
10-08 18:11:29.710  2253  3627 D UsbStatsMonitor: 0 0 0 0 0 0 0 0 0 0 0 0 2 0 0 0 0 0 0 0 0 0 0 0 0 0 0 0 0 0 0 0 0 0 0 0 0 0 0 0 0 0 0 0 0 0 0 0 0 0 0 0 0 0 0 0 0 223338299396
10-08 18:11:29.747  1717  5718 I vendor.qti.bluetooth@1.0-ibs_handler: ProcessIbsCmd: Received IBS_SLEEP_IND: 0xFE
10-08 18:11:29.747  1717  5718 D vendor.qti.bluetooth@1.0-ibs_handler: SerialClockVote: vote for UART CLK OFF
10-08 18:11:29.898  1717  4825 D vendor.qti.bluetooth@1.0-wake_lock: Release wakelock is released 
10-08 18:11:30.346  2286  2286 I CNSS    : /sys/wifi/max_chipset_log_size doesn't exist
10-08 18:11:30.347 21654 21654 I SDHMS:LOAD: type: LoadsFreqs, value: 0:0:1:1017600:1017600:1017600:1113599:3532800:556800:367:443:222
10-08 18:11:30.356  4639  4639 I EPDG -- SIM0 [SMARTCELLULAR]: onSignalStrengthsChanged: SignalStrength:{mCdma=Invalid,mGsm=Invalid,mWcdma=Invalid,mTdscdma=Invalid,mLte=CellSignalStrengthLte: rssi=-55 rsrp=-92 rsrq=-15 rssnr=11 cqiTableIndex=2147483647 cqi=2147483647 ta=2147483647 level=4 parametersUseForLevel=0,mNr=Invalid,SignalBarInfo{ lteLevel=3 },rat=14,primary=CellSignalStrengthLte}
10-08 18:11:30.357  4639 21215 I EPDG -- SIM0 [SMARTCELLULAR]: lastLteRSRP is -92 currentLteRSRP is -92 lastLteRSRQ is -15 currentLteRSRQ is -15 lastLteSNR is 11 currentLteSNR is 11
10-08 18:11:30.947  2253  6355 D SemWifiUsabilityStatsMonitor: onWifiUsabilityStats - seqNum 91272, isSameBssidAndFreq true
10-08 18:11:30.947  4639  4639 I EPDG -- SIM0 [SMARTWIFI]: isProfiling, hash=207440571, started=true
10-08 18:11:30.947  4639  4639 W Settings: Setting wifi_on has moved from android.provider.Settings.System to android.provider.Settings.Secure, returning read-only value.
10-08 18:11:30.947  4639  4639 W Settings: Setting wifi_on has moved from android.provider.Settings.Secure to android.provider.Settings.Global.
10-08 18:11:30.948  4639  4639 I EPDG -- SIM0 [SMARTWIFI]: isProfiling, hash=207440571, started=true
10-08 18:11:30.948  4639  4639 I EPDG -- SIM0 [SMARTWIFI]: Rssi : -39 highrange : -65 lowrange : -72 mIsRssiInHystersis : false
10-08 18:11:30.948  4639  4639 I EPDG -- SIM0 [SMARTWIFI]: Rssi : -39 highrange : -65 lowrange : -72 mIsRssiInHystersis : false
10-08 18:11:30.948  4639  4639 I EPDG -- SIM0 [SMARTWIFI]: getHandoverThresholdMet: value is: false
10-08 18:11:30.949  2253  3711 D SGM:GameManager: identifyGamePackage. com.application.motium, mCurrentUserId: 0, callerUserId: 0, callingMethodInfo: com.samsung.android.game.SemGameManager.isGamePackage(SemGameManager.java:105)
10-08 18:11:30.949  2253  3711 D SGM:SemGameManager: isGamePackage(), pkgName=com.application.motium, ret=false
10-08 18:11:30.950  1220  1220 D io_stats: !@   8,0 r 52760832 1265229684 w 31911534 743752132 d 4774067 987483784 f 697989 2243042 iot 24531240 0 th 0 0 0 pt 0 inp 0 0 1143521.313
10-08 18:11:30.950  1220  1220 D io_stats: !@ Write_top(KB): kworker/u17:3(23103) 360 kworker/4:1(23546) 52 f2fs_ckpt-254:6(1405) 40
10-08 18:11:31.362  2253  4614 E BatteryStatsService: Invalid uid for waking network packet: -1
10-08 18:11:31.451  1726  6222 I sensors-hal: handle_sns_std_sensor_event:90, light_cct: ts = 1490814891079400 ns; value = [4, 4, 194, 208, 4, 78, 0, 3, 9258, 0]
10-08 18:11:31.855  1717  5718 I vendor.qti.bluetooth@1.0-ibs_handler: ProcessIbsCmd: Received IBS_WAKE_IND: 0xFD
10-08 18:11:31.855  1717  5718 D vendor.qti.bluetooth@1.0-ibs_handler: SerialClockVote: vote for UART CLK ON
10-08 18:11:31.856  1717  5718 D vendor.qti.bluetooth@1.0-wake_lock: Acquire wakelock is acquired 
10-08 18:11:31.856  1717  5718 I vendor.qti.bluetooth@1.0-ibs_handler: ProcessIbsCmd: Writing IBS_WAKE_ACK
10-08 18:11:31.864  4184  5737 I BtGatt.ScanHelper: onScanResult to scannerId: 5- eventType=0x1b, addressType=0, address=XX:XX:XX:XX:F3:73, primaryPhy=1, secondaryPhy=0, advertisingSid=0xff, txPower=127, rssi=-61, periodicAdvInt=0x0
10-08 18:11:31.905  1717  5718 I vendor.qti.bluetooth@1.0-ibs_handler: ProcessIbsCmd: Received IBS_SLEEP_IND: 0xFE
10-08 18:11:31.905  1717  5718 D vendor.qti.bluetooth@1.0-ibs_handler: SerialClockVote: vote for UART CLK OFF
10-08 18:11:32.056  1717  4825 D vendor.qti.bluetooth@1.0-wake_lock: Release wakelock is released 
10-08 18:11:32.109  1803  1803 I seh_thermal_service: getTemperaturesWithType SehTemperatureType: 3
10-08 18:11:32.109  1801  1882 E BatteryDump: !@new_battery_dump : 4195,372,475,550,76,258,251,268,258,0,280,264,0,Charging,NO_CHARGING,Normal,Good,USB,1,Normal,0,0,9300,0x0,0x10000,0x0,0,0,261,v0002,0000,0000,00000000,0,0,0,0,68,4170,7535,990,0,
10-08 18:11:32.109  1801  1801 I sehhealth-service: updateLrpSysfs: write: 280
10-08 18:11:32.553  2253  3725 D WifiConnectivityMonitor.NetworkStatsAnalyzer: Backhaul result - RSSI:-39, CE:6, PE:6, TI:16, PTI:16, TW:0, PTW:0, Tx:1, Rx:4, TxS:0, RxS:0, RESULT:true, IC:0, ICT:5, WC:0, WCT:5, R:0, RC:0, IE:0, EC:0
