10-08 18:11:44.635  2253  5292 D WifiProfileShare.McfCast: updateQoSData ignored, same contents
10-08 18:11:44.635  2253  5292 D WifiProfileShare.MCF: success update QosData !
10-08 18:11:44.635  2253  5292 I [MCFSDK_android_1.2.27006]_4_McfCasterImpl: isNetworkEnabled - type : 1 ret : true
10-08 18:11:44.635  2253  5292 D WifiProfileShare.McfCast: -ME--- mIsNetworkEnabled :true
10-08 18:11:44.635  2253  5292 D WifiProfileShare.McfCast: -ME--- updatePasswordDate pwdData size:2
10-08 18:11:44.694  1717  5718 I vendor.qti.bluetooth@1.0-ibs_handler: ProcessIbsCmd: Received IBS_WAKE_IND: 0xFD
10-08 18:11:44.694  1717  5718 D vendor.qti.bluetooth@1.0-ibs_handler: SerialClockVote: vote for UART CLK ON
10-08 18:11:44.694  1717  5718 D vendor.qti.bluetooth@1.0-wake_lock: Acquire wakelock is acquired 
10-08 18:11:44.694  1717  5718 I vendor.qti.bluetooth@1.0-ibs_handler: ProcessIbsCmd: Writing IBS_WAKE_ACK
10-08 18:11:44.699  4639  4639 I EPDG -- SIM0 [SMARTCELLULAR]: onSignalStrengthsChanged: SignalStrength:{mCdma=Invalid,mGsm=Invalid,mWcdma=Invalid,mTdscdma=Invalid,mLte=CellSignalStrengthLte: rssi=-53 rsrp=-93 rsrq=-13 rssnr=10 cqiTableIndex=2147483647 cqi=2147483647 ta=2147483647 level=4 parametersUseForLevel=0,mNr=Invalid,SignalBarInfo{ lteLevel=3 },rat=14,primary=CellSignalStrengthLte}
10-08 18:11:44.699  4639 21215 I EPDG -- SIM0 [SMARTCELLULAR]: lastLteRSRP is -93 currentLteRSRP is -93 lastLteRSRQ is -13 currentLteRSRQ is -13 lastLteSNR is 10 currentLteSNR is 10
10-08 18:11:44.702  4184  5737 I BtGatt.ScanHelper: onScanResult to scannerId: 5- eventType=0x1b, addressType=0, address=XX:XX:XX:XX:F3:73, primaryPhy=1, secondaryPhy=0, advertisingSid=0xff, txPower=127, rssi=-59, periodicAdvInt=0x0
10-08 18:11:44.742  1717  5718 I vendor.qti.bluetooth@1.0-ibs_handler: ProcessIbsCmd: Received IBS_SLEEP_IND: 0xFE
10-08 18:11:44.742  1717  5718 D vendor.qti.bluetooth@1.0-ibs_handler: SerialClockVote: vote for UART CLK OFF
10-08 18:11:44.758  1717  5718 I vendor.qti.bluetooth@1.0-ibs_handler: ProcessIbsCmd: Received IBS_WAKE_IND: 0xFD
10-08 18:11:44.758  1717  5718 D vendor.qti.bluetooth@1.0-ibs_handler: SerialClockVote: vote for UART CLK ON
10-08 18:11:44.758  1717  5718 I vendor.qti.bluetooth@1.0-ibs_handler: ProcessIbsCmd: Writing IBS_WAKE_ACK
10-08 18:11:44.760  4184  5737 I BtGatt.ScanHelper: onScanResult to scannerId: 5- eventType=0x1b, addressType=0, address=XX:XX:XX:XX:F3:73, primaryPhy=1, secondaryPhy=0, advertisingSid=0xff, txPower=127, rssi=-59, periodicAdvInt=0x0
10-08 18:11:44.799  1717  5718 I vendor.qti.bluetooth@1.0-ibs_handler: ProcessIbsCmd: Received IBS_SLEEP_IND: 0xFE
10-08 18:11:44.799  1717  5718 D vendor.qti.bluetooth@1.0-ibs_handler: SerialClockVote: vote for UART CLK OFF
10-08 18:11:44.864  1717  5718 I vendor.qti.bluetooth@1.0-ibs_handler: ProcessIbsCmd: Received IBS_WAKE_IND: 0xFD
10-08 18:11:44.864  1717  5718 D vendor.qti.bluetooth@1.0-ibs_handler: SerialClockVote: vote for UART CLK ON
10-08 18:11:44.864  1717  5718 I vendor.qti.bluetooth@1.0-ibs_handler: ProcessIbsCmd: Writing IBS_WAKE_ACK
10-08 18:11:44.867  4184  5737 I BtGatt.ScanHelper: onScanResult to scannerId: 5- eventType=0x1b, addressType=0, address=XX:XX:XX:XX:F3:73, primaryPhy=1, secondaryPhy=0, advertisingSid=0xff, txPower=127, rssi=-59, periodicAdvInt=0x0
10-08 18:11:44.906  1717  5718 I vendor.qti.bluetooth@1.0-ibs_handler: ProcessIbsCmd: Received IBS_SLEEP_IND: 0xFE
10-08 18:11:44.906  1717  5718 D vendor.qti.bluetooth@1.0-ibs_handler: SerialClockVote: vote for UART CLK OFF
10-08 18:11:44.942 16813 16813 I wpa_supplicant: Heartbeat 3954
10-08 18:11:45.056  1717  4825 D vendor.qti.bluetooth@1.0-wake_lock: Release wakelock is released 
10-08 18:11:45.072 21654 21749 I SDHMS:N0: p2p-if:: false, , 
10-08 18:11:46.095  2253  3541 W WifiNetworkFactory: Connected to unknown network * ID: 0 SSID: "Bbox-PTW" PROVIDER-NAME: null BSSID: null FQDN: null HOME-PROVIDER-NETWORK: false PRIO: 0 HIDDEN: false PMF: false CarrierId: -1 SubscriptionId: -1 SubscriptionGroup: null Currently Connected: true User Selected: false
10-08 18:11:46.095  2253  3541 W WifiNetworkFactory:  NetworkSelectionStatus NETWORK_SELECTION_ENABLED
10-08 18:11:46.095  2253  3541 W WifiNetworkFactory:  hasEverConnected: true
10-08 18:11:46.095  2253  3541 W WifiNetworkFactory:  hasNeverDetectedCaptivePortal: true
10-08 18:11:46.095  2253  3541 W WifiNetworkFactory:  hasEverValidatedInternetAccess: true
10-08 18:11:46.095  2253  3541 W WifiNetworkFactory:  mCandidateSecurityParams: Security Parameters:
10-08 18:11:46.095  2253  3541 W WifiNetworkFactory:  Type: 2
10-08 18:11:46.095  2253  3541 W WifiNetworkFactory:  Enabled: true
10-08 18:11:46.095  2253  3541 W WifiNetworkFactory:  KeyMgmt: WPA_PSK
10-08 18:11:46.095  2253  3541 W WifiNetworkFactory:  Protocols: WPA RSN
10-08 18:11:46.095  2253  3541 W WifiNetworkFactory:  AuthAlgorithms:
10-08 18:11:46.095  2253  3541 W WifiNetworkFactory:  PairwiseCiphers: TKIP CCMP
10-08 18:11:46.095  2253  3541 W WifiNetworkFactory:  GroupCiphers: WEP40 WEP104 TKIP CCMP
10-08 18:11:46.095  2253  3541 W WifiNetworkFactory:  GroupMgmtCiphers:
10-08 18:11:46.095  2253  3541 W WifiNetworkFactory:  SuiteBCiphers:
10-08 18:11:46.095  2253  3541 W WifiNetworkFactory:  RequirePmf: false
10-08 18:11:46.095  2253  3541 W WifiNetworkFactory:  IsAddedByAutoUpgrade: false
10-08 18:11:46.095  2253  3541 W WifiNetworkFactory:  IsSaeH2eOnlyMode: false
10-08 18:11:46.095  2253  3541 W WifiNetworkFactory:  IsSaePkOnlyMode: false
10-08 18:11:46.095  2253  3541 W WifiNetworkFactory:  mLastUsedSecurityParams: Security Parameters:
10-08 18:11:46.095  2253  3541 W WifiNetworkFactory:  Type: 2
10-08 18:11:46.095  2253  3541 W WifiNetworkFactory:  Enabled: true
10-08 18:11:46.095  2253  3541 W WifiNetworkFactory:  KeyMgmt: WPA_PSK
10-08 18:11:46.095  2253  3541 W WifiNetworkFactory:  Protocols: WPA RSN
10-08 18:11:46.095  2253  3541 W WifiNetworkFactory:  AuthAlgorithms:
10-08 18:11:46.095  2253  3541 W WifiNetworkFactory:  PairwiseCiphers: TKIP CCMP
10-08 18:11:46.095  2253  3541 W WifiNetworkFactory:  GroupCiphers: WEP40 WEP104 TKIP CCMP
10-08 18:11:46.095  2253  3541 W WifiNetworkFactory:  GroupMgmtCiphers:
10-08 18:11:46.095  2253  3541 W WifiNetworkFactory:  SuiteBCiphers:
10-08 18:11:46.095  2253  3541 W WifiNetworkFactory:  RequirePmf: false
10-08 18:11:46.095  2253  3541 W WifiNetworkFactory:  IsAddedByAutoUpgrade: false
10-08 18:11:46.095  2253  3541 W WifiNetworkFactory:  IsSaeH2eOnlyMode: false
10-08 18:11:46.095  2253  3541 W WifiNetworkFactory:  IsSaePkOnlyMode: false
10-08 18:11:46.095  2253  3541 W WifiNetworkFactory:  numAssociation 56
10-08 18:11:46.095  2253  3541 W WifiNetworkFactory:  validatedInternetAccess shared trusted
10-08 18:11:46.095  2253  3541 W WifiNetworkFactory:  macRandomizationSetting: 3
10-08 18:11:46.095  2253  3541 W WifiNetworkFactory:  mRandomizedMacAddress: 1a:d3:9b:f0:ad:b2
10-08 18:11:46.095  2253  3541 W WifiNetworkFactory:  randomizedMacExpirationTimeMs: 2025-10-09T15:58:19.195
10-08 18:11:46.095  2253  3541 W WifiNetworkFactory:  randomizedMacLastModifiedTimeMs: <none>
10-08 18:11:46.095  2253  3541 W WifiNetworkFactory:  mIsSendDhcpHostnameEnabled: true
10-08 18:11:46.095  2253  3541 W WifiNetworkFactory:  deletionPriority: 0
10-08 18:11:46.095  2253  3541 W WifiNetworkFactory:  KeyMgmt: WPA_PSK Protocols: WPA RSN
10-08 18:11:46.095  2253  3541 W WifiNetworkFactory:  AuthAlgorithms:
10-08 18:11:46.095  2253  3541 W WifiNetworkFactory:  PairwiseCiphers: TKIP CCMP
10-08 18:11:46.095  2253  3541 W WifiNetworkFactory:  GroupCiphers: WEP40 WEP104 TKIP CCMP
10-08 18:11:46.095  2253  3541 W WifiNetworkFactory:  GroupMgmtCiphers:
10-08 18:11:46.095  2253  3541 W WifiNetworkFactory:  SuiteBCiphers:
10-08 18:11:46.095  2253  3541 W WifiNetworkFactory:  PSK/SAE: *
10-08 18:11:46.095  2253  3541 W WifiNetworkFactory: SecurityParams List:
10-08 18:11:46.095  2253  3541 W WifiNetworkFactory: Security Parameters:
10-08 18:11:46.095  2253  3541 W WifiNetworkFactory:  Type: 2
10-08 18:11:46.095  2253  3541 W WifiNetworkFactory:  Enabled: true
10-08 18:11:46.095  2253  3541 W WifiNetworkFactory:  KeyMgmt: WPA_PSK
10-08 18:11:46.095  2253  3541 W WifiNetworkFactory:  Protocols: WPA RSN
10-08 18:11:46.095  2253  3541 W WifiNetworkFactory:  AuthAlgorithms:
10-08 18:11:46.095  2253  3541 W WifiNetworkFactory:  PairwiseCiphers: TKIP CCMP
10-08 18:11:46.095  2253  3541 W WifiNetworkFactory:  GroupCiphers: WEP40 WEP104 TKIP CCMP
10-08 18:11:46.095  2253  3541 W WifiNetworkFactory:  GroupMgmtCiphers:
10-08 18:11:46.095  2253  3541 W WifiNetworkFactory:  SuiteBCiphers:
10-08 18:11:46.095  2253  3541 W WifiNetworkFactory:  RequirePmf: false
10-08 18:11:46.095  2253  3541 W WifiNetworkFactory:  IsAddedByAutoUpgrade: false
10-08 18:11:46.095  2253  3541 W WifiNetworkFactory:  IsSaeH2eOnlyMode: false
10-08 18:11:46.095  2253  3541 W WifiNetworkFactory:  IsSaePkOnlyMode: false
10-08 18:11:46.095  2253  3541 W WifiNetworkFactory: Security Parameters:
10-08 18:11:46.095  2253  3541 W WifiNetworkFactory:  Type: 4
10-08 18:11:46.095  2253  3541 W WifiNetworkFactory:  Enabled: true
10-08 18:11:46.095  2253  3541 W WifiNetworkFactory:  KeyMgmt: SAE
10-08 18:11:46.095  2253  3541 W WifiNetworkFactory:  Protocols: RSN
10-08 18:11:46.095  2253  3541 W WifiNetworkFactory:  AuthAlgorithms:
10-08 18:11:46.095  2253  3541 W WifiNetworkFactory:  PairwiseCiphers: CCMP GCMP_256 GCMP_128
10-08 18:11:46.095  2253  3541 W WifiNetworkFactory:  GroupCiphers: CCMP GCMP_256 GCMP_128
10-08 18:11:46.095  2253  3541 W WifiNetworkFactory:  GroupMgmtCiphers:
10-08 18:11:46.095  2253  3541 W WifiNetworkFactory:  SuiteBCiphers:
10-08 18:11:46.095  2253  3541 W WifiNetworkFactory:  RequirePmf: true
10-08 18:11:46.095  2253  3541 W WifiNetworkFactory:  IsAddedByAutoUpgrade: true
10-08 18:11:46.095  2253  3541 W WifiNetworkFactory:  IsSaeH2eOnlyMode: false
10-08 18:11:46.095  2253  3541 W WifiNetworkFactory:  IsSaePkOnlyMode: false
10-08 18:11:46.095  2253  3541 W WifiNetworkFactory: 
10-08 18:11:46.095  2253  3541 W WifiNetworkFactory: Enterprise config:
10-08 18:11:46.095  2253  3541 W WifiNetworkFactory:  ocsp: 0
10-08 18:11:46.095  2253  3541 W WifiNetworkFactory:  trust_on_first_use: false
10-08 18:11:46.095  2253  3541 W WifiNetworkFactory:  user_approve_no_ca_cert: false
10-08 18:11:46.095  2253  3541 W WifiNetworkFactory:  selected_rcoi: 0
10-08 18:11:46.095  2253  3541 W WifiNetworkFactory:  minimum_tls_version: 0
10-08 18:11:46.095  2253  3541 W WifiNetworkFactory:  enable_conservative_peer_mode: false
10-08 18:11:46.095  2253  3541 W WifiNetworkFactory:  tofu_dialog_state: 0
10-08 18:11:46.095  2253  3541 W WifiNetworkFactory:  tofu_connection_state: 0
10-08 18:11:46.095  2253  3541 W WifiNetworkFactory: IP config:
10-08 18:11:46.095  2253  3541 W WifiNetworkFactory: IP assignment: DHCP
10-08 18:11:46.095  2253  3541 W WifiNetworkFactory: Proxy settings: NONE
10-08 18:11:46.095  2253  3541 W WifiNetworkFactory:  cuid=10306 cname=com.google.android.setupwizard luid=10306 lname=com.google.android.setupwizard lcuid=10306 allowAutojoin=true noInternetAccessExpected=false mostRecentlyConnected=false 
10-08 18:11:46.095  2253  3541 W WifiNetworkFactory: lastConnected: 2025-10-08T15:58:19.200 
10-08 18:11:46.095  2253  3541 W WifiNetworkFactory: 
10-08 18:11:46.095  2253  3541 W WifiNetworkFactory: numRebootsSinceLastUse: 0
10-08 18:11:46.095  2253  3541 W WifiNetworkFactory: recentFailure: Association Rejection code: 0, last update time: 0
10-08 18:11:46.095  2253  3541 W WifiNetworkFactory: bssidAllowlist unset
10-08 18:11:46.095  2253  3541 W WifiNetworkFactory: vendorData unset
10-08 18:11:46.095  2253  3541 W WifiNetworkFactory: IsDppConfigurator: true
10-08 18:11:46.095  2253  3541 W WifiNetworkFactory: HasEncryptedPreSharedKey: false
10-08 18:11:46.095  2253  3541 W WifiNetworkFactory:  setWifi7Enabled=true:82:c4:5b:34:2b:87. Ignoring...
10-08 18:11:46.096  4639  4639 I EPDG -- SIM0 [SMARTWIFI]: isProfiling, hash=207440571, started=true
10-08 18:11:46.096  4639  4639 W Settings: Setting wifi_on has moved from android.provider.Settings.System to android.provider.Settings.Secure, returning read-only value.
10-08 18:11:46.096  4639  4639 W Settings: Setting wifi_on has moved from android.provider.Settings.Secure to android.provider.Settings.Global.
10-08 18:11:46.096  4639  4639 I EPDG -- SIM0 [SMARTWIFI]: isProfiling, hash=207440571, started=true
10-08 18:11:46.097  4639  4639 I EPDG -- SIM0 [SMARTWIFI]: Rssi : -39 highrange : -65 lowrange : -72 mIsRssiInHystersis : false
10-08 18:11:46.097  2253  6355 D SemWifiUsabilityStatsMonitor: onWifiUsabilityStats - seqNum 91277, isSameBssidAndFreq true
10-08 18:11:46.097  4639  4639 I EPDG -- SIM0 [SMARTWIFI]: Rssi : -39 highrange : -65 lowrange : -72 mIsRssiInHystersis : false
10-08 18:11:46.097  4639  4639 I EPDG -- SIM0 [SMARTWIFI]: getHandoverThresholdMet: value is: false
10-08 18:11:46.098  2253  3576 D ConnectivityService: notifyType CALLBACK_CAP_CHANGED for [285 WIFI]
10-08 18:11:46.099  2253  3711 D SGM:GameManager: identifyGamePackage. com.application.motium, mCurrentUserId: 0, callerUserId: 0, callingMethodInfo: com.samsung.android.game.SemGameManager.isGamePackage(SemGameManager.java:105)
10-08 18:11:46.099  2253  3711 D SGM:SemGameManager: isGamePackage(), pkgName=com.application.motium, ret=false
10-08 18:11:46.100  2253  3628 D SemWifiApNsd:Client: lpInterface:wlan0
10-08 18:11:46.100  2253  3628 I WifiConnectivityMonitor.NCC: sNetworkCallback(oCC) FULL : 285(valid: true/captive: false)
10-08 18:11:46.100  2253  3628 I WifiConnectivityMonitor.NCC: [ Transports: WIFI Capabilities: NOT_METERED&INTERNET&NOT_RESTRICTED&TRUSTED&NOT_VPN&VALIDATED&NOT_ROAMING&FOREGROUND&NOT_CONGESTED&NOT_SUSPENDED&NOT_VCN_MANAGED&NOT_BANDWIDTH_CONSTRAINED LinkUpBandwidth>=40830Kbps LinkDnBandwidth>=92745Kbps TransportInfo: <SSID: <unknown ssid>, BSSID: 02:00:00:**:**:00, MAC: 02:00:00:**:**:00, IP: /192.***.*.43, Security type: 2, Supplicant state: COMPLETED, Wi-Fi standard: 11ax, RSSI: -39, Link speed: 1729Mbps, Tx Link speed: 1729Mbps, Max Supported Tx Link speed: 2401Mbps, Rx Link speed: 2041Mbps, Max Supported Rx Link speed: 2401Mbps, Frequency: 5500MHz, Net ID: -1, Metered hint: false, score: 60, isUsable: true, CarrierMerged: false, SubscriptionId: -1, IsPrimary: 1, Trusted: true, Restricted: false, Ephemeral: false, OEM paid: false, OEM private: false, OSU AP: false, FQDN: <none>, Provider friendly name: <none>, Requesting package name: <none><none>MLO Information: , Is TID-To-Link negotiation supported by the AP: false, AP MLD Address: <none>, AP MLO Link Id: <none>, AP MLO Affiliated links: <none>, Vendor Data: <none>> SignalStrength: -39 AdminUids: [10306] SSID: "Bbox-PTW" UnderlyingNetworks: Null]
10-08 18:11:46.101  2253  3723 D WifiConnectivityMonitor: HANDLE_ON_CAPABILITIES_CHANGED
10-08 18:11:46.101  2253  3714 D SemApeService: Deducted link capacity (M: R=1428 T=1210) RSSI=-39
10-08 18:11:46.101  2253  3714 D SemApeService: Deducted link capacity (M: R=1428 T=1210) on (wlan0) GoogleAPI(M: R=92 T=40) RSSI=-39 isDefault=false isMlo=false
10-08 18:11:46.101  2253  3723 I WifiConnectivityMonitor: determineMode : MODE_AGG_BY_SWITCH_TO_MOBILE_DATA_OPTION
10-08 18:11:46.101  2253  3723 D OpenNetworkQos[4.00]: updateBssidNoInternet: mBssidNoInternet = false
10-08 18:11:46.101  2253  3723 D OpenNetworkQos[4.00]: getOpenNetworkQosNoInternetStatus: false
10-08 18:11:46.101  2253  3723 D OpenNetworkQos[4.00]: getOpenNetworkQosScores: 26 26 30 
10-08 18:11:46.101  2253  3723 D KNOX_MDM_SettingsProvider: isChangeAllowed() : name = wifi_wcm_qos_sharing_score_summary
10-08 18:11:46.101  2253  3723 I WifiProfileShare: network QoS data was changed (internet), updateQoSData networkType: true, qosData: false
10-08 18:11:46.101  2253  3723 D WifiConnectivityMonitor: VALIDATED_DETECTED
10-08 18:11:46.101  2253  5292 V WifiProfileShare.Caster: update wips network, size: 0
10-08 18:11:46.101  3898  4692 D WifiPickerTracker: updateWifiEntries capabilities
10-08 18:11:46.102  3898  4692 D WifiPickerTracker: update AutoHotspot Entries() : bleAccessPoints -> 0
10-08 18:11:46.102  3898  4692 D WifiPickerTracker: handleNetworkCapabilitiesChanged
10-08 18:11:46.103  2253  5292 D WifiProfileShare: nearby scanning settings run
10-08 18:11:46.103  2253  3628 D SemWifiApTrafficPriority: onCapabilitiesChanged Wifi:wlan0,mGapiValue:92.745Uplink: 40.83
10-08 18:11:46.103  2253  5292 D WifiProfileShare: network score provider settings enabled
10-08 18:11:46.103  2253  5292 D OpenNetworkQos[4.00]: getOpenNetworkQosScores: 26 26 30 
10-08 18:11:46.103  2253  5292 D OpenNetworkQos[4.00]: getOpenNetworkQosNoInternetStatus: false
10-08 18:11:46.103  2253  5292 I WifiProfileShare.Caster: current network type: 0, score: [26, 26, 30]
10-08 18:11:46.103  4246  5979 D txpwrJni: sendNetworkInfo start
10-08 18:11:46.103  4246  5979 D txpwrJni: sendNetworkInfo RatType 0
10-08 18:11:46.103  2253  5292 V WifiProfileShare.Cache: update network score a2:c4:5b:**:**:85
10-08 18:11:46.103  2253  5292 D WifiProfileShare.ScanMatcher: getMcfDataList size:2
10-08 18:11:46.103  2253  5292 I WifiProfileShare.Caster: qos data was updated , before:type:QOS, pBssid:f0:70:27, qosData:7c after:type:QOS, pBssid:f0:70:27, qosData:7c
10-08 18:11:46.105  2253  5292 I [MCFSDK_android_1.2.27006]_4_McfCasterImpl: isNetworkEnabled - type : 1 ret : true
10-08 18:11:46.105  2253  5292 D WifiProfileShare.McfCast: -ME--- mIsNetworkEnabled :true
10-08 18:11:46.105  2253  5292 D WifiProfileShare.McfCast: updateQoSData ignored, same contents
10-08 18:11:46.105  2253  5292 D WifiProfileShare.MCF: success update QosData !
10-08 18:11:46.105 21586 22915 I BugleRcsEngine: handleMessage processing message:[NOTIFY_UPTIME_IGNORE_STATE_CHANGED] with [non-null]:RcsEngineImpl reference [CONTEXT log_prefix="RcsEngineImpl[DUAL_REG]:[c1cd8f7a-3745]>Handler" thread_id=63 ]
10-08 18:11:46.106 21586 22782 I BugleRcsEngine: Connected state: [1], networkType: [WIFI] [CONTEXT thread_id=57 ]
10-08 18:11:46.107  2253  5292 I [MCFSDK_android_1.2.27006]_4_McfCasterImpl: isNetworkEnabled - type : 1 ret : true
10-08 18:11:46.107  2253  5292 D WifiProfileShare.McfCast: -ME--- mIsNetworkEnabled :true
10-08 18:11:46.107  2253  5292 D WifiProfileShare.McfCast: -ME--- updatePasswordDate pwdData size:2
10-08 18:11:46.107 24140 25155 I HBD     : h onCapabilitiesChanged network : 285 current network state : wifi 
10-08 18:11:46.108 25395 20560 I NullBinder: NullBinder for android.net.action.RECOMMEND_NETWORKS triggering remote TransactionTooLargeException due to Service without Chimera impl, calling uid: 1000, calling pid: 0
10-08 18:11:46.108 25395 20560 W .gms.persistent: Large reply transaction of 1056768 bytes, interface descriptor , code 1
10-08 18:11:46.110  1865  2078 I VSyncReactor: Current= 24, Period= 24, Distance= 0
10-08 18:11:46.152  1865  2078 I VSyncReactor: Current= 24, Period= 24, Distance= 24
10-08 18:11:46.155  1792 30847 E SDM     : ScalarConfig::GetAIScaleSettingsInfo: AI Scaler Config for display 68 is not present
10-08 18:11:46.155  1792 30847 W SDM     : ScalarConfig::ApplyDestScaleConfig: GetAIScaleSettingsInfo returned error=1
10-08 18:11:46.169 14829 26437 W mediaswcodec: AIBinder_linkToDeath is being called with a non-null cookie and no onUnlink callback set. This might not be intended. AIBinder_DeathRecipient_setOnUnlinked should be called first.
10-08 18:11:46.208 24140 24140 I HBD     : h onCapabilityChanged  setNetworkState currentNetworkState : wifi 
10-08 18:11:46.226  1792  2091 I SDM     : DisplayBase::CommitThread: Received idle timeout, panel: cmd, timeout: 70000 us
10-08 18:11:46.524  2253  2525 I system_server: Background concurrent mark compact GC freed 41MB AllocSpace bytes, 283(6380KB) LOS objects, 22% free, 167MB/215MB, paused 2.230ms,6.191ms total 420.642ms
10-08 18:11:46.543  1717  5718 I vendor.qti.bluetooth@1.0-ibs_handler: ProcessIbsCmd: Received IBS_WAKE_IND: 0xFD
10-08 18:11:46.543  1717  5718 D vendor.qti.bluetooth@1.0-ibs_handler: SerialClockVote: vote for UART CLK ON
10-08 18:11:46.543  1717  5718 D vendor.qti.bluetooth@1.0-wake_lock: Acquire wakelock is acquired 
10-08 18:11:46.543  1717  5718 I vendor.qti.bluetooth@1.0-ibs_handler: ProcessIbsCmd: Writing IBS_WAKE_ACK
10-08 18:11:46.545  2253  2527 W System  : A resource failed to call release. 
10-08 18:11:46.550  4184  5737 I BtGatt.ScanHelper: onScanResult to scannerId: 3- eventType=0x1b, addressType=0, address=XX:XX:XX:XX:F3:73, primaryPhy=1, secondaryPhy=0, advertisingSid=0xff, txPower=127, rssi=-59, periodicAdvInt=0x0
10-08 18:11:46.550  4184  5737 I BtGatt.ScanHelper: onScanResult to scannerId: 10- eventType=0x1b, addressType=0, address=XX:XX:XX:XX:F3:73, primaryPhy=1, secondaryPhy=0, advertisingSid=0xff, txPower=127, rssi=-59, periodicAdvInt=0x0
10-08 18:11:46.551  9787  9887 I [+0200]oneconnect[1.8.37.23_01][CORE]: DataConvert.parseBleVd - deviceBle : |name:($)-4(19)|deviceType:TV|discoverType:_BLE|services:_TvSoundToMobile|connected:false[TvStatusString]POWER_ON[TvStatus]1[TvService]103[TvMirrorChannel]1[TvRegisteredDB][2, -3, 0, 0, 0, 0][TvYear]2016[TvOcfInfo]0[TvAcmStatus]0[ExTvStatus]0[ExtendedStatus]-1[ModuloSn]-1
10-08 18:11:46.551  2253 22023 D WifiDisplayAdapter: getWifiDisplayStatusLocked: result=WifiDisplayStatus{featureState=2, scanState=0, activeDisplayState=0, activeDisplay=null, displays=[], sessionInfo=WifiDisplaySessionInfo:
10-08 18:11:46.551  2253 22023 D WifiDisplayAdapter:     Client/Owner: Client
10-08 18:11:46.551  2253 22023 D WifiDisplayAdapter:     GroupId: 
10-08 18:11:46.551  2253 22023 D WifiDisplayAdapter:     Passphrase: 
10-08 18:11:46.551  2253 22023 D WifiDisplayAdapter:     SessionId: 0
10-08 18:11:46.551  2253 22023 D WifiDisplayAdapter:     IP Address: }
10-08 18:11:46.552  2253 22023 D WifiDisplayAdapter: getWifiDisplayStatusLocked: result=WifiDisplayStatus{featureState=2, scanState=0, activeDisplayState=0, activeDisplay=null, displays=[], sessionInfo=WifiDisplaySessionInfo:
10-08 18:11:46.552  2253 22023 D WifiDisplayAdapter:     Client/Owner: Client
10-08 18:11:46.552  2253 22023 D WifiDisplayAdapter:     GroupId: 
10-08 18:11:46.552  2253 22023 D WifiDisplayAdapter:     Passphrase: 
10-08 18:11:46.552  2253 22023 D WifiDisplayAdapter:     SessionId: 0
10-08 18:11:46.552  2253 22023 D WifiDisplayAdapter:     IP Address: }
10-08 18:11:46.552  2253 22023 D WifiDisplayAdapter: getWifiDisplayStatusLocked: result=WifiDisplayStatus{featureState=2, scanState=0, activeDisplayState=0, activeDisplay=null, displays=[], sessionInfo=WifiDisplaySessionInfo:
10-08 18:11:46.552  2253 22023 D WifiDisplayAdapter:     Client/Owner: Client
10-08 18:11:46.552  2253 22023 D WifiDisplayAdapter:     GroupId: 
10-08 18:11:46.552  2253 22023 D WifiDisplayAdapter:     Passphrase: 
10-08 18:11:46.552  2253 22023 D WifiDisplayAdapter:     SessionId: 0
10-08 18:11:46.552  2253 22023 D WifiDisplayAdapter:     IP Address: }
10-08 18:11:46.552  2253 22023 D WifiDisplayAdapter: getWifiDisplayStatusLocked: result=WifiDisplayStatus{featureState=2, scanState=0, activeDisplayState=0, activeDisplay=null, displays=[], sessionInfo=WifiDisplaySessionInfo:
10-08 18:11:46.552  2253 22023 D WifiDisplayAdapter:     Client/Owner: Client
10-08 18:11:46.552  2253 22023 D WifiDisplayAdapter:     GroupId: 
10-08 18:11:46.552  2253 22023 D WifiDisplayAdapter:     Passphrase: 
10-08 18:11:46.552  2253 22023 D WifiDisplayAdapter:     SessionId: 0
10-08 18:11:46.552  2253 22023 D WifiDisplayAdapter:     IP Address: }
10-08 18:11:46.552 21872 21899 I [+0200]oneconnect[1.8.37.23_01][BEACON_MANAGER_CONTROL_SERVICE]: TvOcfParser.onReceive - TV Popup Onboarding is skipped - ($)
10-08 18:11:46.590  1717  5718 I vendor.qti.bluetooth@1.0-ibs_handler: ProcessIbsCmd: Received IBS_SLEEP_IND: 0xFE
10-08 18:11:46.590  1717  5718 D vendor.qti.bluetooth@1.0-ibs_handler: SerialClockVote: vote for UART CLK OFF
10-08 18:11:46.604 25395 30692 I NearbySharing: Network state changed: NetworkState(isRestricted=false, isOnline=true, isCongested=false, isMetered=false, isWifiConnected=true)
10-08 18:11:46.629  4639  4639 I EPDG -- SIM0 [SMARTCELLULAR]: onSignalStrengthsChanged: SignalStrength:{mCdma=Invalid,mGsm=Invalid,mWcdma=Invalid,mTdscdma=Invalid,mLte=CellSignalStrengthLte: rssi=-63 rsrp=-93 rsrq=-12 rssnr=10 cqiTableIndex=2147483647 cqi=2147483647 ta=2147483647 level=4 parametersUseForLevel=0,mNr=Invalid,SignalBarInfo{ lteLevel=3 },rat=14,primary=CellSignalStrengthLte}
10-08 18:11:46.629  4639 21215 I EPDG -- SIM0 [SMARTCELLULAR]: lastLteRSRP is -93 currentLteRSRP is -93 lastLteRSRQ is -13 currentLteRSRQ is -12 lastLteSNR is 10 currentLteSNR is 10
10-08 18:11:46.641  1717  5718 I vendor.qti.bluetooth@1.0-ibs_handler: ProcessIbsCmd: Received IBS_WAKE_IND: 0xFD
10-08 18:11:46.641  1717  5718 D vendor.qti.bluetooth@1.0-ibs_handler: SerialClockVote: vote for UART CLK ON
10-08 18:11:46.641  1717  5718 I vendor.qti.bluetooth@1.0-ibs_handler: ProcessIbsCmd: Writing IBS_WAKE_ACK
10-08 18:11:46.645  4184  5737 I BtGatt.ScanHelper: onScanResult to scannerId: 3- eventType=0x1b, addressType=0, address=XX:XX:XX:XX:F3:73, primaryPhy=1, secondaryPhy=0, advertisingSid=0xff, txPower=127, rssi=-59, periodicAdvInt=0x0
10-08 18:11:46.645  4184  5737 I BtGatt.ScanHelper: onScanResult to scannerId: 10- eventType=0x1b, addressType=0, address=XX:XX:XX:XX:F3:73, primaryPhy=1, secondaryPhy=0, advertisingSid=0xff, txPower=127, rssi=-59, periodicAdvInt=0x0
10-08 18:11:46.646  9787  9887 I [+0200]oneconnect[1.8.37.23_01][CORE]: DataConvert.parseBleVd - deviceBle : |name:($)-4(19)|deviceType:UNKNOWN|discoverType:_BLE|services:None|connected:false[Type]6[Index]5[MNID]0AJK[SETUPID]401[TvStatusString]EXTENSION[TvStatus]32[TvService]103[TvMirrorChannel]0[TvRegisteredDB]null[TvYear]2024[TvOcfInfo]15[TvAcmStatus]0[ExTvStatus]2[ExtendedStatus]4[ModuloSn]109
10-08 18:11:46.647 21872 21899 I [+0200]oneconnect[1.8.37.23_01][BEACON_MANAGER_CONTROL_SERVICE]: TvOcfParser.onReceive - TV Popup Onboarding is skipped - ($)
10-08 18:11:46.683  1717  5718 I vendor.qti.bluetooth@1.0-ibs_handler: ProcessIbsCmd: Received IBS_SLEEP_IND: 0xFE
10-08 18:11:46.683  1717  5718 D vendor.qti.bluetooth@1.0-ibs_handler: SerialClockVote: vote for UART CLK OFF
10-08 18:11:46.811  1726  6222 I sensors-hal: handle_sns_std_sensor_event:90, light_cct: ts = 1490830251080963 ns; value = [4, 4, 194, 208, 4, 78, 0, 3, 9263, 0]
10-08 18:11:46.834  1717  4825 D vendor.qti.bluetooth@1.0-wake_lock: Release wakelock is released 
10-08 18:11:46.955  1220  1220 D io_stats: !@   8,0 r 52760834 1265229692 w 31911549 743752980 d 4774067 987483784 f 697989 2243042 iot 24531284 0 th 0 0 0 pt 0 inp 0 0 1143537.318
10-08 18:11:46.956  1220  1220 D io_stats: !@ Write_top(KB): kworker/u17:1(27941) 388
10-08 18:11:47.014  1733  5200 D AHAL_ModulePrimary_QTI: getVendorParameters: id count: 1
10-08 18:11:47.015  1733  5200 I PAL: ResourceManager: getActiveStream_l: 6570: no active streams found for device 3 ret -2
10-08 18:11:47.015  1733  5200 D AHAL_SecModulePrimary: onGetSECGenericParameters get temperature for g_hw_speaker_amp_temp_rcv: 0
10-08 18:11:47.015  1733  5201 D AHAL_ModulePrimary_QTI: getVendorParameters: id count: 1
10-08 18:11:47.015  1733  5201 I PAL: ResourceManager: getActiveStream_l: 6570: no active streams found for device 3 ret -2
10-08 18:11:47.015  1733  5201 D AHAL_SecModulePrimary: onGetSECGenericParameters get temperature for g_hw_speaker_amp_temp_spk: 0
10-08 18:11:47.016 21654 22226 I SDHMS:x : SIOP:: AP:269 BAT:257 USB:251 CHG:264 PA:266 WIFI:274 CF:267 BLK:0 SUBBAT:0 LRPTHM:261 SKIN:278 SKINF:273 SKINB:278 LRP:278 LRF:273 LRB:278 APT:273 APR:278 RCV:268 SPK:274 CHGF:273 CHGR:278 MEMF:272 MEMR:277 WIFIF:272 WIFIR:275 FCAM:251 UPSPK:261 DNSPK:251 VAP:268 VWIFI:270 AMB2:243 HIGH:0 AVGCUR:332 AVGSYS:199 POWER:1393
10-08 18:11:47.017 21654 22226 I AudioManager: setParameters keyValuePairs = g_hw_speaker_amp_temp_spk=27
10-08 18:11:47.018  1818 32013 D AudioFlinger: setParameters: filtered dev setParameters keyvalue g_hw_speaker_amp_temp_spk=27
10-08 18:11:47.018  1733  5200 D AHAL_HFP_QTI: hfp_set_parameters enter
10-08 18:11:47.018  1733  5200 D AHAL_HFP_QTI: hfp_set_parameters Exit
10-08 18:11:47.018  1733  5200 D AHAL_SecModulePrimary: processSetVendorParameters: configured g_hw_speaker_amp_temp_spk
10-08 18:11:47.019  1733  5200 D AHAL_SecModulePrimary: processSetVendorParameters: handler set on Feature:0
10-08 18:11:47.019  1733  5200 D AHAL_SecModulePrimary: onSetSECGenericParameters set temperature for g_hw_speaker_amp_temp_spk: 27
10-08 18:11:47.019  1733  5200 I PAL: API: pal_set_param: 1377: Enter: param id 3002
10-08 18:11:47.019  1733  5200 I PAL: ResourceManager: getActiveStream_l: 6570: no active streams found for device 3 ret -2
10-08 18:11:47.019  1818 32013 E ConversionHelperAidl: Function: parseAndSetVendorParameters Line: 94 Failed 
10-08 18:11:47.019  1818 32013 E ConversionHelperAidl: Function: parseAndSetVendorParameters Line: 94 Failed 
10-08 18:11:47.020 21654 22226 I AudioManager: setParameters keyValuePairs = g_hw_speaker_amp_temp_rcv=27
10-08 18:11:47.020  1818 32013 D AudioFlinger: setParameters: filtered dev setParameters keyvalue g_hw_speaker_amp_temp_rcv=27
10-08 18:11:47.021  1733  5200 D AHAL_HFP_QTI: hfp_set_parameters enter
10-08 18:11:47.021  1733  5200 D AHAL_HFP_QTI: hfp_set_parameters Exit
10-08 18:11:47.021  1733  5200 D AHAL_SecModulePrimary: processSetVendorParameters: configured g_hw_speaker_amp_temp_rcv
10-08 18:11:47.021  1733  5200 D AHAL_SecModulePrimary: processSetVendorParameters: handler set on Feature:0
10-08 18:11:47.021  1733  5200 D AHAL_SecModulePrimary: onSetSECGenericParameters set temperature for g_hw_speaker_amp_temp_rcv: 27
10-08 18:11:47.021  1733  5200 I PAL: API: pal_set_param: 1377: Enter: param id 3001
10-08 18:11:47.021  1733  5200 I PAL: ResourceManager: getActiveStream_l: 6570: no active streams found for device 3 ret -2
10-08 18:11:47.021  1818 32013 E ConversionHelperAidl: Function: parseAndSetVendorParameters Line: 94 Failed 
10-08 18:11:47.022  1818 32013 E ConversionHelperAidl: Function: parseAndSetVendorParameters Line: 94 Failed 
10-08 18:11:47.865  1726 21135 I sensors-hal: handle_sns_client_event:191, auto_rotation_debug_2 mode,255, type,1,0 acc,0.388,0.459,9.734, ar,0, ver,12, pedo,1,e,1,i,3
10-08 18:11:47.911  4639  4639 I EPDG -- SIM0 [SMARTCELLULAR]: onSignalStrengthsChanged: SignalStrength:{mCdma=Invalid,mGsm=Invalid,mWcdma=Invalid,mTdscdma=Invalid,mLte=CellSignalStrengthLte: rssi=-55 rsrp=-93 rsrq=-12 rssnr=10 cqiTableIndex=2147483647 cqi=2147483647 ta=2147483647 level=4 parametersUseForLevel=0,mNr=Invalid,SignalBarInfo{ lteLevel=3 },rat=14,primary=CellSignalStrengthLte}
10-08 18:11:47.912  4639 21215 I EPDG -- SIM0 [SMARTCELLULAR]: lastLteRSRP is -93 currentLteRSRP is -93 lastLteRSRQ is -12 currentLteRSRQ is -12 lastLteSNR is 10 currentLteSNR is 10
10-08 18:11:47.932  1726 21135 I sensors-hal: handle_sns_std_sensor_event:132, [SSC_LIGHT] A: 6(6),c:276,b:78,m:0,cl:53,l:4,s:6,l0:92569,l1:19304,s0:49,s1:11,acl:3,opr:0.81,f(r):95,u(bl):98,if:64,wi:3,si:5,64(N:0)
10-08 18:11:48.430  2253  2833 E Watchdog: !@Sync: 38103 heap(MB): 168 / 215 FD: 1243 [2025-10-08 18:11:48.429]
10-08 18:11:48.441  1717  5718 I vendor.qti.bluetooth@1.0-ibs_handler: ProcessIbsCmd: Received IBS_WAKE_IND: 0xFD
10-08 18:11:48.441  1717  5718 D vendor.qti.bluetooth@1.0-ibs_handler: SerialClockVote: vote for UART CLK ON
10-08 18:11:48.442  1717  5718 D vendor.qti.bluetooth@1.0-wake_lock: Acquire wakelock is acquired 
10-08 18:11:48.442  1717  5718 I vendor.qti.bluetooth@1.0-ibs_handler: ProcessIbsCmd: Writing IBS_WAKE_ACK
10-08 18:11:48.451  4184  5737 I BtGatt.ScanHelper: onScanResult to scannerId: 5- eventType=0x1b, addressType=0, address=XX:XX:XX:XX:F3:73, primaryPhy=1, secondaryPhy=0, advertisingSid=0xff, txPower=127, rssi=-60, periodicAdvInt=0x0
10-08 18:11:48.491  1717  5718 I vendor.qti.bluetooth@1.0-ibs_handler: ProcessIbsCmd: Received IBS_SLEEP_IND: 0xFE
10-08 18:11:48.491  1717  5718 D vendor.qti.bluetooth@1.0-ibs_handler: SerialClockVote: vote for UART CLK OFF
10-08 18:11:48.555  1717  5718 I vendor.qti.bluetooth@1.0-ibs_handler: ProcessIbsCmd: Received IBS_WAKE_IND: 0xFD
10-08 18:11:48.555  1717  5718 D vendor.qti.bluetooth@1.0-ibs_handler: SerialClockVote: vote for UART CLK ON
10-08 18:11:48.555  1717  5718 I vendor.qti.bluetooth@1.0-ibs_handler: ProcessIbsCmd: Writing IBS_WAKE_ACK
10-08 18:11:48.559  4184  5737 I BtGatt.ScanHelper: onScanResult to scannerId: 5- eventType=0x1b, addressType=0, address=XX:XX:XX:XX:F3:73, primaryPhy=1, secondaryPhy=0, advertisingSid=0xff, txPower=127, rssi=-60, periodicAdvInt=0x0
10-08 18:11:48.597  1717  5718 I vendor.qti.bluetooth@1.0-ibs_handler: ProcessIbsCmd: Received IBS_SLEEP_IND: 0xFE
10-08 18:11:48.598  1717  5718 D vendor.qti.bluetooth@1.0-ibs_handler: SerialClockVote: vote for UART CLK OFF
10-08 18:11:48.748  1717  4825 D vendor.qti.bluetooth@1.0-wake_lock: Release wakelock is released 
10-08 18:11:48.910  4639  4639 I EPDG -- SIM0 [SMARTCELLULAR]: onSignalStrengthsChanged: SignalStrength:{mCdma=Invalid,mGsm=Invalid,mWcdma=Invalid,mTdscdma=Invalid,mLte=CellSignalStrengthLte: rssi=-61 rsrp=-93 rsrq=-12 rssnr=10 cqiTableIndex=2147483647 cqi=2147483647 ta=2147483647 level=4 parametersUseForLevel=0,mNr=Invalid,SignalBarInfo{ lteLevel=3 },rat=14,primary=CellSignalStrengthLte}
10-08 18:11:48.911  4639 21215 I EPDG -- SIM0 [SMARTCELLULAR]: lastLteRSRP is -93 currentLteRSRP is -93 lastLteRSRQ is -12 currentLteRSRQ is -12 lastLteSNR is 10 currentLteSNR is 10
10-08 18:11:49.127  2253  6355 D SemWifiUsabilityStatsMonitor: onWifiUsabilityStats - seqNum 91278, isSameBssidAndFreq true
10-08 18:11:49.130  2253  3711 D SGM:GameManager: identifyGamePackage. com.application.motium, mCurrentUserId: 0, callerUserId: 0, callingMethodInfo: com.samsung.android.game.SemGameManager.isGamePackage(SemGameManager.java:105)
10-08 18:11:49.130  2253  3711 D SGM:SemGameManager: isGamePackage(), pkgName=com.application.motium, ret=false
10-08 18:11:49.152  1865  2212 I VSyncReactor: Current= 24, Period= 24, Distance= 0
10-08 18:11:49.193  1865  2212 I VSyncReactor: Current= 24, Period= 24, Distance= 24
10-08 18:11:49.196  1792 30847 E SDM     : ScalarConfig::GetAIScaleSettingsInfo: AI Scaler Config for display 68 is not present
10-08 18:11:49.196  1792 30847 W SDM     : ScalarConfig::ApplyDestScaleConfig: GetAIScaleSettingsInfo returned error=1
10-08 18:11:49.232 14829 26437 D AidlBufferPool: bufferpool2 0xb400007316518228 : 6(13698 size) total buffers - 1(2510 size) used buffers - 2102/4041 (recycle/alloc) - 2211/4040 (fetch/transfer)
10-08 18:11:49.268  1792  2091 I SDM     : DisplayBase::CommitThread: Received idle timeout, panel: cmd, timeout: 70000 us
10-08 18:11:49.371  1726  6222 I sensors-hal: handle_sns_std_sensor_event:90, light_cct: ts = 1490832811077578 ns; value = [4, 4, 194, 208, 3, 78, 0, 3, 9279, 0]
10-08 18:11:49.597  4148  4156 W rkstack.process: Reducing the number of considered missed Gc histogram windows from 256 to 100
10-08 18:11:50.126  2286  2286 I CNSS    : /sys/wifi/max_chipset_log_size doesn't exist
10-08 18:11:50.222  1717  5718 I vendor.qti.bluetooth@1.0-ibs_handler: ProcessIbsCmd: Received IBS_WAKE_IND: 0xFD
10-08 18:11:50.222  1717  5718 D vendor.qti.bluetooth@1.0-ibs_handler: SerialClockVote: vote for UART CLK ON
10-08 18:11:50.222  1717  5718 D vendor.qti.bluetooth@1.0-wake_lock: Acquire wakelock is acquired 
10-08 18:11:50.222  1717  5718 I vendor.qti.bluetooth@1.0-ibs_handler: ProcessIbsCmd: Writing IBS_WAKE_ACK
10-08 18:11:50.229  4184  5737 I BtGatt.ScanHelper: onScanResult to scannerId: 5- eventType=0x1b, addressType=0, address=XX:XX:XX:XX:F3:73, primaryPhy=1, secondaryPhy=0, advertisingSid=0xff, txPower=127, rssi=-60, periodicAdvInt=0x0
10-08 18:11:50.230  4184  5737 I BtGatt.ScanHelper: onScanResult to scannerId: 5- eventType=0x1b, addressType=0, address=XX:XX:XX:XX:F3:73, primaryPhy=1, secondaryPhy=0, advertisingSid=0xff, txPower=127, rssi=-60, periodicAdvInt=0x0
10-08 18:11:50.272  1717  5718 I vendor.qti.bluetooth@1.0-ibs_handler: ProcessIbsCmd: Received IBS_SLEEP_IND: 0xFE
10-08 18:11:50.272  1717  5718 D vendor.qti.bluetooth@1.0-ibs_handler: SerialClockVote: vote for UART CLK OFF
10-08 18:11:50.306  2253  4614 E BatteryStatsService: Invalid uid for waking network packet: -1
10-08 18:11:50.335  1717  5718 I vendor.qti.bluetooth@1.0-ibs_handler: ProcessIbsCmd: Received IBS_WAKE_IND: 0xFD
10-08 18:11:50.335  1717  5718 D vendor.qti.bluetooth@1.0-ibs_handler: SerialClockVote: vote for UART CLK ON
10-08 18:11:50.335  1717  5718 I vendor.qti.bluetooth@1.0-ibs_handler: ProcessIbsCmd: Writing IBS_WAKE_ACK
10-08 18:11:50.337  4184  5737 I BtGatt.ScanHelper: onScanResult to scannerId: 3- eventType=0x1b, addressType=0, address=XX:XX:XX:XX:F3:73, primaryPhy=1, secondaryPhy=0, advertisingSid=0xff, txPower=127, rssi=-60, periodicAdvInt=0x0
10-08 18:11:50.338  4184  5737 I BtGatt.ScanHelper: onScanResult to scannerId: 10- eventType=0x1b, addressType=0, address=XX:XX:XX:XX:F3:73, primaryPhy=1, secondaryPhy=0, advertisingSid=0xff, txPower=127, rssi=-60, periodicAdvInt=0x0
10-08 18:11:50.339  9787  9887 I [+0200]oneconnect[1.8.37.23_01][CORE]: DataConvert.parseBleVd - deviceBle : |name:($)-4(19)|deviceType:UNKNOWN|discoverType:_BLE|services:None|connected:false[Type]6[Index]5[MNID]0AJK[SETUPID]401[TvStatusString]EXTENSION[TvStatus]32[TvService]103[TvMirrorChannel]0[TvRegisteredDB]null[TvYear]2024[TvOcfInfo]15[TvAcmStatus]0[ExTvStatus]2[ExtendedStatus]4[ModuloSn]109
10-08 18:11:50.339 21872 21899 I [+0200]oneconnect[1.8.37.23_01][BEACON_MANAGER_CONTROL_SERVICE]: TvOcfParser.onReceive - TV Popup Onboarding is skipped - ($)
10-08 18:11:50.376  1717  5718 I vendor.qti.bluetooth@1.0-ibs_handler: ProcessIbsCmd: Received IBS_SLEEP_IND: 0xFE
10-08 18:11:50.376  1717  5718 D vendor.qti.bluetooth@1.0-ibs_handler: SerialClockVote: vote for UART CLK OFF
10-08 18:11:50.500 21654 21654 I SDHMS:LOAD: type: LoadsFreqs, value: 0:0:0:1017600:1017600:1017600:691968:3532800:556800:239:443:222
10-08 18:11:50.527  1717  4825 D vendor.qti.bluetooth@1.0-wake_lock: Release wakelock is released 
10-08 18:11:50.957  1220  1220 D io_stats: !@   8,0 r 52760834 1265229692 w 31911553 743753276 d 4774067 987483784 f 697989 2243042 iot 24531292 0 th 0 0 0 pt 0 inp 0 0 1143541.319
10-08 18:11:50.958  1220  1220 D io_stats: !@ Write_top(KB): kworker/u17:1(27941) 296
10-08 18:11:51.738  4639  4639 I EPDG -- SIM0 [SMARTCELLULAR]: onSignalStrengthsChanged: SignalStrength:{mCdma=Invalid,mGsm=Invalid,mWcdma=Invalid,mTdscdma=Invalid,mLte=CellSignalStrengthLte: rssi=-55 rsrp=-93 rsrq=-13 rssnr=10 cqiTableIndex=2147483647 cqi=2147483647 ta=2147483647 level=4 parametersUseForLevel=0,mNr=Invalid,SignalBarInfo{ lteLevel=3 },rat=14,primary=CellSignalStrengthLte}
10-08 18:11:51.738  4639 21215 I EPDG -- SIM0 [SMARTCELLULAR]: lastLteRSRP is -93 currentLteRSRP is -93 lastLteRSRQ is -12 currentLteRSRQ is -13 lastLteSNR is 10 currentLteSNR is 10
10-08 18:11:51.931  1726  6222 I sensors-hal: handle_sns_std_sensor_event:90, light_cct: ts = 1490835371084869 ns; value = [5, 5, 194, 208, 5, 78, 0, 3, 9266, 0]
10-08 18:11:52.009  1717  5718 I vendor.qti.bluetooth@1.0-ibs_handler: ProcessIbsCmd: Received IBS_WAKE_IND: 0xFD
10-08 18:11:52.009  1717  5718 D vendor.qti.bluetooth@1.0-ibs_handler: SerialClockVote: vote for UART CLK ON
10-08 18:11:52.009  1717  5718 D vendor.qti.bluetooth@1.0-wake_lock: Acquire wakelock is acquired 
10-08 18:11:52.009  1717  5718 I vendor.qti.bluetooth@1.0-ibs_handler: ProcessIbsCmd: Writing IBS_WAKE_ACK
10-08 18:11:52.018  4184  5737 I BtGatt.ScanHelper: onScanResult to scannerId: 3- eventType=0x1b, addressType=0, address=XX:XX:XX:XX:F3:73, primaryPhy=1, secondaryPhy=0, advertisingSid=0xff, txPower=127, rssi=-66, periodicAdvInt=0x0
10-08 18:11:52.018  4184  5737 I BtGatt.ScanHelper: onScanResult to scannerId: 10- eventType=0x1b, addressType=0, address=XX:XX:XX:XX:F3:73, primaryPhy=1, secondaryPhy=0, advertisingSid=0xff, txPower=127, rssi=-66, periodicAdvInt=0x0
10-08 18:11:52.019  9787  9887 I [+0200]oneconnect[1.8.37.23_01][CORE]: DataConvert.parseBleVd - deviceBle : |name:($)-4(19)|deviceType:UNKNOWN|discoverType:_BLE|services:None|connected:false[Type]6[Index]5[MNID]0AJK[SETUPID]401[TvStatusString]EXTENSION[TvStatus]32[TvService]103[TvMirrorChannel]0[TvRegisteredDB]null[TvYear]2024[TvOcfInfo]15[TvAcmStatus]0[ExTvStatus]2[ExtendedStatus]4[ModuloSn]109
10-08 18:11:52.019 28654 28722 I BCMGR[11.2.01.27]: BeaconMainController] onReceive - [1 : ST packet!][2 : ST packet!][3 : ST packet!][4 : ST packet!][5 : ST packet!][6 : ST packet!][7 : ST packet!][8 : ST packet!][9 : ST packet!][10 : ST packet!]
10-08 18:11:52.021 21872 21899 I [+0200]oneconnect[1.8.37.23_01][BEACON_MANAGER_CONTROL_SERVICE]: TvOcfParser.onReceive - TV Popup Onboarding is skipped - ($)
10-08 18:11:52.061  4184  5737 I BtGatt.ScanHelper: onScanResult to scannerId: 5- eventType=0x1b, addressType=0, address=XX:XX:XX:XX:F3:73, primaryPhy=1, secondaryPhy=0, advertisingSid=0xff, txPower=127, rssi=-66, periodicAdvInt=0x0
10-08 18:11:52.100  1717  5718 I vendor.qti.bluetooth@1.0-ibs_handler: ProcessIbsCmd: Received IBS_SLEEP_IND: 0xFE
10-08 18:11:52.100  1717  5718 D vendor.qti.bluetooth@1.0-ibs_handler: SerialClockVote: vote for UART CLK OFF
10-08 18:11:52.106  1717  5718 I vendor.qti.bluetooth@1.0-ibs_handler: ProcessIbsCmd: Received IBS_WAKE_IND: 0xFD
10-08 18:11:52.106  1717  5718 D vendor.qti.bluetooth@1.0-ibs_handler: SerialClockVote: vote for UART CLK ON
10-08 18:11:52.106  1717  5718 I vendor.qti.bluetooth@1.0-ibs_handler: ProcessIbsCmd: Writing IBS_WAKE_ACK
10-08 18:11:52.108  4184  5737 I BtGatt.ScanHelper: onScanResult to scannerId: 5- eventType=0x1b, addressType=0, address=XX:XX:XX:XX:F3:73, primaryPhy=1, secondaryPhy=0, advertisingSid=0xff, txPower=127, rssi=-66, periodicAdvInt=0x0
10-08 18:11:52.147  1717  5718 I vendor.qti.bluetooth@1.0-ibs_handler: ProcessIbsCmd: Received IBS_SLEEP_IND: 0xFE
10-08 18:11:52.147  1717  5718 D vendor.qti.bluetooth@1.0-ibs_handler: SerialClockVote: vote for UART CLK OFF
10-08 18:11:52.163  2253  3541 W WifiNetworkFactory: Connected to unknown network * ID: 0 SSID: "Bbox-PTW" PROVIDER-NAME: null BSSID: null FQDN: null HOME-PROVIDER-NETWORK: false PRIO: 0 HIDDEN: false PMF: false CarrierId: -1 SubscriptionId: -1 SubscriptionGroup: null Currently Connected: true User Selected: false
10-08 18:11:52.163  2253  3541 W WifiNetworkFactory:  NetworkSelectionStatus NETWORK_SELECTION_ENABLED
10-08 18:11:52.163  2253  3541 W WifiNetworkFactory:  hasEverConnected: true
10-08 18:11:52.163  2253  3541 W WifiNetworkFactory:  hasNeverDetectedCaptivePortal: true
10-08 18:11:52.163  2253  3541 W WifiNetworkFactory:  hasEverValidatedInternetAccess: true
10-08 18:11:52.163  2253  3541 W WifiNetworkFactory:  mCandidateSecurityParams: Security Parameters:
10-08 18:11:52.163  2253  3541 W WifiNetworkFactory:  Type: 2
10-08 18:11:52.163  2253  3541 W WifiNetworkFactory:  Enabled: true
10-08 18:11:52.163  2253  3541 W WifiNetworkFactory:  KeyMgmt: WPA_PSK
10-08 18:11:52.163  2253  3541 W WifiNetworkFactory:  Protocols: WPA RSN
10-08 18:11:52.163  2253  3541 W WifiNetworkFactory:  AuthAlgorithms:
10-08 18:11:52.163  2253  3541 W WifiNetworkFactory:  PairwiseCiphers: TKIP CCMP
10-08 18:11:52.163  2253  3541 W WifiNetworkFactory:  GroupCiphers: WEP40 WEP104 TKIP CCMP
10-08 18:11:52.163  2253  3541 W WifiNetworkFactory:  GroupMgmtCiphers:
10-08 18:11:52.163  2253  3541 W WifiNetworkFactory:  SuiteBCiphers:
10-08 18:11:52.163  2253  3541 W WifiNetworkFactory:  RequirePmf: false
10-08 18:11:52.163  2253  3541 W WifiNetworkFactory:  IsAddedByAutoUpgrade: false
10-08 18:11:52.163  2253  3541 W WifiNetworkFactory:  IsSaeH2eOnlyMode: false
10-08 18:11:52.163  2253  3541 W WifiNetworkFactory:  IsSaePkOnlyMode: false
10-08 18:11:52.163  2253  3541 W WifiNetworkFactory:  mLastUsedSecurityParams: Security Parameters:
10-08 18:11:52.163  2253  3541 W WifiNetworkFactory:  Type: 2
10-08 18:11:52.163  2253  3541 W WifiNetworkFactory:  Enabled: true
10-08 18:11:52.163  2253  3541 W WifiNetworkFactory:  KeyMgmt: WPA_PSK
10-08 18:11:52.163  2253  3541 W WifiNetworkFactory:  Protocols: WPA RSN
10-08 18:11:52.163  2253  3541 W WifiNetworkFactory:  AuthAlgorithms:
10-08 18:11:52.163  2253  3541 W WifiNetworkFactory:  PairwiseCiphers: TKIP CCMP
10-08 18:11:52.163  2253  3541 W WifiNetworkFactory:  GroupCiphers: WEP40 WEP104 TKIP CCMP
10-08 18:11:52.163  2253  3541 W WifiNetworkFactory:  GroupMgmtCiphers:
10-08 18:11:52.163  2253  3541 W WifiNetworkFactory:  SuiteBCiphers:
10-08 18:11:52.163  2253  3541 W WifiNetworkFactory:  RequirePmf: false
10-08 18:11:52.163  2253  3541 W WifiNetworkFactory:  IsAddedByAutoUpgrade: false
10-08 18:11:52.163  2253  3541 W WifiNetworkFactory:  IsSaeH2eOnlyMode: false
10-08 18:11:52.163  2253  3541 W WifiNetworkFactory:  IsSaePkOnlyMode: false
10-08 18:11:52.163  2253  3541 W WifiNetworkFactory:  numAssociation 56
10-08 18:11:52.163  2253  3541 W WifiNetworkFactory:  validatedInternetAccess shared trusted
10-08 18:11:52.163  2253  3541 W WifiNetworkFactory:  macRandomizationSetting: 3
10-08 18:11:52.163  2253  3541 W WifiNetworkFactory:  mRandomizedMacAddress: 1a:d3:9b:f0:ad:b2
10-08 18:11:52.163  2253  3541 W WifiNetworkFactory:  randomizedMacExpirationTimeMs: 2025-10-09T15:58:19.195
10-08 18:11:52.163  2253  3541 W WifiNetworkFactory:  randomizedMacLastModifiedTimeMs: <none>
10-08 18:11:52.163  2253  3541 W WifiNetworkFactory:  mIsSendDhcpHostnameEnabled: true
10-08 18:11:52.163  2253  3541 W WifiNetworkFactory:  deletionPriority: 0
10-08 18:11:52.163  2253  3541 W WifiNetworkFactory:  KeyMgmt: WPA_PSK Protocols: WPA RSN
10-08 18:11:52.163  2253  3541 W WifiNetworkFactory:  AuthAlgorithms:
10-08 18:11:52.163  2253  3541 W WifiNetworkFactory:  PairwiseCiphers: TKIP CCMP
10-08 18:11:52.163  2253  3541 W WifiNetworkFactory:  GroupCiphers: WEP40 WEP104 TKIP CCMP
10-08 18:11:52.163  2253  3541 W WifiNetworkFactory:  GroupMgmtCiphers:
10-08 18:11:52.163  2253  3541 W WifiNetworkFactory:  SuiteBCiphers:
10-08 18:11:52.163  2253  3541 W WifiNetworkFactory:  PSK/SAE: *
10-08 18:11:52.163  2253  3541 W WifiNetworkFactory: SecurityParams List:
10-08 18:11:52.163  2253  3541 W WifiNetworkFactory: Security Parameters:
10-08 18:11:52.163  2253  3541 W WifiNetworkFactory:  Type: 2
10-08 18:11:52.163  2253  3541 W WifiNetworkFactory:  Enabled: true
10-08 18:11:52.163  2253  3541 W WifiNetworkFactory:  KeyMgmt: WPA_PSK
10-08 18:11:52.163  2253  3541 W WifiNetworkFactory:  Protocols: WPA RSN
10-08 18:11:52.163  2253  3541 W WifiNetworkFactory:  AuthAlgorithms:
10-08 18:11:52.163  2253  3541 W WifiNetworkFactory:  PairwiseCiphers: TKIP CCMP
10-08 18:11:52.163  2253  3541 W WifiNetworkFactory:  GroupCiphers: WEP40 WEP104 TKIP CCMP
10-08 18:11:52.163  2253  3541 W WifiNetworkFactory:  GroupMgmtCiphers:
10-08 18:11:52.163  2253  3541 W WifiNetworkFactory:  SuiteBCiphers:
10-08 18:11:52.163  2253  3541 W WifiNetworkFactory:  RequirePmf: false
10-08 18:11:52.163  2253  3541 W WifiNetworkFactory:  IsAddedByAutoUpgrade: false
10-08 18:11:52.163  2253  3541 W WifiNetworkFactory:  IsSaeH2eOnlyMode: false
10-08 18:11:52.163  2253  3541 W WifiNetworkFactory:  IsSaePkOnlyMode: false
10-08 18:11:52.163  2253  3541 W WifiNetworkFactory: Security Parameters:
10-08 18:11:52.163  2253  3541 W WifiNetworkFactory:  Type: 4
10-08 18:11:52.163  2253  3541 W WifiNetworkFactory:  Enabled: true
10-08 18:11:52.163  2253  3541 W WifiNetworkFactory:  KeyMgmt: SAE
10-08 18:11:52.163  2253  3541 W WifiNetworkFactory:  Protocols: RSN
10-08 18:11:52.163  2253  3541 W WifiNetworkFactory:  AuthAlgorithms:
10-08 18:11:52.163  2253  3541 W WifiNetworkFactory:  PairwiseCiphers: CCMP GCMP_256 GCMP_128
10-08 18:11:52.163  2253  3541 W WifiNetworkFactory:  GroupCiphers: CCMP GCMP_256 GCMP_128
10-08 18:11:52.163  2253  3541 W WifiNetworkFactory:  GroupMgmtCiphers:
10-08 18:11:52.163  2253  3541 W WifiNetworkFactory:  SuiteBCiphers:
10-08 18:11:52.163  2253  3541 W WifiNetworkFactory:  RequirePmf: true
10-08 18:11:52.163  2253  3541 W WifiNetworkFactory:  IsAddedByAutoUpgrade: true
10-08 18:11:52.163  2253  3541 W WifiNetworkFactory:  IsSaeH2eOnlyMode: false
10-08 18:11:52.163  2253  3541 W WifiNetworkFactory:  IsSaePkOnlyMode: false
10-08 18:11:52.163  2253  3541 W WifiNetworkFactory: 
10-08 18:11:52.163  2253  3541 W WifiNetworkFactory: Enterprise config:
10-08 18:11:52.163  2253  3541 W WifiNetworkFactory:  ocsp: 0
10-08 18:11:52.163  2253  3541 W WifiNetworkFactory:  trust_on_first_use: false
10-08 18:11:52.163  2253  3541 W WifiNetworkFactory:  user_approve_no_ca_cert: false
10-08 18:11:52.163  2253  3541 W WifiNetworkFactory:  selected_rcoi: 0
10-08 18:11:52.163  2253  3541 W WifiNetworkFactory:  minimum_tls_version: 0
10-08 18:11:52.163  2253  3541 W WifiNetworkFactory:  enable_conservative_peer_mode: false
10-08 18:11:52.163  2253  3541 W WifiNetworkFactory:  tofu_dialog_state: 0
10-08 18:11:52.163  2253  3541 W WifiNetworkFactory:  tofu_connection_state: 0
10-08 18:11:52.163  2253  3541 W WifiNetworkFactory: IP config:
10-08 18:11:52.163  2253  3541 W WifiNetworkFactory: IP assignment: DHCP
10-08 18:11:52.163  2253  3541 W WifiNetworkFactory: Proxy settings: NONE
10-08 18:11:52.163  2253  3541 W WifiNetworkFactory:  cuid=10306 cname=com.google.android.setupwizard luid=10306 lname=com.google.android.setupwizard lcuid=10306 allowAutojoin=true noInternetAccessExpected=false mostRecentlyConnected=false 
10-08 18:11:52.163  2253  3541 W WifiNetworkFactory: lastConnected: 2025-10-08T15:58:19.200 
10-08 18:11:52.163  2253  3541 W WifiNetworkFactory: 
10-08 18:11:52.163  2253  3541 W WifiNetworkFactory: numRebootsSinceLastUse: 0
10-08 18:11:52.163  2253  3541 W WifiNetworkFactory: recentFailure: Association Rejection code: 0, last update time: 0
10-08 18:11:52.163  2253  3541 W WifiNetworkFactory: bssidAllowlist unset
