10-08 18:12:01.220  2253  3541 W WifiNetworkFactory:  macRandomizationSetting: 3
10-08 18:12:01.220  2253  3541 W WifiNetworkFactory:  mRandomizedMacAddress: 1a:d3:9b:f0:ad:b2
10-08 18:12:01.220  2253  3541 W WifiNetworkFactory:  randomizedMacExpirationTimeMs: 2025-10-09T15:58:19.195
10-08 18:12:01.220  2253  3541 W WifiNetworkFactory:  randomizedMacLastModifiedTimeMs: <none>
10-08 18:12:01.220  2253  3541 W WifiNetworkFactory:  mIsSendDhcpHostnameEnabled: true
10-08 18:12:01.220  2253  3541 W WifiNetworkFactory:  deletionPriority: 0
10-08 18:12:01.220  2253  3541 W WifiNetworkFactory:  KeyMgmt: WPA_PSK Protocols: WPA RSN
10-08 18:12:01.220  2253  3541 W WifiNetworkFactory:  AuthAlgorithms:
10-08 18:12:01.220  2253  3541 W WifiNetworkFactory:  PairwiseCiphers: TKIP CCMP
10-08 18:12:01.220  2253  3541 W WifiNetworkFactory:  GroupCiphers: WEP40 WEP104 TKIP CCMP
10-08 18:12:01.220  2253  3541 W WifiNetworkFactory:  GroupMgmtCiphers:
10-08 18:12:01.220  2253  3541 W WifiNetworkFactory:  SuiteBCiphers:
10-08 18:12:01.220  2253  3541 W WifiNetworkFactory:  PSK/SAE: *
10-08 18:12:01.220  2253  3541 W WifiNetworkFactory: SecurityParams List:
10-08 18:12:01.220  2253  3541 W WifiNetworkFactory: Security Parameters:
10-08 18:12:01.220  2253  3541 W WifiNetworkFactory:  Type: 2
10-08 18:12:01.220  2253  3541 W WifiNetworkFactory:  Enabled: true
10-08 18:12:01.220  2253  3541 W WifiNetworkFactory:  KeyMgmt: WPA_PSK
10-08 18:12:01.220  2253  3541 W WifiNetworkFactory:  Protocols: WPA RSN
10-08 18:12:01.220  2253  3541 W WifiNetworkFactory:  AuthAlgorithms:
10-08 18:12:01.220  2253  3541 W WifiNetworkFactory:  PairwiseCiphers: TKIP CCMP
10-08 18:12:01.220  2253  3541 W WifiNetworkFactory:  GroupCiphers: WEP40 WEP104 TKIP CCMP
10-08 18:12:01.220  2253  3541 W WifiNetworkFactory:  GroupMgmtCiphers:
10-08 18:12:01.220  2253  3541 W WifiNetworkFactory:  SuiteBCiphers:
10-08 18:12:01.220  2253  3541 W WifiNetworkFactory:  RequirePmf: false
10-08 18:12:01.220  2253  3541 W WifiNetworkFactory:  IsAddedByAutoUpgrade: false
10-08 18:12:01.220  2253  3541 W WifiNetworkFactory:  IsSaeH2eOnlyMode: false
10-08 18:12:01.220  2253  3541 W WifiNetworkFactory:  IsSaePkOnlyMode: false
10-08 18:12:01.220  2253  3541 W WifiNetworkFactory: Security Parameters:
10-08 18:12:01.220  2253  3541 W WifiNetworkFactory:  Type: 4
10-08 18:12:01.220  2253  3541 W WifiNetworkFactory:  Enabled: true
10-08 18:12:01.220  2253  3541 W WifiNetworkFactory:  KeyMgmt: SAE
10-08 18:12:01.220  2253  3541 W WifiNetworkFactory:  Protocols: RSN
10-08 18:12:01.220  2253  3541 W WifiNetworkFactory:  AuthAlgorithms:
10-08 18:12:01.220  2253  3541 W WifiNetworkFactory:  PairwiseCiphers: CCMP GCMP_256 GCMP_128
10-08 18:12:01.220  2253  3541 W WifiNetworkFactory:  GroupCiphers: CCMP GCMP_256 GCMP_128
10-08 18:12:01.220  2253  3541 W WifiNetworkFactory:  GroupMgmtCiphers:
10-08 18:12:01.220  2253  3541 W WifiNetworkFactory:  SuiteBCiphers:
10-08 18:12:01.220  2253  3541 W WifiNetworkFactory:  RequirePmf: true
10-08 18:12:01.220  2253  3541 W WifiNetworkFactory:  IsAddedByAutoUpgrade: true
10-08 18:12:01.220  2253  3541 W WifiNetworkFactory:  IsSaeH2eOnlyMode: false
10-08 18:12:01.220  2253  3541 W WifiNetworkFactory:  IsSaePkOnlyMode: false
10-08 18:12:01.220  2253  3541 W WifiNetworkFactory: 
10-08 18:12:01.220  2253  3541 W WifiNetworkFactory: Enterprise config:
10-08 18:12:01.220  2253  3541 W WifiNetworkFactory:  ocsp: 0
10-08 18:12:01.220  2253  3541 W WifiNetworkFactory:  trust_on_first_use: false
10-08 18:12:01.220  2253  3541 W WifiNetworkFactory:  user_approve_no_ca_cert: false
10-08 18:12:01.220  2253  3541 W WifiNetworkFactory:  selected_rcoi: 0
10-08 18:12:01.220  2253  3541 W WifiNetworkFactory:  minimum_tls_version: 0
10-08 18:12:01.220  2253  3541 W WifiNetworkFactory:  enable_conservative_peer_mode: false
10-08 18:12:01.220  2253  3541 W WifiNetworkFactory:  tofu_dialog_state: 0
10-08 18:12:01.220  2253  3541 W WifiNetworkFactory:  tofu_connection_state: 0
10-08 18:12:01.220  2253  3541 W WifiNetworkFactory: IP config:
10-08 18:12:01.220  2253  3541 W WifiNetworkFactory: IP assignment: DHCP
10-08 18:12:01.220  2253  3541 W WifiNetworkFactory: Proxy settings: NONE
10-08 18:12:01.220  2253  3541 W WifiNetworkFactory:  cuid=10306 cname=com.google.android.setupwizard luid=10306 lname=com.google.android.setupwizard lcuid=10306 allowAutojoin=true noInternetAccessExpected=false mostRecentlyConnected=false 
10-08 18:12:01.220  2253  3541 W WifiNetworkFactory: lastConnected: 2025-10-08T15:58:19.200 
10-08 18:12:01.220  2253  3541 W WifiNetworkFactory: 
10-08 18:12:01.220  2253  3541 W WifiNetworkFactory: numRebootsSinceLastUse: 0
10-08 18:12:01.220  2253  3541 W WifiNetworkFactory: recentFailure: Association Rejection code: 0, last update time: 0
10-08 18:12:01.220  2253  3541 W WifiNetworkFactory: bssidAllowlist unset
10-08 18:12:01.220  2253  3541 W WifiNetworkFactory: vendorData unset
10-08 18:12:01.220  2253  3541 W WifiNetworkFactory: IsDppConfigurator: true
10-08 18:12:01.220  2253  3541 W WifiNetworkFactory: HasEncryptedPreSharedKey: false
10-08 18:12:01.220  2253  3541 W WifiNetworkFactory:  setWifi7Enabled=true:82:c4:5b:34:2b:87. Ignoring...
10-08 18:12:01.220  2253  6355 D SemWifiUsabilityStatsMonitor: onWifiUsabilityStats - seqNum 91282, isSameBssidAndFreq true
10-08 18:12:01.220  2253  3576 D ConnectivityService: notifyType CALLBACK_CAP_CHANGED for [285 WIFI]
10-08 18:12:01.221  2253  3628 W JobServiceContext: Sending onNetworkChanged for a job that isn't started. JobStatus{631a37a androidx.work.systemjobscheduler:u0a354/13145 @androidx.work.systemjobscheduler@com.google.android.apps.youtube.music/androidx.work.impl.background.systemjob.SystemJobService u=0 s=10354 TIME=-3m50s691ms:none NET READY}
10-08 18:12:01.222  3898  4692 D WifiPickerTracker: updateWifiEntries capabilities
10-08 18:12:01.222  2253  3711 D SGM:GameManager: identifyGamePackage. com.application.motium, mCurrentUserId: 0, callerUserId: 0, callingMethodInfo: com.samsung.android.game.SemGameManager.isGamePackage(SemGameManager.java:105)
10-08 18:12:01.222  2253  3711 D SGM:SemGameManager: isGamePackage(), pkgName=com.application.motium, ret=false
10-08 18:12:01.222  2253  3711 W ContextImpl: Calling a method in the system process without a qualified user: android.app.ContextImpl.bindService:2092 com.samsung.android.server.wifi.SemWifiIntelligentConnectionManager.iwh_predict_action:8 com.samsung.android.server.wifi.SemWifiIntelligentConnectionManager.-$$Nest$miwh_predict_action:1 com.samsung.android.server.wifi.SemWifiIntelligentConnectionManager$IntelligentConnectionManagerHandler.handleMessage:748 android.os.Handler.dispatchMessage:107 
10-08 18:12:01.223  2253  3628 D SemWifiApNsd:Client: lpInterface:wlan0
10-08 18:12:01.223  2253  3628 I WifiConnectivityMonitor.NCC: sNetworkCallback(oCC) FULL : 285(valid: true/captive: false)
10-08 18:12:01.223  4246  5979 D txpwrJni: sendNetworkInfo start
10-08 18:12:01.223  4246  5979 D txpwrJni: sendNetworkInfo RatType 0
10-08 18:12:01.223  2253  3714 D SemApeService: Deducted link capacity (M: R=1428 T=1210) RSSI=-41
10-08 18:12:01.223  2253  3714 D SemApeService: Deducted link capacity (M: R=1428 T=1210) on (wlan0) GoogleAPI(M: R=92 T=40) RSSI=-41 isDefault=false isMlo=false
10-08 18:12:01.223  2253  3628 I WifiConnectivityMonitor.NCC: [ Transports: WIFI Capabilities: NOT_METERED&INTERNET&NOT_RESTRICTED&TRUSTED&NOT_VPN&VALIDATED&NOT_ROAMING&FOREGROUND&NOT_CONGESTED&NOT_SUSPENDED&NOT_VCN_MANAGED&NOT_BANDWIDTH_CONSTRAINED LinkUpBandwidth>=40830Kbps LinkDnBandwidth>=92745Kbps TransportInfo: <SSID: <unknown ssid>, BSSID: 02:00:00:**:**:00, MAC: 02:00:00:**:**:00, IP: /192.***.*.43, Security type: 2, Supplicant state: COMPLETED, Wi-Fi standard: 11ax, RSSI: -41, Link speed: 1729Mbps, Tx Link speed: 1729Mbps, Max Supported Tx Link speed: 2401Mbps, Rx Link speed: 2041Mbps, Max Supported Rx Link speed: 2401Mbps, Frequency: 5500MHz, Net ID: -1, Metered hint: false, score: 60, isUsable: true, CarrierMerged: false, SubscriptionId: -1, IsPrimary: 1, Trusted: true, Restricted: false, Ephemeral: false, OEM paid: false, OEM private: false, OSU AP: false, FQDN: <none>, Provider friendly name: <none>, Requesting package name: <none><none>MLO Information: , Is TID-To-Link negotiation supported by the AP: false, AP MLD Address: <none>, AP MLO Link Id: <none>, AP MLO Affiliated links: <none>, Vendor Data: <none>> SignalStrength: -41 AdminUids: [10306] SSID: "Bbox-PTW" UnderlyingNetworks: Null]
10-08 18:12:01.223  2253  3628 D SemWifiApTrafficPriority: onCapabilitiesChanged Wifi:wlan0,mGapiValue:92.745Uplink: 40.83
10-08 18:12:01.224 25395 25520 I NullBinder: NullBinder for android.net.action.RECOMMEND_NETWORKS triggering remote TransactionTooLargeException due to Service without Chimera impl, calling uid: 1000, calling pid: 0
10-08 18:12:01.224 25395 25520 W .gms.persistent: Large reply transaction of 1056768 bytes, interface descriptor , code 1
10-08 18:12:01.224  3898  4692 D WifiPickerTracker: update AutoHotspot Entries() : bleAccessPoints -> 0
10-08 18:12:01.224  3898  4692 D WifiPickerTracker: handleNetworkCapabilitiesChanged
10-08 18:12:01.224  2253  3711 D CompatChangeReporter: Compat change id reported: 151861875; UID 1000; state: ENABLED
10-08 18:12:01.224  2253  3723 D WifiConnectivityMonitor: HANDLE_ON_CAPABILITIES_CHANGED
10-08 18:12:01.224  2253  3723 I WifiConnectivityMonitor: determineMode : MODE_AGG_BY_SWITCH_TO_MOBILE_DATA_OPTION
10-08 18:12:01.224  2253  3723 D OpenNetworkQos[4.00]: updateBssidNoInternet: mBssidNoInternet = false
10-08 18:12:01.224  2253  3723 D OpenNetworkQos[4.00]: getOpenNetworkQosNoInternetStatus: false
10-08 18:12:01.224  2253  3723 D OpenNetworkQos[4.00]: getOpenNetworkQosScores: 26 26 30 
10-08 18:12:01.224  2253  3723 D KNOX_MDM_SettingsProvider: isChangeAllowed() : name = wifi_wcm_qos_sharing_score_summary
10-08 18:12:01.224  2253  3723 I WifiProfileShare: network QoS data was changed (internet), updateQoSData networkType: true, qosData: false
10-08 18:12:01.224  2253  5292 V WifiProfileShare.Caster: update wips network, size: 0
10-08 18:12:01.224  2253  5292 D WifiProfileShare: nearby scanning settings run
10-08 18:12:01.224  2253  5292 D WifiProfileShare: network score provider settings enabled
10-08 18:12:01.224  2253  5292 D OpenNetworkQos[4.00]: getOpenNetworkQosScores: 26 26 30 
10-08 18:12:01.224  2253  5292 D OpenNetworkQos[4.00]: getOpenNetworkQosNoInternetStatus: false
10-08 18:12:01.224  2253  5292 I WifiProfileShare.Caster: current network type: 0, score: [26, 26, 30]
10-08 18:12:01.224  2253  5292 V WifiProfileShare.Cache: update network score a2:c4:5b:**:**:85
10-08 18:12:01.224  2253  5292 D WifiProfileShare.ScanMatcher: getMcfDataList size:2
10-08 18:12:01.224  2253  5292 I WifiProfileShare.Caster: qos data was updated , before:type:QOS, pBssid:f0:70:27, qosData:7c after:type:QOS, pBssid:f0:70:27, qosData:7c
10-08 18:12:01.225  2253  3723 D WifiConnectivityMonitor: VALIDATED_DETECTED
10-08 18:12:01.225 21586 22915 I BugleRcsEngine: handleMessage processing message:[NOTIFY_UPTIME_IGNORE_STATE_CHANGED] with [non-null]:RcsEngineImpl reference [CONTEXT log_prefix="RcsEngineImpl[DUAL_REG]:[c1cd8f7a-3745]>Handler" thread_id=63 ]
10-08 18:12:01.225 21586 22782 I BugleRcsEngine: Connected state: [1], networkType: [WIFI] [CONTEXT thread_id=57 ]
10-08 18:12:01.225  2253  5292 I [MCFSDK_android_1.2.27006]_4_McfCasterImpl: isNetworkEnabled - type : 1 ret : true
10-08 18:12:01.225  2253  5292 D WifiProfileShare.McfCast: -ME--- mIsNetworkEnabled :true
10-08 18:12:01.225  2253  5292 D WifiProfileShare.McfCast: updateQoSData ignored, same contents
10-08 18:12:01.225  2253  5292 D WifiProfileShare.MCF: success update QosData !
10-08 18:12:01.225  2253  5292 I [MCFSDK_android_1.2.27006]_4_McfCasterImpl: isNetworkEnabled - type : 1 ret : true
10-08 18:12:01.225  2253  5292 D WifiProfileShare.McfCast: -ME--- mIsNetworkEnabled :true
10-08 18:12:01.225  2253  5292 D WifiProfileShare.McfCast: -ME--- updatePasswordDate pwdData size:2
10-08 18:12:01.226 24140 25155 I HBD     : h onCapabilitiesChanged network : 285 current network state : wifi 
10-08 18:12:01.232  1865  2078 I VSyncReactor: Current= 24, Period= 24, Distance= 1
10-08 18:12:01.235  1627  1627 D Zygote  : Forked child process 30869
10-08 18:12:01.236  2253  2840 I ActivityManager: Start proc 30869:com.samsung.android.wifi.ai.iwh/1000 for service {com.samsung.android.wifi.ai.iwh/com.samsung.android.wifi.ai.iwh.IwhInfService}
10-08 18:12:01.242 25421 25783 D ConnectivityManager: StackLog: [android.net.ConnectivityManager.sendRequestForNetwork(ConnectivityManager.java:4736)] [android.net.ConnectivityManager.registerDefaultNetworkCallbackForUid(ConnectivityManager.java:5461)] [android.net.ConnectivityManager.registerDefaultNetworkCallback(ConnectivityManager.java:5428)] [android.net.ConnectivityManager.registerDefaultNetworkCallback(ConnectivityManager.java:5402)] [bp$$ExternalSyntheticApiModelOutline0.m(D8$$SyntheticClass:57)] [fmj.d(PG:15)] [flo.b(PG:65)] [flo.a(PG:13)] [chuy.d(PG:3)] [chux.b(PG:57)] [chxe.b(PG:20)] [chiu.f(PG:12)] [chqu.run(PG:107)] [fqw.run(PG:3)] [vqu.run(PG:7)] [bhde.run(PG:44)] [vqb.run(PG:89)] [java.lang.Thread.run(Thread.java:1119)] [vsh.run(PG:61)]
10-08 18:12:01.242  2253  4614 D ConnectivityService: requestNetwork for uid/pid:10354/25421 activeRequest: null callbackRequest: 44298 [NetworkRequest [ REQUEST id=44299, [ Capabilities: INTERNET&NOT_RESTRICTED&TRUSTED&NOT_VCN_MANAGED&NOT_BANDWIDTH_CONSTRAINED Uid: 10354 RequestorUid: 10354 RequestorPkg: com.google.android.apps.youtube.music UnderlyingNetworks: Null] ]] callback flags: 0 order: 2147483647 isUidTracked: false declaredMethods: AVAIL|LOST|NC
10-08 18:12:01.242  2253  3576 D ConnectivityService:    accepting network in place of null for NetworkRequest [ REQUEST id=44299, [ Capabilities: INTERNET&NOT_RESTRICTED&TRUSTED&NOT_VCN_MANAGED&NOT_BANDWIDTH_CONSTRAINED Uid: 10354 RequestorUid: 10354 RequestorPkg: com.google.android.apps.youtube.music UnderlyingNetworks: Null] ]
10-08 18:12:01.243  2253  3541 D OemPaidWifiNetworkFactory: got request NetworkRequest [ REQUEST id=44299, [ Capabilities: INTERNET&NOT_RESTRICTED&TRUSTED&NOT_VCN_MANAGED&NOT_BANDWIDTH_CONSTRAINED Uid: 10354 RequestorUid: 10354 RequestorPkg: com.google.android.apps.youtube.music UnderlyingNetworks: Null] ]
10-08 18:12:01.243  2253  3541 D MultiInternetWifiNetworkFactory: got request NetworkRequest [ REQUEST id=44299, [ Capabilities: INTERNET&NOT_RESTRICTED&TRUSTED&NOT_VCN_MANAGED&NOT_BANDWIDTH_CONSTRAINED Uid: 10354 RequestorUid: 10354 RequestorPkg: com.google.android.apps.youtube.music UnderlyingNetworks: Null] ]
10-08 18:12:01.243  2253  3541 D WifiNetworkFactory: got request NetworkRequest [ REQUEST id=44299, [ Capabilities: INTERNET&NOT_RESTRICTED&TRUSTED&NOT_VCN_MANAGED&NOT_BANDWIDTH_CONSTRAINED Uid: 10354 RequestorUid: 10354 RequestorPkg: com.google.android.apps.youtube.music UnderlyingNetworks: Null] ]
10-08 18:12:01.243  2253  3541 D UntrustedWifiNetworkFactory: got request NetworkRequest [ REQUEST id=44299, [ Capabilities: INTERNET&NOT_RESTRICTED&TRUSTED&NOT_VCN_MANAGED&NOT_BANDWIDTH_CONSTRAINED Uid: 10354 RequestorUid: 10354 RequestorPkg: com.google.android.apps.youtube.music UnderlyingNetworks: Null] ]
10-08 18:12:01.243  2253  3576 D ConnectivityService: Rematched networks [computed 0ms] [applied 0ms] [issued 1]
10-08 18:12:01.243  2253  3576 D ConnectivityService: NetworkReassignment :
10-08 18:12:01.243  2253  3576 D ConnectivityService:   44299 : null  285
10-08 18:12:01.251 30869 30869 I oid.wifi.ai.iwh: Using CollectorTypeCMC GC.
10-08 18:12:01.253 30869 30869 E oid.wifi.ai.iwh: Not starting debugger since process cannot load the jdwp agent.
10-08 18:12:01.266 25421 25800 D ConnectivityManager: StackLog: [android.net.ConnectivityManager.unregisterNetworkCallback(ConnectivityManager.java:5571)] [fmj.e(PG:12)] [flm.a(PG:24)] [chun.a(PG:106)] [chul.b(PG:11)] [chiu.f(PG:12)] [chqu.run(PG:99)] [fqw.run(PG:3)] [vqu.run(PG:7)] [bhde.run(PG:44)] [vqb.run(PG:89)] [java.lang.Thread.run(Thread.java:1119)] [vsh.run(PG:61)]
10-08 18:12:01.266  2253  3576 D ConnectivityService:  Removing from current network [285 WIFI], leaving 232 requests.
10-08 18:12:01.273 30869 30887 I org.tensorflow.lite.h: Loaded native library: tensorflowlite_jni
10-08 18:12:01.273 30869 30887 I org.tensorflow.lite.h: Didn't load native library: tensorflowlite_jni_gms_client
10-08 18:12:01.274 30869 30887 I tflite  : Initialized TensorFlow Lite runtime.
10-08 18:12:01.274  1865  2078 I VSyncReactor: Current= 24, Period= 24, Distance= 24
10-08 18:12:01.275  1792 30847 E SDM     : ScalarConfig::GetAIScaleSettingsInfo: AI Scaler Config for display 68 is not present
10-08 18:12:01.275  1792 30847 W SDM     : ScalarConfig::ApplyDestScaleConfig: GetAIScaleSettingsInfo returned error=1
10-08 18:12:01.281 25395 30830 W PhBaseOp: Phenotype API error. Event: # hoxq@8b53ac6a, EventCode: COMMIT_CONFIG [CONTEXT service_id=51 ]
10-08 18:12:01.281 25395 30830 W PhBaseOp: ekja: 29544: Stale snapshot for com.google.android.libraries.consentverifier#com.google.android.apps.youtube.music(new configuration available)
10-08 18:12:01.281 25395 30830 W PhBaseOp: 	at ekky.d(:com.google.android.gms@253931035@25.39.31 (260400-813878953):441)
10-08 18:12:01.281 25395 30830 W PhBaseOp: 	at ekky.b(:com.google.android.gms@253931035@25.39.31 (260400-813878953):43)
10-08 18:12:01.281 25395 30830 W PhBaseOp: 	at ekkx.i(:com.google.android.gms@253931035@25.39.31 (260400-813878953):3)
10-08 18:12:01.281 25395 30830 W PhBaseOp: 	at ekkt.h(:com.google.android.gms@253931035@25.39.31 (260400-813878953):35)
10-08 18:12:01.281 25395 30830 W PhBaseOp: 	at ekkt.f(:com.google.android.gms@253931035@25.39.31 (260400-813878953):17)
10-08 18:12:01.281 25395 30830 W PhBaseOp: 	at ckvk.fz(:com.google.android.gms@253931035@25.39.31 (260400-813878953):1)
10-08 18:12:01.281 25395 30830 W PhBaseOp: 	at ckvo.run(:com.google.android.gms@253931035@25.39.31 (260400-813878953):128)
10-08 18:12:01.281 25395 30830 W PhBaseOp: 	at ggng.run(:com.google.android.gms@253931035@25.39.31 (260400-813878953):21)
10-08 18:12:01.281 25395 30830 W PhBaseOp: 	at bcdr.c(:com.google.android.gms@253931035@25.39.31 (260400-813878953):50)
10-08 18:12:01.281 25395 30830 W PhBaseOp: 	at bcdr.run(:com.google.android.gms@253931035@25.39.31 (260400-813878953):73)
10-08 18:12:01.281 25395 30830 W PhBaseOp: 	at java.util.concurrent.ThreadPoolExecutor.runWorker(ThreadPoolExecutor.java:1156)
10-08 18:12:01.281 25395 30830 W PhBaseOp: 	at java.util.concurrent.ThreadPoolExecutor$Worker.run(ThreadPoolExecutor.java:651)
10-08 18:12:01.281 25395 30830 W PhBaseOp: 	at bcji.run(:com.google.android.gms@253931035@25.39.31 (260400-813878953):8)
10-08 18:12:01.281 25395 30830 W PhBaseOp: 	at java.lang.Thread.run(Thread.java:1119)
10-08 18:12:01.282 25395 30830 W AsyncOperation: operation=CommitToConfigurationOperationCall, opStatusCode=29544 [CONTEXT service_id=51 ]
10-08 18:12:01.282 25395 30830 W AsyncOperation: OperationException[Status{statusCode=Stale snapshot for com.google.android.libraries.consentverifier#com.google.android.apps.youtube.music(new configuration available), resolution=null}]
10-08 18:12:01.282 25395 30830 W AsyncOperation: 	at ekkt.h(:com.google.android.gms@253931035@25.39.31 (260400-813878953):65)
10-08 18:12:01.282 25395 30830 W AsyncOperation: 	at ekkt.f(:com.google.android.gms@253931035@25.39.31 (260400-813878953):17)
10-08 18:12:01.282 25395 30830 W AsyncOperation: 	at ckvk.fz(:com.google.android.gms@253931035@25.39.31 (260400-813878953):1)
10-08 18:12:01.282 25395 30830 W AsyncOperation: 	at ckvo.run(:com.google.android.gms@253931035@25.39.31 (260400-813878953):128)
10-08 18:12:01.282 25395 30830 W AsyncOperation: 	at ggng.run(:com.google.android.gms@253931035@25.39.31 (260400-813878953):21)
10-08 18:12:01.282 25395 30830 W AsyncOperation: 	at bcdr.c(:com.google.android.gms@253931035@25.39.31 (260400-813878953):50)
10-08 18:12:01.282 25395 30830 W AsyncOperation: 	at bcdr.run(:com.google.android.gms@253931035@25.39.31 (260400-813878953):73)
10-08 18:12:01.282 25395 30830 W AsyncOperation: 	at java.util.concurrent.ThreadPoolExecutor.runWorker(ThreadPoolExecutor.java:1156)
10-08 18:12:01.282 25395 30830 W AsyncOperation: 	at java.util.concurrent.ThreadPoolExecutor$Worker.run(ThreadPoolExecutor.java:651)
10-08 18:12:01.282 25395 30830 W AsyncOperation: 	at bcji.run(:com.google.android.gms@253931035@25.39.31 (260400-813878953):8)
10-08 18:12:01.282 25395 30830 W AsyncOperation: 	at java.lang.Thread.run(Thread.java:1119)
10-08 18:12:01.287 25395 25395 D BoundBrokerSvc: onRebind: Intent { act=com.google.android.gms.auth.aang.events.services.START dat=chimera-action:/... cmp=com.google.android.gms/.chimera.PersistentApiService }
10-08 18:12:01.288 25421 25783 E YouTubeMusic: YTN: The custom payload could not be unpacked.
10-08 18:12:01.306 30869 30887 I tflite  : Created TensorFlow Lite delegate for select TF ops.
10-08 18:12:01.308 30869 30887 I tflite  : TfLiteFlexDelegate delegate: 0 nodes delegated out of 20 nodes with 0 partitions.
10-08 18:12:01.308 30869 30887 I tflite  : Replacing 12 node(s) with delegate (TfLiteFlexDelegate) node, yielding 3 partitions.
10-08 18:12:01.309  1717  5718 I vendor.qti.bluetooth@1.0-ibs_handler: ProcessIbsCmd: Received IBS_WAKE_IND: 0xFD
10-08 18:12:01.309  1717  5718 D vendor.qti.bluetooth@1.0-ibs_handler: SerialClockVote: vote for UART CLK ON
10-08 18:12:01.309  1717  5718 D vendor.qti.bluetooth@1.0-wake_lock: Acquire wakelock is acquired 
10-08 18:12:01.309  1717  5718 I vendor.qti.bluetooth@1.0-ibs_handler: ProcessIbsCmd: Writing IBS_WAKE_ACK
10-08 18:12:01.316  4184  5737 I BtGatt.ScanHelper: onScanResult to scannerId: 5- eventType=0x1b, addressType=0, address=XX:XX:XX:XX:F3:73, primaryPhy=1, secondaryPhy=0, advertisingSid=0xff, txPower=127, rssi=-61, periodicAdvInt=0x0
10-08 18:12:01.317 30869 30887 I tflite  : Replacing 2 node(s) with delegate (TfLiteFlexDelegate) node, yielding 2 partitions.
10-08 18:12:01.317 30869 30887 I tflite  : Replacing 6 node(s) with delegate (TfLiteFlexDelegate) node, yielding 7 partitions.
10-08 18:12:01.318 30869 30887 I tflite  : Replacing 2 node(s) with delegate (TfLiteFlexDelegate) node, yielding 5 partitions.
10-08 18:12:01.319 30869 30887 W libc    : Access denied finding property "ro.mediatek.platform"
10-08 18:12:01.321 30869 30887 I tflite  : Created TensorFlow Lite XNNPACK delegate for CPU.
10-08 18:12:01.324  4184  5737 I BtGatt.ScanHelper: onScanResult to scannerId: 3- eventType=0x1b, addressType=0, address=XX:XX:XX:XX:F3:73, primaryPhy=1, secondaryPhy=0, advertisingSid=0xff, txPower=127, rssi=-62, periodicAdvInt=0x0
10-08 18:12:01.324  4184  5737 I BtGatt.ScanHelper: onScanResult to scannerId: 10- eventType=0x1b, addressType=0, address=XX:XX:XX:XX:F3:73, primaryPhy=1, secondaryPhy=0, advertisingSid=0xff, txPower=127, rssi=-62, periodicAdvInt=0x0
10-08 18:12:01.324  9787  9887 I [+0200]oneconnect[1.8.37.23_01][CORE]: DataConvert.parseBleVd - deviceBle : |name:($)-4(19)|deviceType:UNKNOWN|discoverType:_BLE|services:None|connected:false[Type]6[Index]5[MNID]0AJK[SETUPID]401[TvStatusString]EXTENSION[TvStatus]32[TvService]103[TvMirrorChannel]0[TvRegisteredDB]null[TvYear]2024[TvOcfInfo]15[TvAcmStatus]0[ExTvStatus]2[ExtendedStatus]4[ModuloSn]109
10-08 18:12:01.325 21872 21899 I [+0200]oneconnect[1.8.37.23_01][BEACON_MANAGER_CONTROL_SERVICE]: TvOcfParser.onReceive - TV Popup Onboarding is skipped - ($)
10-08 18:12:01.326 30869 30887 I IwhInfService: IWH model: GZymIJwRLd / 0 /  T  | 200 / 2 / 1
10-08 18:12:01.326 24140 24140 I HBD     : h onCapabilityChanged  setNetworkState currentNetworkState : wifi 
10-08 18:12:01.329  2253  3711 D CompatChangeReporter: Compat change id reported: 311208629; UID 1000; state: ENABLED
10-08 18:12:01.329  2253  3711 W ContextImpl: Calling a method in the system process without a qualified user: android.app.ContextImpl.stopService:2005 com.samsung.android.server.wifi.SemWifiIntelligentConnectionManager$IntelligentConnectionManagerHandler.handleMessage:258 android.os.Handler.dispatchMessage:107 android.os.Looper.loopOnce:257 android.os.Looper.loop:342 
10-08 18:12:01.330  2253  3711 I Process : Sending signal. PID: 30869 SIG: 9
10-08 18:12:01.330  2253  3711 I SemWifiIntelligentConnectionManager: HQ: GZymIJwRLd / 2b:87 / 5500 / -41 / 1729 / 988 | 90 / 1026 / 13 / NR / F / F / T / 0 / 61 | 0 / 0 (-75.0) ---> S / S / 0
10-08 18:12:01.341  1627  1627 I Zygote  : Process 30869 exited due to signal 9 (Killed)
10-08 18:12:01.341  2253 21902 I ActivityManager: Process com.samsung.android.wifi.ai.iwh (pid 30869) has died: cch+5 CEM (1158,3371)
10-08 18:12:01.342  2253  2846 I libprocessgroup: Removed cgroup /sys/fs/cgroup/uid_1000/pid_30869
10-08 18:12:01.342  2253  2814 W IPCThreadState: Sending oneway calls to frozen process.
10-08 18:12:01.345  1792  2091 I SDM     : DisplayBase::CommitThread: Received idle timeout, panel: cmd, timeout: 70000 us
10-08 18:12:01.364  1717  5718 I vendor.qti.bluetooth@1.0-ibs_handler: ProcessIbsCmd: Received IBS_SLEEP_IND: 0xFE
10-08 18:12:01.364  1717  5718 D vendor.qti.bluetooth@1.0-ibs_handler: SerialClockVote: vote for UART CLK OFF
10-08 18:12:01.395 25421 25783 W YouTubeMusic: Empty persistent device token received from InnerTube.
10-08 18:12:01.395 25421 25766 W YouTubeMusic: Empty persistent device token received from InnerTube.
10-08 18:12:01.419  1717  5718 I vendor.qti.bluetooth@1.0-ibs_handler: ProcessIbsCmd: Received IBS_WAKE_IND: 0xFD
10-08 18:12:01.419  1717  5718 D vendor.qti.bluetooth@1.0-ibs_handler: SerialClockVote: vote for UART CLK ON
10-08 18:12:01.419  1717  5718 I vendor.qti.bluetooth@1.0-ibs_handler: ProcessIbsCmd: Writing IBS_WAKE_ACK
10-08 18:12:01.423  4184  5737 I BtGatt.ScanHelper: onScanResult to scannerId: 5- eventType=0x1b, addressType=0, address=XX:XX:XX:XX:F3:73, primaryPhy=1, secondaryPhy=0, advertisingSid=0xff, txPower=127, rssi=-64, periodicAdvInt=0x0
10-08 18:12:01.428  4184  5737 I BtGatt.ScanHelper: onScanResult to scannerId: 5- eventType=0x1b, addressType=0, address=XX:XX:XX:XX:F3:73, primaryPhy=1, secondaryPhy=0, advertisingSid=0xff, txPower=127, rssi=-61, periodicAdvInt=0x0
10-08 18:12:01.432 25421 25800 I NotificationManager: com.google.android.apps.youtube.music: notify(0, MUSIC_NEW_RELEASE::7766601f-4375-4307-8535-20f3a2c5fd62, Notification(channel=5 shortcut=null contentView=null vibrate=null sound=null defaults=0 flags=ONLY_ALERT_ONCE|AUTO_CANCEL color=0xffff0033 groupKey=1289543095::SUMMARY::4617827722037408613 actions=3 vis=PRIVATE semFlags=0x0 semPriority=0 semMissedCount=0)) as user
10-08 18:12:01.432 25421 25800 D NotificationManager: BOOTING pkg =com.google.android.apps.youtube.music mBlockedChannelsForOverflowNoti=[]
10-08 18:12:01.436 25421 25800 E YouTubeMusic: java.lang.IllegalStateException: Expected only one extension, saw 0
10-08 18:12:01.436 25421 25800 E YouTubeMusic: java.lang.IllegalStateException: Expected only one extension, saw 0
10-08 18:12:01.436 25421 25800 E YouTubeMusic: 	at bjmb.a(PG:74)
10-08 18:12:01.436 25421 25800 E YouTubeMusic: 	at anae.c(PG:137)
10-08 18:12:01.436 25421 25800 E YouTubeMusic: 	at amzv.f(PG:1)
10-08 18:12:01.436 25421 25800 E YouTubeMusic: 	at amzu.c(PG:19)
10-08 18:12:01.436 25421 25800 E YouTubeMusic: 	at aurv.n(PG:303)
10-08 18:12:01.436 25421 25800 E YouTubeMusic: 	at aurv.h(PG:83)
10-08 18:12:01.436 25421 25800 E YouTubeMusic: 	at aavw.i(PG:68)
10-08 18:12:01.436 25421 25800 E YouTubeMusic: 	at aavw.j(PG:305)
10-08 18:12:01.436 25421 25800 E YouTubeMusic: 	at aavw.n(PG:291)
10-08 18:12:01.436 25421 25800 E YouTubeMusic: 	at aavs.b(PG:29)
10-08 18:12:01.436 25421 25800 E YouTubeMusic: 	at aavs.a(PG:25)
10-08 18:12:01.436 25421 25800 E YouTubeMusic: 	at abdb.b(PG:54)
10-08 18:12:01.436 25421 25800 E YouTubeMusic: 	at abdb.a(PG:13)
10-08 18:12:01.436 25421 25800 E YouTubeMusic: 	at ciaq.b(PG:14)
10-08 18:12:01.436 25421 25800 E YouTubeMusic: 	at ciaq.a(PG:2)
10-08 18:12:01.436 25421 25800 E YouTubeMusic: 	at chow.a(PG:52)
10-08 18:12:01.436 25421 25800 E YouTubeMusic: 	at abdc.a(PG:32)
10-08 18:12:01.436 25421 25800 E YouTubeMusic: 	at aavw.e(PG:98)
10-08 18:12:01.436 25421 25800 E YouTubeMusic: 	at aavu.b(PG:13)
10-08 18:12:01.436 25421 25800 E YouTubeMusic: 	at chiu.f(PG:12)
10-08 18:12:01.436 25421 25800 E YouTubeMusic: 	at chqu.run(PG:107)
10-08 18:12:01.436 25421 25800 E YouTubeMusic: 	at vqu.run(PG:7)
10-08 18:12:01.436 25421 25800 E YouTubeMusic: 	at bhde.run(PG:44)
10-08 18:12:01.436 25421 25800 E YouTubeMusic: 	at vqb.run(PG:89)
10-08 18:12:01.436 25421 25800 E YouTubeMusic: 	at java.lang.Thread.run(Thread.java:1119)
10-08 18:12:01.436 25421 25800 E YouTubeMusic: 	at vsh.run(PG:61)
10-08 18:12:01.436 25421 25800 W YouTubeMusic: Unknown command not resolved# bmie@97c6c74a
10-08 18:12:01.468  1717  5718 I vendor.qti.bluetooth@1.0-ibs_handler: ProcessIbsCmd: Received IBS_SLEEP_IND: 0xFE
10-08 18:12:01.468  1717  5718 D vendor.qti.bluetooth@1.0-ibs_handler: SerialClockVote: vote for UART CLK OFF
10-08 18:12:01.618  1717  4825 D vendor.qti.bluetooth@1.0-wake_lock: Release wakelock is released 
10-08 18:12:01.635  2253  2253 I Telecom : SamsungTelecomServiceImpl : isInManagedCall - callingPackage : android / callingUser : UserHandle{0} / hasCrossUserAccess : true
10-08 18:12:01.643  2253  2253 D NotificationReminder: addNotificationRecord record com.google.android.apps.youtube.music
10-08 18:12:01.646  2253  5245 D ActivityManager: unpendingScheduleServiceRestart: u=10334, drop=false
10-08 18:12:01.648 23130 23130 I NotificationListener: Received new notification
10-08 18:12:01.648 23130 23584 I NotificationPipeline: Processing new notification: 0|com.google.android.apps.youtube.music|0|MUSIC_NEW_RELEASE::7766601f-4375-4307-8535-20f3a2c5fd62|10354
10-08 18:12:01.649 23130 23584 W Notification4Heart_NB: Watch.isEnabled-main switch - off : [0] com.google.android.apps.youtube.music
10-08 18:12:01.649 23130 23584 W Notification4Heart_NB: NotificationBridgeCallback.onNotificationPosted-block : [0] com.google.android.apps.youtube.music
10-08 18:12:01.649  4850 23436 I HoneySpace.NotificationListener: onNotificationPosted com.google.android.apps.youtube.music: 0|com.google.android.apps.youtube.music|0|MUSIC_NEW_RELEASE::7766601f-4375-4307-8535-20f3a2c5fd62|10354: 0
10-08 18:12:01.650  4850 23436 I HoneySpace.NotificationListener: invalid notification: com.google.android.apps.youtube.music UserHandle{0}: canShowBadge is false
10-08 18:12:01.650  2253  5240 D FreecessController: UFZ : com.samsung.android.game.gamehome(10334) [22972] reason: Binder(1)-android.service.notification.INotificatio
10-08 18:12:01.650  2253  5245 W LocationManagerService: onFreezeStateChanged, uid[10334]=false
10-08 18:12:01.650  2253  5245 I PowerManagerService: [PWL] SetWakeLockEnableDisable uid = 10334 , disable= false
10-08 18:12:01.650  2253  5245 I PowerManagerService: [PWL] can not change uid =  10334
10-08 18:12:01.650 23130 17730 W Notification4Heart_NB: NotificationHistoryInterface.flushHistoryMap-Flush. map size : 1
10-08 18:12:01.650  4850 28005 I HoneySpace.PackageEventOperator: [AbsFolderViewModel|8] badge count is updated. com.google.android.apps.youtube.music/.activities.MusicActivity#UserHandle{0}|15 : 0
10-08 18:12:01.650  4850 22818 I HoneySpace.PackageEventOperator: [WorkspaceViewModel] badge count is updated. com.google.android.apps.youtube.music/.activities.MusicActivity#UserHandle{0}|15 : 0
10-08 18:12:01.650  4850 22818 I HoneySpace.PackageEventOperator: [ApplistViewModel] badge count is updated. com.google.android.apps.youtube.music/.activities.MusicActivity#UserHandle{0}|76 : 0
10-08 18:12:01.650 22972 22972 W GameLauncher: NotificationListener Ignore non game notification: com.google.android.apps.youtube.music
10-08 18:12:01.691  3898  3898 I LockscreenNotificationIconsOnlyController: onNotificationInfoUpdated 0
10-08 18:12:01.691  3898  3898 I AODNotificationManager: updateNotification() 
10-08 18:12:01.726 25395 30692 I NearbySharing: Network state changed: NetworkState(isRestricted=false, isOnline=true, isCongested=false, isMetered=false, isWifiConnected=true)
10-08 18:12:01.734  1792 30847 E SDM     : ScalarConfig::GetAIScaleSettingsInfo: AI Scaler Config for display 68 is not present
10-08 18:12:01.734  1792 30847 W SDM     : ScalarConfig::ApplyDestScaleConfig: GetAIScaleSettingsInfo returned error=1
10-08 18:12:01.806  1792  2091 I SDM     : DisplayBase::CommitThread: Received idle timeout, panel: cmd, timeout: 70000 us
10-08 18:12:01.849  3898  3898 D InterruptionStateProvider:  no Heads up : edgelighting enabled app. 0|com.google.android.apps.youtube.music|0|MUSIC_NEW_RELEASE::7766601f-4375-4307-8535-20f3a2c5fd62|10354
10-08 18:12:01.849  3898  3898 D InsignificantCoordinator: onEntryAdded :0|com.google.android.apps.youtube.music|0|MUSIC_NEW_RELEASE::7766601f-4375-4307-8535-20f3a2c5fd62|10354 flags: 0 entrySize:0
10-08 18:12:01.863  3898  3898 I LockscreenNotificationIconsOnlyController: onNotificationInfoUpdated 0
10-08 18:12:01.863  3898  3898 I AODNotificationManager: updateNotification() 
10-08 18:12:01.869  1791  1886 I SnapAlloc: Using graphics libs for alignment calculations
10-08 18:12:01.876  3898  3898 I AppIconSolution: return adaptive icon for com.google.android.apps.youtube.music, isNight = true
10-08 18:12:01.876  1791  1886 I SnapAlloc: Using graphics libs for alignment calculations
10-08 18:12:01.881  3898  3898 I AppIconSolution: return adaptive icon for com.google.android.apps.youtube.music, isNight = true
10-08 18:12:01.899  3898  3898 D PluginActionManager: startListening
10-08 18:12:01.899  3898  4413 D PluginActionManager: queryAll com.android.systemui.action.PLUGIN_NOTIFICATION_MENU_ROW
10-08 18:12:01.899  3898  4413 D PluginActionManager: Found 0 plugins
10-08 18:12:01.900  1792 30847 E SDM     : ScalarConfig::GetAIScaleSettingsInfo: AI Scaler Config for display 68 is not present
10-08 18:12:01.900  1792 30847 W SDM     : ScalarConfig::ApplyDestScaleConfig: GetAIScaleSettingsInfo returned error=1
10-08 18:12:01.900  3898  3898 I View    : setRequestedFrameRate frameRate=-2.0, this=StatusBarIconView(slot='com.google.android.apps.youtube.music/0x0' alpha=1.0 icon=StatusBarIcon(icon=Icon(typ=RESOURCE pkg=com.google.android.apps.youtube.music id=0x7f080533) visible user=0 ) visibleState=ICON iconColor=#0 staticDrawableColor=#0 decorColor=#ff1b6cf7 animationStartColor=#0 currentSetColor=#0 notification=StatusBarNotification(pkg=com.google.android.apps.youtube.music user=UserHandle{0} id=0 tag=MUSIC_NEW_RELEASE::7766601f-4375-4307-8535-20f3a2c5fd62 key=0|com.google.android.apps.youtube.music|0|MUSIC_NEW_RELEASE::7766601f-4375-4307-8535-20f3a2c5fd62|10354: Notification(channel=5 shortcut=null contentView=null vibrate=null sound=null defaults=0 flags=ONLY_ALERT_ONCE|AUTO_CANCEL color=0xffff0033 groupKey=1289543095::SUMMARY::4617827722037408613 actions=3 vis=PRIVATE semFlags=0x0 semPriority=0 semMissedCount=0))), caller=com.android.systemui.statusbar.StatusBarIconView.onAttachedToWindow:6 android.view.View.dispatchAttachedToWindow:24135 android.view.ViewGroup.addViewInner:5547 android.view.ViewGroup.addView:5323 com.android.systemui.statusbar.phone.LegacyNotificationIconAreaControllerImpl.updateIconsForLayout:425 
10-08 18:12:01.900  3898  3898 I View    : setRequestedFrameRate frameRate=-2.0, this=StatusBarIconView(slot='com.google.android.apps.youtube.music/0x0' alpha=1.0 icon=StatusBarIcon(icon=Icon(typ=RESOURCE pkg=com.google.android.apps.youtube.music id=0x7f080533) visible user=0 ) visibleState=ICON iconColor=#ffff0033 staticDrawableColor=#ffff0033 decorColor=#ff1b6cf7 animationStartColor=#0 currentSetColor=#ffff0033 notification=StatusBarNotification(pkg=com.google.android.apps.youtube.music user=UserHandle{0} id=0 tag=MUSIC_NEW_RELEASE::7766601f-4375-4307-8535-20f3a2c5fd62 key=0|com.google.android.apps.youtube.music|0|MUSIC_NEW_RELEASE::7766601f-4375-4307-8535-20f3a2c5fd62|10354: Notification(channel=5 shortcut=null contentView=null vibrate=null sound=null defaults=0 flags=ONLY_ALERT_ONCE|AUTO_CANCEL color=0xffff0033 groupKey=1289543095::SUMMARY::4617827722037408613 actions=3 vis=PRIVATE semFlags=0x0 semPriority=0 semMissedCount=0))), caller=com.android.systemui.statusbar.StatusBarIconView.onAttachedToWindow:6 android.view.View.dispatchAttachedToWindow:24135 android.view.ViewGroup.addViewInner:5547 android.view.ViewGroup.addView:5323 com.android.systemui.statusbar.phone.LegacyNotificationIconAreaControllerImpl.updateIconsForLayout:425 
10-08 18:12:01.903  3898  3898 I LockscreenNotificationIconsOnlyController: onNotificationInfoUpdated 0
10-08 18:12:01.903  3898  3898 I AODNotificationManager: updateNotification() 
10-08 18:12:02.013  1792  2091 I SDM     : DisplayBase::CommitThread: Received idle timeout, panel: cmd, timeout: 70000 us
10-08 18:12:02.026  1792 30847 E SDM     : ScalarConfig::GetAIScaleSettingsInfo: AI Scaler Config for display 68 is not present
10-08 18:12:02.026  1792 30847 W SDM     : ScalarConfig::ApplyDestScaleConfig: GetAIScaleSettingsInfo returned error=1
10-08 18:12:02.108  1865  1865 I LayerHistory: StatusBar$_3898#95 Max (can't resolve refresh rate)
10-08 18:12:02.108  1865  1865 I SurfaceFlinger: scored - choose 120.00 Hz
10-08 18:12:02.109  1865  1865 I HWComposer: [4630946249045481107] ActiveConfigToHWC, ID : 0
10-08 18:12:02.109  1792 30847 I SDM     : SDMDisplay::SetActiveConfigWithConstraints: ActiveConfig: 0
10-08 18:12:02.111  1792 30847 W SDM     : HWDeviceDRM::GetSupportedBitClkRate: Requested rate not supported: 951000000
10-08 18:12:02.111  1792 30847 I SDM     : HWDeviceDRM::UpdateMixerAttributes: Mixer WxH 1080x2340-1 for Peripheral
10-08 18:12:02.111  1792 30847 I SDM     : DisplayBuiltIn::SetActiveConfig: setting activeConfig(0) on Display 16777284-0. error(0)
10-08 18:12:02.111  1792 30847 I SDM     : SDMDisplay::FinalizeDisplayConfig: ActiveConfig changed from config 5(5) to 0(0) for display [0]-[0]
10-08 18:12:02.113  1792  2091 I SDM     : HWDeviceDRM::SetupAtomic: update ActiveConfig. pre_vrefresh : 24, current_vrefresh: 120, update_mode_: 1
10-08 18:12:02.132  1865  2078 I VSyncReactor: Current= 24, Period= 120, hwcPeriod= 24
10-08 18:12:02.140  1865  2078 I VSyncReactor: Current= 24, Period= 120, hwcPeriod= 24
10-08 18:12:02.148  1865  2078 I VSyncReactor: Current= 24, Period= 120, hwcPeriod= 24
10-08 18:12:02.157  1865  2078 I VSyncReactor: Current= 24, Period= 120, hwcPeriod= 120
10-08 18:12:02.166 21692 24845 I Notification4Heart_AM: NotificationHistoryModel.updateHistories-last: {userId: 0, packageName: com.google.android.apps.youtube.music, timestamp: 1759939921650, pendingReason: blocked, receivedWatchNodeId: , count: 1}
10-08 18:12:02.171  1726  6222 I sensors-hal: handle_sns_std_sensor_event:90, light_cct: ts = 1490845611076015 ns; value = [4, 4, 194, 208, 4, 78, 0, 3, 9277, 0]
10-08 18:12:02.183  2253  2816 D LocalDisplayAdapter: updateActiveModeLocked for d=4630946249045481107, mActiveModeId=1, mActiveSfDisplayMode=DisplayMode{id=0, width=1080, height=2340, xDpi=415.636, yDpi=418.563, peakRefreshRate=120.00001, vsyncRate=120.00001, appVsyncOffsetNanos=0, presentationDeadlineNanos=9333333, supportedHdrTypes=[4, 2, 3], group=0}
10-08 18:12:02.184  2253  2816 I DisplayDeviceRepository: Display device changed render timings: "cran intgr", renderFrameRate=120.00001, presentationDeadlineNanos=9333333, appVsyncOffsetNanos=0
10-08 18:12:02.186  2253  2973 D BrightnessThermalClamper: Thermal status observer already started
10-08 18:12:02.186  2253  2253 D SGM:GameManager: onDisplayChanged. displyId: 0, state: 2
10-08 18:12:02.186  2253  2253 D AODManagerService: requestReCalToTSP IsSingleTouchMode = falserequestedReCalToTSP = false / previousDisplayState = ON
10-08 18:12:02.186  2253  3497 D SGM:FgCheckThread: onLooperPrepared(), msg: MSG_LCD_ON
10-08 18:12:02.187  1818 32013 D AudioFlinger: setParameters: filtered dev setParameters keyvalue screen_state=on
10-08 18:12:02.187  2253  5935 D LiftUpHandler: [LTW] Stopped already.
10-08 18:12:02.187  1865  5154 D NativeSemDvfsManager: acquire:: timeout = 2000 mIsAcquired = 1  mTagName : SurfaceFlinger 
10-08 18:12:02.188  1733  5200 I PAL: API: pal_set_param: 1377: Enter: param id 8
10-08 18:12:02.188  1733  5200 I PAL: ResourceManager: setParameter: 11416: Screen State:1
10-08 18:12:02.188  4850  4850 I VRI[RecentsTransitionOverlay]@8ac88c7: onDisplayChanged oldDisplayState=2 newDisplayState=2
10-08 18:12:02.188  4850  4850 I VRI[LauncherActivity]@d5ce047: onDisplayChanged oldDisplayState=2 newDisplayState=2
10-08 18:12:02.188  4850  4850 I VRI[CocktailBarService]@e62f764: onDisplayChanged oldDisplayState=2 newDisplayState=2
10-08 18:12:02.188  1733  5200 D AHAL_Module: updateScreenState: usb: 1
10-08 18:12:02.188  4850  4850 I VRI[RecentsActivity]@a4e7abd: onDisplayChanged oldDisplayState=2 newDisplayState=2
10-08 18:12:02.188  2253  2816 W IPCThreadState: Sending oneway calls to frozen process.
10-08 18:12:02.188  1733  5200 D AHAL_Module: updateScreenState: r_submix: 1
10-08 18:12:02.188  1733  5200 D AHAL_Module: updateScreenState: bluetooth: 1
10-08 18:12:02.188  4850 20929 I HoneySpace.Memory-Monitor: current state = 2, didTrim = false
10-08 18:12:02.188  4850 20929 I HoneySpace.RefreshRateSource: singleFrameMs 8
10-08 18:12:02.189  3898  4230 I VRI[ShellDropTarget]@a8274a2: onDisplayChanged oldDisplayState=2 newDisplayState=2
10-08 18:12:02.189  1737  1875 I HYPER-HAL: [RequestManager.cpp]acquire(): Acquired ID : 4106545  [1865 / 1000]    HINT : SF_GPU_MINLOCK    list : [TIMEOUT / 2000] 
10-08 18:12:02.189 24140 24140 I VRI[InputMethod]@d3661bf: onDisplayChanged oldDisplayState=2 newDisplayState=2
10-08 18:12:02.189  2253  2816 D RefreshRateModeManager: updateDefaultDisplayToken: android.os.BinderProxy@4c8bc6f, isChanged: false
10-08 18:12:02.190  1865  2078 I VSyncReactor: Current= 120, Period= 120, Distance= 24
10-08 18:12:02.190 21692 21692 I CAMERA_CONTROLLER: [2]n.n():2 - display changed
10-08 18:12:02.190 21692 21692 I CAMERA_CONTROLLER: [2]n.n():2
10-08 18:12:02.190   515   515 I VRI[LauncherActivity]@2dad10f: onDisplayChanged oldDisplayState=2 newDisplayState=2
10-08 18:12:02.190 21692 21692 I CAMERA_CONTROLLER: [2]e.a():39 - presentationDisplaynull
10-08 18:12:02.190 21692 21692 W CAMERA_CONTROLLER: [2]n.n():2 - presentationDisplay is null, return
10-08 18:12:02.190 21692 21692 W CAMERA_CONTROLLER: [2]n.n():2 - display is not portrait mode 
10-08 18:12:02.190  3898  3898 D DisplayLifecycle: updateDisplay id = 0
10-08 18:12:02.190 30674 30674 I VRI[MainActivity]@b3c99ab: onDisplayChanged oldDisplayState=2 newDisplayState=2
10-08 18:12:02.191  2253  4379 D WifiDisplayAdapter: isFitToActiveDisplayLocked : false
10-08 18:12:02.191  3898  4382 D StackScroller: onDisplayChanged for predraw skip to 2
10-08 18:12:02.191  1865  5154 E NativeCustomFrequencyManager: [NativeCFMS] BpCustomFrequencyManager::acquire()
10-08 18:12:02.191  3898  3898 I VRI[LockscreenShortcutBlur]@4318fe7: onDisplayChanged oldDisplayState=2 newDisplayState=2
10-08 18:12:02.191  3898  3898 I VRI[NavigationBar0]@702fe8a: onDisplayChanged oldDisplayState=2 newDisplayState=2
10-08 18:12:02.191  3898  3898 I VRI[NotificationShade]@a293cbb: onDisplayChanged oldDisplayState=2 newDisplayState=2
10-08 18:12:02.191  3898  3898 I VRI[StatusBar]@ac48833: onDisplayChanged oldDisplayState=2 newDisplayState=2
10-08 18:12:02.191  3898  3898 I VRI[Bouncer]@b2c7a74: onDisplayChanged oldDisplayState=2 newDisplayState=2
10-08 18:12:02.191  3898  3898 I VRI[KeyguardBiometricToastView]@ac55d25: onDisplayChanged oldDisplayState=2 newDisplayState=2
10-08 18:12:02.191 26243 26243 I VRI[HintService]@7d80846: onDisplayChanged oldDisplayState=2 newDisplayState=2
10-08 18:12:02.198  1865  2078 I VSyncReactor: Current= 120, Period= 120, Distance= 120
10-08 18:12:02.199  1792 30847 E SDM     : ScalarConfig::GetAIScaleSettingsInfo: AI Scaler Config for display 68 is not present
10-08 18:12:02.199  1792 30847 W SDM     : ScalarConfig::ApplyDestScaleConfig: GetAIScaleSettingsInfo returned error=1
10-08 18:12:02.269  1792  2091 I SDM     : DisplayBase::CommitThread: Received idle timeout, panel: cmd, timeout: 70000 us
10-08 18:12:02.564  2253  3725 D WifiConnectivityMonitor.NetworkStatsAnalyzer: Backhaul result - RSSI:-41, CE:6, PE:6, TI:16, PTI:16, TW:0, PTW:0, Tx:81, Rx:124, TxS:2, RxS:4, RESULT:true, IC:0, ICT:5, WC:0, WCT:5, R:0, RC:0, IE:0, EC:0
10-08 18:12:02.587  1803  1803 I seh_thermal_service: getTemperaturesWithType SehTemperatureType: 3
10-08 18:12:02.587  1801  1801 I sehhealth-service: updateLrpSysfs: write: 278
10-08 18:12:02.588  1801  1882 E BatteryDump: !@new_battery_dump : 4192,370,475,550,76,257,251,263,257,0,278,261,0,Charging,NO_CHARGING,Normal,Good,USB,1,Normal,0,0,9300,0x0,0x10000,0x0,0,0,177,v0002,0000,0000,00000000,0,0,0,0,68,4171,7543,990,0,
10-08 18:12:02.742  1726 21135 I sensors-hal: handle_sns_std_sensor_event:132, [SSC_LIGHT] A: 4(4),c:276,b:78,m:0,cl:53,l:4,s:2,l0:92431,l1:19297,s0:28,s1:6,acl:3,opr:0.81,f(r):95,u(bl):98,if:64,wi:4,si:3,64(N:0)
10-08 18:12:02.893 25395 30830 I NearbyMediums: No BLE Fast/GATT advertisements found in the latest cycle.
10-08 18:12:02.893 25395 30830 I NearbyMediums: Current Tracked Scanning Clients are : {NearbyConnections.EnvironmentMonitor, NearbySharing, NearbyConnections.TxAdvertisement}
10-08 18:12:02.963  1220  1220 D io_stats: !@   8,0 r 52762498 1265259532 w 31911713 743754292 d 4774067 987483784 f 697991 2243053 iot 24531540 0 th 0 0 0 pt 0 inp 0 0 1143553.325
10-08 18:12:02.963  1220  1220 D io_stats: !@ Read_top(KB): s.youtube.music(25421) 29472 ndroid.systemui(3898) 104 .gms.persistent(25395) 56
10-08 18:12:02.963  1220  1220 D io_stats: !@ Write_top(KB): s.youtube.music(25421) 264 kworker/4:1(23546) 216 f2fs_ckpt-254:6(1405) 204
10-08 18:12:03.169 21692 29711 I Notification4Heart_AM: BroadcastUtils.sendBroadcast-nodeId: all, action: HISTORY_UPDATED
10-08 18:12:03.423  1717  5718 I vendor.qti.bluetooth@1.0-ibs_handler: ProcessIbsCmd: Received IBS_WAKE_IND: 0xFD
10-08 18:12:03.424  1717  5718 D vendor.qti.bluetooth@1.0-ibs_handler: SerialClockVote: vote for UART CLK ON
10-08 18:12:03.424  1717  5718 D vendor.qti.bluetooth@1.0-wake_lock: Acquire wakelock is acquired 
10-08 18:12:03.424  1717  5718 I vendor.qti.bluetooth@1.0-ibs_handler: ProcessIbsCmd: Writing IBS_WAKE_ACK
10-08 18:12:03.432  4184  5737 I BtGatt.ScanHelper: onScanResult to scannerId: 5- eventType=0x1b, addressType=0, address=XX:XX:XX:XX:F3:73, primaryPhy=1, secondaryPhy=0, advertisingSid=0xff, txPower=127, rssi=-65, periodicAdvInt=0x0
10-08 18:12:03.433  4184  5737 I BtGatt.ScanHelper: onScanResult to scannerId: 5- eventType=0x1b, addressType=0, address=XX:XX:XX:XX:F3:73, primaryPhy=1, secondaryPhy=0, advertisingSid=0xff, txPower=127, rssi=-64, periodicAdvInt=0x0
10-08 18:12:03.472  1717  5718 I vendor.qti.bluetooth@1.0-ibs_handler: ProcessIbsCmd: Received IBS_SLEEP_IND: 0xFE
10-08 18:12:03.472  1717  5718 D vendor.qti.bluetooth@1.0-ibs_handler: SerialClockVote: vote for UART CLK OFF
10-08 18:12:03.531  1717  5718 I vendor.qti.bluetooth@1.0-ibs_handler: ProcessIbsCmd: Received IBS_WAKE_IND: 0xFD
10-08 18:12:03.531  1717  5718 D vendor.qti.bluetooth@1.0-ibs_handler: SerialClockVote: vote for UART CLK ON
10-08 18:12:03.531  1717  5718 I vendor.qti.bluetooth@1.0-ibs_handler: ProcessIbsCmd: Writing IBS_WAKE_ACK
10-08 18:12:03.537  4184  5737 I BtGatt.ScanHelper: onScanResult to scannerId: 3- eventType=0x1b, addressType=0, address=XX:XX:XX:XX:F3:73, primaryPhy=1, secondaryPhy=0, advertisingSid=0xff, txPower=127, rssi=-63, periodicAdvInt=0x0
10-08 18:12:03.537  4184  5737 I BtGatt.ScanHelper: onScanResult to scannerId: 10- eventType=0x1b, addressType=0, address=XX:XX:XX:XX:F3:73, primaryPhy=1, secondaryPhy=0, advertisingSid=0xff, txPower=127, rssi=-63, periodicAdvInt=0x0
10-08 18:12:03.538  9787  9887 I [+0200]oneconnect[1.8.37.23_01][CORE]: DataConvert.parseBleVd - deviceBle : |name:($)-4(19)|deviceType:UNKNOWN|discoverType:_BLE|services:None|connected:false[Type]6[Index]5[MNID]0AJK[SETUPID]401[TvStatusString]EXTENSION[TvStatus]32[TvService]103[TvMirrorChannel]0[TvRegisteredDB]null[TvYear]2024[TvOcfInfo]15[TvAcmStatus]0[ExTvStatus]2[ExtendedStatus]4[ModuloSn]109
10-08 18:12:03.540 21872 21899 I [+0200]oneconnect[1.8.37.23_01][BEACON_MANAGER_CONTROL_SERVICE]: TvOcfParser.onReceive - TV Popup Onboarding is skipped - ($)
10-08 18:12:03.543  4184  5737 I BtGatt.ScanHelper: onScanResult to scannerId: 5- eventType=0x1b, addressType=0, address=XX:XX:XX:XX:F3:73, primaryPhy=1, secondaryPhy=0, advertisingSid=0xff, txPower=127, rssi=-63, periodicAdvInt=0x0
10-08 18:12:03.583  1717  5718 I vendor.qti.bluetooth@1.0-ibs_handler: ProcessIbsCmd: Received IBS_SLEEP_IND: 0xFE
10-08 18:12:03.583  1717  5718 D vendor.qti.bluetooth@1.0-ibs_handler: SerialClockVote: vote for UART CLK OFF
10-08 18:12:03.733  1717  4825 D vendor.qti.bluetooth@1.0-wake_lock: Release wakelock is released 
10-08 18:12:04.190  1737 30908 I HYPER-HAL: [RequestManager.cpp]releaseLocked(): Released ID : 4106545
10-08 18:12:04.255  2253  3541 W WifiNetworkFactory: Connected to unknown network * ID: 0 SSID: "Bbox-PTW" PROVIDER-NAME: null BSSID: null FQDN: null HOME-PROVIDER-NETWORK: false PRIO: 0 HIDDEN: false PMF: false CarrierId: -1 SubscriptionId: -1 SubscriptionGroup: null Currently Connected: true User Selected: false
10-08 18:12:04.255  2253  3541 W WifiNetworkFactory:  NetworkSelectionStatus NETWORK_SELECTION_ENABLED
10-08 18:12:04.255  2253  3541 W WifiNetworkFactory:  hasEverConnected: true
10-08 18:12:04.255  2253  3541 W WifiNetworkFactory:  hasNeverDetectedCaptivePortal: true
10-08 18:12:04.255  2253  3541 W WifiNetworkFactory:  hasEverValidatedInternetAccess: true
10-08 18:12:04.255  2253  3541 W WifiNetworkFactory:  mCandidateSecurityParams: Security Parameters:
10-08 18:12:04.255  2253  3541 W WifiNetworkFactory:  Type: 2
