10-08 18:11:52.163  2253  3541 W WifiNetworkFactory: vendorData unset
10-08 18:11:52.163  2253  3541 W WifiNetworkFactory: IsDppConfigurator: true
10-08 18:11:52.163  2253  3541 W WifiNetworkFactory: HasEncryptedPreSharedKey: false
10-08 18:11:52.163  2253  3541 W WifiNetworkFactory:  setWifi7Enabled=true:82:c4:5b:34:2b:87. Ignoring...
10-08 18:11:52.163  4639  4639 I EPDG -- SIM0 [SMARTWIFI]: isProfiling, hash=207440571, started=true
10-08 18:11:52.163  4639  4639 W Settings: Setting wifi_on has moved from android.provider.Settings.System to android.provider.Settings.Secure, returning read-only value.
10-08 18:11:52.163  4639  4639 W Settings: Setting wifi_on has moved from android.provider.Settings.Secure to android.provider.Settings.Global.
10-08 18:11:52.163  4639  4639 I EPDG -- SIM0 [SMARTWIFI]: isProfiling, hash=207440571, started=true
10-08 18:11:52.164  2253  3576 D ConnectivityService: notifyType CALLBACK_CAP_CHANGED for [285 WIFI]
10-08 18:11:52.164  2253  6355 D SemWifiUsabilityStatsMonitor: onWifiUsabilityStats - seqNum 91279, isSameBssidAndFreq true
10-08 18:11:52.165  4639  4639 I EPDG -- SIM0 [SMARTWIFI]: Rssi : -41 highrange : -65 lowrange : -72 mIsRssiInHystersis : false
10-08 18:11:52.165  4639  4639 I EPDG -- SIM0 [SMARTWIFI]: Rssi : -41 highrange : -65 lowrange : -72 mIsRssiInHystersis : false
10-08 18:11:52.165  4639  4639 I EPDG -- SIM0 [SMARTWIFI]: getHandoverThresholdMet: value is: false
10-08 18:11:52.165  3898  4692 D WifiPickerTracker: updateWifiEntries capabilities
10-08 18:11:52.166  3898  4692 D WifiPickerTracker: update AutoHotspot Entries() : bleAccessPoints -> 0
10-08 18:11:52.166  3898  4692 D WifiPickerTracker: handleNetworkCapabilitiesChanged
10-08 18:11:52.166  2253  3711 D SGM:GameManager: identifyGamePackage. com.application.motium, mCurrentUserId: 0, callerUserId: 0, callingMethodInfo: com.samsung.android.game.SemGameManager.isGamePackage(SemGameManager.java:105)
10-08 18:11:52.166  2253  3711 D SGM:SemGameManager: isGamePackage(), pkgName=com.application.motium, ret=false
10-08 18:11:52.166  2253  3628 D SemWifiApNsd:Client: lpInterface:wlan0
10-08 18:11:52.166  2253  3628 I WifiConnectivityMonitor.NCC: sNetworkCallback(oCC) FULL : 285(valid: true/captive: false)
10-08 18:11:52.166  2253  3628 I WifiConnectivityMonitor.NCC: [ Transports: WIFI Capabilities: NOT_METERED&INTERNET&NOT_RESTRICTED&TRUSTED&NOT_VPN&VALIDATED&NOT_ROAMING&FOREGROUND&NOT_CONGESTED&NOT_SUSPENDED&NOT_VCN_MANAGED&NOT_BANDWIDTH_CONSTRAINED LinkUpBandwidth>=40830Kbps LinkDnBandwidth>=92745Kbps TransportInfo: <SSID: <unknown ssid>, BSSID: 02:00:00:**:**:00, MAC: 02:00:00:**:**:00, IP: /192.***.*.43, Security type: 2, Supplicant state: COMPLETED, Wi-Fi standard: 11ax, RSSI: -41, Link speed: 1441Mbps, Tx Link speed: 1441Mbps, Max Supported Tx Link speed: 2401Mbps, Rx Link speed: 2041Mbps, Max Supported Rx Link speed: 2401Mbps, Frequency: 5500MHz, Net ID: -1, Metered hint: false, score: 60, isUsable: true, CarrierMerged: false, SubscriptionId: -1, IsPrimary: 1, Trusted: true, Restricted: false, Ephemeral: false, OEM paid: false, OEM private: false, OSU AP: false, FQDN: <none>, Provider friendly name: <none>, Requesting package name: <none><none>MLO Information: , Is TID-To-Link negotiation supported by the AP: false, AP MLD Address: <none>, AP MLO Link Id: <none>, AP MLO Affiliated links: <none>, Vendor Data: <none>> SignalStrength: -41 AdminUids: [10306] SSID: "Bbox-PTW" UnderlyingNetworks: Null]
10-08 18:11:52.166  2253  3714 D SemApeService: Deducted link capacity (M: R=1428 T=1008) RSSI=-41
10-08 18:11:52.166  2253  3714 D SemApeService: Deducted link capacity (M: R=1428 T=1008) on (wlan0) GoogleAPI(M: R=92 T=40) RSSI=-41 isDefault=false isMlo=false
10-08 18:11:52.166  2253  3723 D WifiConnectivityMonitor: HANDLE_ON_CAPABILITIES_CHANGED
10-08 18:11:52.166  2253  3628 D SemWifiApTrafficPriority: onCapabilitiesChanged Wifi:wlan0,mGapiValue:92.745Uplink: 40.83
10-08 18:11:52.166  2253  3723 I WifiConnectivityMonitor: determineMode : MODE_AGG_BY_SWITCH_TO_MOBILE_DATA_OPTION
10-08 18:11:52.166  2253  3723 D OpenNetworkQos[4.00]: updateBssidNoInternet: mBssidNoInternet = false
10-08 18:11:52.166  2253  3723 D OpenNetworkQos[4.00]: getOpenNetworkQosNoInternetStatus: false
10-08 18:11:52.166  2253  3723 D OpenNetworkQos[4.00]: getOpenNetworkQosScores: 26 26 30 
10-08 18:11:52.166  2253  3723 D KNOX_MDM_SettingsProvider: isChangeAllowed() : name = wifi_wcm_qos_sharing_score_summary
10-08 18:11:52.167  2253  3723 I WifiProfileShare: network QoS data was changed (internet), updateQoSData networkType: true, qosData: false
10-08 18:11:52.167  2253  3723 D WifiConnectivityMonitor: VALIDATED_DETECTED
10-08 18:11:52.167  2253  5292 V WifiProfileShare.Caster: update wips network, size: 0
10-08 18:11:52.167  2253  5292 D WifiProfileShare: nearby scanning settings run
10-08 18:11:52.167  2253  5292 D WifiProfileShare: network score provider settings enabled
10-08 18:11:52.167  2253  5292 D OpenNetworkQos[4.00]: getOpenNetworkQosScores: 26 26 30 
10-08 18:11:52.167  2253  5292 D OpenNetworkQos[4.00]: getOpenNetworkQosNoInternetStatus: false
10-08 18:11:52.167  2253  5292 I WifiProfileShare.Caster: current network type: 0, score: [26, 26, 30]
10-08 18:11:52.167  2253  5292 V WifiProfileShare.Cache: update network score a2:c4:5b:**:**:85
10-08 18:11:52.167  2253  5292 D WifiProfileShare.ScanMatcher: getMcfDataList size:2
10-08 18:11:52.167  2253  5292 I WifiProfileShare.Caster: qos data was updated , before:type:QOS, pBssid:f0:70:27, qosData:7c after:type:QOS, pBssid:f0:70:27, qosData:7c
10-08 18:11:52.167  2253  5292 I [MCFSDK_android_1.2.27006]_4_McfCasterImpl: isNetworkEnabled - type : 1 ret : true
10-08 18:11:52.167  2253  5292 D WifiProfileShare.McfCast: -ME--- mIsNetworkEnabled :true
10-08 18:11:52.167  2253  5292 D WifiProfileShare.McfCast: updateQoSData ignored, same contents
10-08 18:11:52.167  2253  5292 D WifiProfileShare.MCF: success update QosData !
10-08 18:11:52.167  2253  5292 I [MCFSDK_android_1.2.27006]_4_McfCasterImpl: isNetworkEnabled - type : 1 ret : true
10-08 18:11:52.167  2253  5292 D WifiProfileShare.McfCast: -ME--- mIsNetworkEnabled :true
10-08 18:11:52.167  2253  5292 D WifiProfileShare.McfCast: -ME--- updatePasswordDate pwdData size:2
10-08 18:11:52.168  4246  5979 D txpwrJni: sendNetworkInfo start
10-08 18:11:52.168  4246  5979 D txpwrJni: sendNetworkInfo RatType 0
10-08 18:11:52.168 21586 22915 I BugleRcsEngine: handleMessage processing message:[NOTIFY_UPTIME_IGNORE_STATE_CHANGED] with [non-null]:RcsEngineImpl reference [CONTEXT log_prefix="RcsEngineImpl[DUAL_REG]:[c1cd8f7a-3745]>Handler" thread_id=63 ]
10-08 18:11:52.168 21586 22782 I BugleRcsEngine: Connected state: [1], networkType: [WIFI] [CONTEXT thread_id=57 ]
10-08 18:11:52.170 24140 25155 I HBD     : h onCapabilitiesChanged network : 285 current network state : wifi 
10-08 18:11:52.170 25395 25520 I NullBinder: NullBinder for android.net.action.RECOMMEND_NETWORKS triggering remote TransactionTooLargeException due to Service without Chimera impl, calling uid: 1000, calling pid: 0
10-08 18:11:52.170 25395 25520 W .gms.persistent: Large reply transaction of 1056768 bytes, interface descriptor , code 1
10-08 18:11:52.192  1865  2078 I VSyncReactor: Current= 24, Period= 24, Distance= 0
10-08 18:11:52.234  1865  2078 I VSyncReactor: Current= 24, Period= 24, Distance= 24
10-08 18:11:52.236  1792 30847 E SDM     : ScalarConfig::GetAIScaleSettingsInfo: AI Scaler Config for display 68 is not present
10-08 18:11:52.236  1792 30847 W SDM     : ScalarConfig::ApplyDestScaleConfig: GetAIScaleSettingsInfo returned error=1
10-08 18:11:52.271 24140 24140 I HBD     : h onCapabilityChanged  setNetworkState currentNetworkState : wifi 
10-08 18:11:52.297  1717  4825 D vendor.qti.bluetooth@1.0-wake_lock: Release wakelock is released 
10-08 18:11:52.308  1792  2091 I SDM     : DisplayBase::CommitThread: Received idle timeout, panel: cmd, timeout: 70000 us
10-08 18:11:52.427  2253 21898 D [SS]BattFunctions: [sendRemainingChargingTimeChangedIntent]remainingChargingTime:6724 ,mLastRemainingChargingTime:6753
10-08 18:11:52.427  1803  1803 I seh_thermal_service: getTemperaturesWithType SehTemperatureType: 3
10-08 18:11:52.428  1801  1801 I sehhealth-service: updateLrpSysfs: write: 278
10-08 18:11:52.428  3898  3898 I AODBatteryManager: updateBatteryData: ACTION_BATTERY_CHANGED
10-08 18:11:52.428  3898  3898 I ChargingInfoManager: updateChargingInfo: newState = AOD ChargingInfo [mState=BATTERY_AND_REMAIN_TIME, mIsCharging=true, mIsPlugged=true, mIsFullyCharged=false, mIsBatteryProtectMode=false, mBetteryLevel=76, mBetteryProtectModeType3, mIsSlowChargingfalse], oldState = AOD ChargingInfo [mState=BATTERY_AND_REMAIN_TIME, mIsCharging=true, mIsPlugged=true, mIsFullyCharged=false, mIsBatteryProtectMode=false, mBetteryLevel=76, mBetteryProtectModeType3, mIsSlowChargingfalse]
10-08 18:11:52.429  1801  1882 E BatteryDump: !@new_battery_dump : 4196,360,475,550,76,257,251,264,257,0,280,262,0,Charging,NO_CHARGING,Normal,Good,USB,1,Normal,0,0,9300,0x0,0x10000,0x0,0,0,194,v0002,0000,0000,00000000,0,0,0,0,68,4171,7541,990,0,
10-08 18:11:52.429  3898  3898 D PowerUI.Notification: showChargingNotice - oldBatteryLevel : 76 , BatteryLevel : 76 / oldChargingType : 11 , ChargingType : 11 / oldChargingTime : 6753, ChargingTime : 6724 / oldMaximumEnabled : false , MaximumEnabled : false / oldMaximumThreshold : 80 , MaximumThreshold : 80
10-08 18:11:52.430  3898  3898 I NotificationManager: com.android.systemui: notify(2131363861, charging_state, Notification(channel=CHR shortcut=null contentView=null vibrate=null sound=null defaults=0 flags=ONGOING_EVENT|ONLY_ALERT_ONCE color=0x00000000 category=sys groupKey=CHARGING vis=PUBLIC semFlags=0x0 semPriority=0 semMissedCount=0)) as user
10-08 18:11:52.431  2253 21898 W PermissionService: getPermissionFlags: Unknown user -1
10-08 18:11:52.431  2253 21898 W PermissionService: getPermissionFlags: Unknown user -1
10-08 18:11:52.561  2253  3725 D WifiConnectivityMonitor.NetworkStatsAnalyzer: Backhaul result - RSSI:-41, CE:6, PE:6, TI:16, PTI:16, TW:0, PTW:0, Tx:4, Rx:6, TxS:0, RxS:0, RESULT:true, IC:0, ICT:5, WC:0, WCT:5, R:0, RC:0, IE:0, EC:0
10-08 18:11:52.634  2253  2253 I Telecom : SamsungTelecomServiceImpl : isInManagedCall - callingPackage : android / callingUser : UserHandle{0} / hasCrossUserAccess : true
10-08 18:11:52.637  2253  5245 D ActivityManager: unpendingScheduleServiceRestart: u=10334, drop=false
10-08 18:11:52.639 23130 23130 I NotificationListener: Received new notification
10-08 18:11:52.639 23130 23584 I NotificationPipeline: Processing new notification: -1|com.android.systemui|2131363861|charging_state|10049
10-08 18:11:52.639 23130 23584 I Notification4Heart_NB: NotificationChecker.checkIgnoreCase - onGoing
10-08 18:11:52.640 23130 23584 W Notification4Heart_NB: NotificationBridgeCallback.onNotificationPosted-Ignored package : [-1] com.android.systemui
10-08 18:11:52.640  4850 23436 I HoneySpace.NotificationListener: onNotificationPosted com.android.systemui: -1|com.android.systemui|2131363861|charging_state|10049: 0
10-08 18:11:52.640  4850 23436 I HoneySpace.NotificationListener: invalid notification: com.android.systemui UserHandle{-1}: canShowBadge is false
10-08 18:11:52.641  2253  5240 D FreecessController: UFZ : com.samsung.android.game.gamehome(10334) [22972] reason: Binder(1)-android.service.notification.INotificatio
10-08 18:11:52.641  2253  5245 W LocationManagerService: onFreezeStateChanged, uid[10334]=false
10-08 18:11:52.641  2253  5245 I PowerManagerService: [PWL] SetWakeLockEnableDisable uid = 10334 , disable= false
10-08 18:11:52.641  2253  5245 I PowerManagerService: [PWL] can not change uid =  10334
10-08 18:11:52.651  3898  3898 I LockscreenNotificationIconsOnlyController: onNotificationInfoUpdated 0
10-08 18:11:52.651  3898  3898 I AODNotificationManager: updateNotification() 
10-08 18:11:52.661  1726 21135 I sensors-hal: handle_sns_std_sensor_event:132, [SSC_LIGHT] A: 4(4),c:276,b:78,m:0,cl:53,l:4,s:2,l0:92654,l1:19327,s0:26,s1:7,acl:3,opr:0.81,f(r):95,u(bl):98,if:64,wi:3,si:7,64(N:0)
10-08 18:11:52.669 25395 30830 I NearbySharing: Network state changed: NetworkState(isRestricted=false, isOnline=true, isCongested=false, isMetered=false, isWifiConnected=true)
10-08 18:11:52.694  1792 30847 E SDM     : ScalarConfig::GetAIScaleSettingsInfo: AI Scaler Config for display 68 is not present
10-08 18:11:52.695  1792 30847 W SDM     : ScalarConfig::ApplyDestScaleConfig: GetAIScaleSettingsInfo returned error=1
10-08 18:11:52.767  1792  2091 I SDM     : DisplayBase::CommitThread: Received idle timeout, panel: cmd, timeout: 69999 us
10-08 18:11:52.839  3898  3898 D Bubbles : onEntryUpdated : shouldBubbleUp=false ,key=-1|com.android.systemui|2131363861|charging_state|10049
10-08 18:11:52.840  3898  3898 D InterruptionStateProvider:  no Heads up : edgelighting enabled app. -1|com.android.systemui|2131363861|charging_state|10049
10-08 18:11:52.841  3898  3898 D InsignificantCoordinator: onEntryUpdated :-1|com.android.systemui|2131363861|charging_state|10049 flags: 0 entrySize:0
10-08 18:11:52.863  3898  3898 I LockscreenNotificationIconsOnlyController: onNotificationInfoUpdated 0
10-08 18:11:52.863  3898  3898 I AODNotificationManager: updateNotification() 
10-08 18:11:52.865  1791  1886 I SnapAlloc: Using graphics libs for alignment calculations
10-08 18:11:52.874  1791  1886 I SnapAlloc: Using graphics libs for alignment calculations
10-08 18:11:52.875  1791  1886 I SnapAlloc: Using graphics libs for alignment calculations
10-08 18:11:52.892 25395 30830 I NearbyMediums: No BLE Fast/GATT advertisements found in the latest cycle.
10-08 18:11:52.892 25395 30830 I NearbyMediums: Current Tracked Scanning Clients are : {NearbyConnections.EnvironmentMonitor, NearbySharing, NearbyConnections.TxAdvertisement}
10-08 18:11:52.903  1792 30847 E SDM     : ScalarConfig::GetAIScaleSettingsInfo: AI Scaler Config for display 68 is not present
10-08 18:11:52.903  1792 30847 W SDM     : ScalarConfig::ApplyDestScaleConfig: GetAIScaleSettingsInfo returned error=1
10-08 18:11:52.907  1791  1886 I SnapAlloc: Using graphics libs for alignment calculations
10-08 18:11:52.943  3898  3898 I LockscreenNotificationIconsOnlyController: onNotificationInfoUpdated 0
10-08 18:11:52.944  3898  3898 I AODNotificationManager: updateNotification() 
10-08 18:11:52.958  1220  1220 D io_stats: !@   8,0 r 52760842 1265229824 w 31911555 743753284 d 4774067 987483784 f 697989 2243042 iot 24531308 0 th 0 0 0 pt 0 inp 0 0 1143543.321
10-08 18:11:52.974  1792  2091 I SDM     : DisplayBase::CommitThread: Received idle timeout, panel: cmd, timeout: 70000 us
10-08 18:11:52.986  1792 30847 E SDM     : ScalarConfig::GetAIScaleSettingsInfo: AI Scaler Config for display 68 is not present
10-08 18:11:52.986  1792 30847 W SDM     : ScalarConfig::ApplyDestScaleConfig: GetAIScaleSettingsInfo returned error=1
10-08 18:11:53.058  1792  2091 I SDM     : DisplayBase::CommitThread: Received idle timeout, panel: cmd, timeout: 69999 us
10-08 18:11:53.961  1717  5718 I vendor.qti.bluetooth@1.0-ibs_handler: ProcessIbsCmd: Received IBS_WAKE_IND: 0xFD
10-08 18:11:53.961  1717  5718 D vendor.qti.bluetooth@1.0-ibs_handler: SerialClockVote: vote for UART CLK ON
10-08 18:11:53.962  1717  5718 D vendor.qti.bluetooth@1.0-wake_lock: Acquire wakelock is acquired 
10-08 18:11:53.962  1717  5718 I vendor.qti.bluetooth@1.0-ibs_handler: ProcessIbsCmd: Writing IBS_WAKE_ACK
10-08 18:11:53.971  4184  5737 I BtGatt.ScanHelper: onScanResult to scannerId: 5- eventType=0x1b, addressType=0, address=XX:XX:XX:XX:F3:73, primaryPhy=1, secondaryPhy=0, advertisingSid=0xff, txPower=127, rssi=-64, periodicAdvInt=0x0
10-08 18:11:54.010  1717  5718 I vendor.qti.bluetooth@1.0-ibs_handler: ProcessIbsCmd: Received IBS_SLEEP_IND: 0xFE
10-08 18:11:54.010  1717  5718 D vendor.qti.bluetooth@1.0-ibs_handler: SerialClockVote: vote for UART CLK OFF
10-08 18:11:54.040  1717  5718 I vendor.qti.bluetooth@1.0-ibs_handler: ProcessIbsCmd: Received IBS_WAKE_IND: 0xFD
10-08 18:11:54.040  1717  5718 D vendor.qti.bluetooth@1.0-ibs_handler: SerialClockVote: vote for UART CLK ON
10-08 18:11:54.040  1717  5718 I vendor.qti.bluetooth@1.0-ibs_handler: ProcessIbsCmd: Writing IBS_WAKE_ACK
10-08 18:11:54.044  4184  5737 I BtGatt.ScanHelper: onScanResult to scannerId: 3- eventType=0x1b, addressType=0, address=XX:XX:XX:XX:F3:73, primaryPhy=1, secondaryPhy=0, advertisingSid=0xff, txPower=127, rssi=-62, periodicAdvInt=0x0
10-08 18:11:54.044  4184  5737 I BtGatt.ScanHelper: onScanResult to scannerId: 10- eventType=0x1b, addressType=0, address=XX:XX:XX:XX:F3:73, primaryPhy=1, secondaryPhy=0, advertisingSid=0xff, txPower=127, rssi=-62, periodicAdvInt=0x0
10-08 18:11:54.045  9787  9887 I [+0200]oneconnect[1.8.37.23_01][CORE]: DataConvert.parseBleVd - deviceBle : |name:($)-4(19)|deviceType:UNKNOWN|discoverType:_BLE|services:None|connected:false[Type]6[Index]5[MNID]0AJK[SETUPID]401[TvStatusString]EXTENSION[TvStatus]32[TvService]103[TvMirrorChannel]0[TvRegisteredDB]null[TvYear]2024[TvOcfInfo]15[TvAcmStatus]0[ExTvStatus]2[ExtendedStatus]4[ModuloSn]109
10-08 18:11:54.046 21872 21899 I [+0200]oneconnect[1.8.37.23_01][BEACON_MANAGER_CONTROL_SERVICE]: TvOcfParser.onReceive - TV Popup Onboarding is skipped - ($)
10-08 18:11:54.073  4184  5737 I BtGatt.ScanHelper: onScanResult to scannerId: 5- eventType=0x1b, addressType=0, address=XX:XX:XX:XX:F3:73, primaryPhy=1, secondaryPhy=0, advertisingSid=0xff, txPower=127, rssi=-62, periodicAdvInt=0x0
10-08 18:11:54.100  4184  5737 I BtGatt.ScanHelper: onScanResult to scannerId: 5- eventType=0x1b, addressType=0, address=XX:XX:XX:XX:F3:73, primaryPhy=1, secondaryPhy=0, advertisingSid=0xff, txPower=127, rssi=-62, periodicAdvInt=0x0
10-08 18:11:54.138  1717  5718 I vendor.qti.bluetooth@1.0-ibs_handler: ProcessIbsCmd: Received IBS_SLEEP_IND: 0xFE
10-08 18:11:54.138  1717  5718 D vendor.qti.bluetooth@1.0-ibs_handler: SerialClockVote: vote for UART CLK OFF
10-08 18:11:54.289  1717  4825 D vendor.qti.bluetooth@1.0-wake_lock: Release wakelock is released 
10-08 18:11:54.491  1726  6222 I sensors-hal: handle_sns_std_sensor_event:90, light_cct: ts = 1490837931082161 ns; value = [4, 4, 194, 208, 4, 78, 0, 4, 9259, 0]
10-08 18:11:54.942 16813 16813 I wpa_supplicant: Heartbeat 3955
10-08 18:11:54.959  1220  1220 D io_stats: !@ Read_top(KB): system_server(2253) 128 kworker/5:0H(28695) 4
10-08 18:11:54.959  1220  1220 D io_stats: !@ Write_top(KB): vendor.samsung.(1801) 8
10-08 18:11:55.178  2253  6355 D SemWifiUsabilityStatsMonitor: onWifiUsabilityStats - seqNum 91280, isSameBssidAndFreq true
10-08 18:11:55.181  2253  3711 D SGM:GameManager: identifyGamePackage. com.application.motium, mCurrentUserId: 0, callerUserId: 0, callingMethodInfo: com.samsung.android.game.SemGameManager.isGamePackage(SemGameManager.java:105)
10-08 18:11:55.181  2253  3711 D SGM:SemGameManager: isGamePackage(), pkgName=com.application.motium, ret=false
10-08 18:11:55.271  4639  4639 I EPDG -- SIM0 [SMARTCELLULAR]: onSignalStrengthsChanged: SignalStrength:{mCdma=Invalid,mGsm=Invalid,mWcdma=Invalid,mTdscdma=Invalid,mLte=CellSignalStrengthLte: rssi=-63 rsrp=-93 rsrq=-14 rssnr=10 cqiTableIndex=2147483647 cqi=2147483647 ta=2147483647 level=4 parametersUseForLevel=0,mNr=Invalid,SignalBarInfo{ lteLevel=3 },rat=14,primary=CellSignalStrengthLte}
10-08 18:11:55.271  4639 21215 I EPDG -- SIM0 [SMARTCELLULAR]: lastLteRSRP is -93 currentLteRSRP is -93 lastLteRSRQ is -13 currentLteRSRQ is -14 lastLteSNR is 10 currentLteSNR is 10
10-08 18:11:55.696  1717  5718 I vendor.qti.bluetooth@1.0-ibs_handler: ProcessIbsCmd: Received IBS_WAKE_IND: 0xFD
10-08 18:11:55.697  1717  5718 D vendor.qti.bluetooth@1.0-ibs_handler: SerialClockVote: vote for UART CLK ON
10-08 18:11:55.697  1717  5718 D vendor.qti.bluetooth@1.0-wake_lock: Acquire wakelock is acquired 
10-08 18:11:55.697  1717  5718 I vendor.qti.bluetooth@1.0-ibs_handler: ProcessIbsCmd: Writing IBS_WAKE_ACK
10-08 18:11:55.706  4184  5737 I BtGatt.ScanHelper: onScanResult to scannerId: 5- eventType=0x1b, addressType=0, address=XX:XX:XX:XX:F3:73, primaryPhy=1, secondaryPhy=0, advertisingSid=0xff, txPower=127, rssi=-62, periodicAdvInt=0x0
10-08 18:11:55.745  1717  5718 I vendor.qti.bluetooth@1.0-ibs_handler: ProcessIbsCmd: Received IBS_SLEEP_IND: 0xFE
10-08 18:11:55.745  1717  5718 D vendor.qti.bluetooth@1.0-ibs_handler: SerialClockVote: vote for UART CLK OFF
10-08 18:11:55.896  1717  4825 D vendor.qti.bluetooth@1.0-wake_lock: Release wakelock is released 
10-08 18:11:56.554  4639  4639 I EPDG -- SIM0 [SMARTCELLULAR]: onSignalStrengthsChanged: SignalStrength:{mCdma=Invalid,mGsm=Invalid,mWcdma=Invalid,mTdscdma=Invalid,mLte=CellSignalStrengthLte: rssi=-55 rsrp=-93 rsrq=-14 rssnr=10 cqiTableIndex=2147483647 cqi=2147483647 ta=2147483647 level=4 parametersUseForLevel=0,mNr=Invalid,SignalBarInfo{ lteLevel=3 },rat=14,primary=CellSignalStrengthLte}
10-08 18:11:56.555  4639 21215 I EPDG -- SIM0 [SMARTCELLULAR]: lastLteRSRP is -93 currentLteRSRP is -93 lastLteRSRQ is -14 currentLteRSRQ is -14 lastLteSNR is 10 currentLteSNR is 10
10-08 18:11:56.960  1220  1220 D io_stats: !@   8,0 r 52760842 1265229824 w 31911559 743753480 d 4774067 987483784 f 697989 2243042 iot 24531316 0 th 0 0 0 pt 0 inp 0 0 1143547.322
10-08 18:11:57.051  1726  6222 I sensors-hal: handle_sns_std_sensor_event:90, light_cct: ts = 1490840491080025 ns; value = [4, 4, 194, 208, 4, 78, 0, 4, 9256, 0]
10-08 18:11:57.058  1733  5201 D AHAL_ModulePrimary_QTI: getVendorParameters: id count: 1
10-08 18:11:57.058  1733  5201 I PAL: ResourceManager: getActiveStream_l: 6570: no active streams found for device 3 ret -2
10-08 18:11:57.058  1733  5201 D AHAL_SecModulePrimary: onGetSECGenericParameters get temperature for g_hw_speaker_amp_temp_rcv: 0
10-08 18:11:57.058  1733  5200 D AHAL_ModulePrimary_QTI: getVendorParameters: id count: 1
10-08 18:11:57.059  1733  5200 I PAL: ResourceManager: getActiveStream_l: 6570: no active streams found for device 3 ret -2
10-08 18:11:57.059  1733  5200 D AHAL_SecModulePrimary: onGetSECGenericParameters get temperature for g_hw_speaker_amp_temp_spk: 0
10-08 18:11:57.060 21654 22226 I SDHMS:x : SIOP:: AP:264 BAT:257 USB:251 CHG:264 PA:262 WIFI:269 CF:266 BLK:0 SUBBAT:0 LRPTHM:261 SKIN:278 SKINF:273 SKINB:278 LRP:278 LRF:273 LRB:278 APT:273 APR:277 RCV:268 SPK:273 CHGF:273 CHGR:278 MEMF:272 MEMR:277 WIFIF:272 WIFIR:276 FCAM:251 UPSPK:261 DNSPK:251 VAP:267 VWIFI:270 AMB2:243 HIGH:0 AVGCUR:331 AVGSYS:196 POWER:1389
10-08 18:11:57.060 21654 22226 I AudioManager: setParameters keyValuePairs = g_hw_speaker_amp_temp_spk=27
10-08 18:11:57.061  1818 32013 D AudioFlinger: setParameters: filtered dev setParameters keyvalue g_hw_speaker_amp_temp_spk=27
10-08 18:11:57.062  1733  5200 D AHAL_HFP_QTI: hfp_set_parameters enter
10-08 18:11:57.062  1733  5200 D AHAL_HFP_QTI: hfp_set_parameters Exit
10-08 18:11:57.062  1733  5200 D AHAL_SecModulePrimary: processSetVendorParameters: configured g_hw_speaker_amp_temp_spk
10-08 18:11:57.062  1733  5200 D AHAL_SecModulePrimary: processSetVendorParameters: handler set on Feature:0
10-08 18:11:57.062  1733  5200 D AHAL_SecModulePrimary: onSetSECGenericParameters set temperature for g_hw_speaker_amp_temp_spk: 27
10-08 18:11:57.062  1733  5200 I PAL: API: pal_set_param: 1377: Enter: param id 3002
10-08 18:11:57.062  1733  5200 I PAL: ResourceManager: getActiveStream_l: 6570: no active streams found for device 3 ret -2
10-08 18:11:57.063  1818 32013 E ConversionHelperAidl: Function: parseAndSetVendorParameters Line: 94 Failed 
10-08 18:11:57.063  1818 32013 E ConversionHelperAidl: Function: parseAndSetVendorParameters Line: 94 Failed 
10-08 18:11:57.064 21654 22226 I AudioManager: setParameters keyValuePairs = g_hw_speaker_amp_temp_rcv=27
10-08 18:11:57.064  1818 32013 D AudioFlinger: setParameters: filtered dev setParameters keyvalue g_hw_speaker_amp_temp_rcv=27
10-08 18:11:57.064  1733  5200 D AHAL_HFP_QTI: hfp_set_parameters enter
10-08 18:11:57.064  1733  5200 D AHAL_HFP_QTI: hfp_set_parameters Exit
10-08 18:11:57.065  1733  5200 D AHAL_SecModulePrimary: processSetVendorParameters: configured g_hw_speaker_amp_temp_rcv
10-08 18:11:57.065  1733  5200 D AHAL_SecModulePrimary: processSetVendorParameters: handler set on Feature:0
10-08 18:11:57.065  1733  5200 D AHAL_SecModulePrimary: onSetSECGenericParameters set temperature for g_hw_speaker_amp_temp_rcv: 27
10-08 18:11:57.065  1733  5200 I PAL: API: pal_set_param: 1377: Enter: param id 3001
10-08 18:11:57.065  1733  5200 I PAL: ResourceManager: getActiveStream_l: 6570: no active streams found for device 3 ret -2
10-08 18:11:57.065  1818 32013 E ConversionHelperAidl: Function: parseAndSetVendorParameters Line: 94 Failed 
10-08 18:11:57.065  1818 32013 E ConversionHelperAidl: Function: parseAndSetVendorParameters Line: 94 Failed 
10-08 18:11:57.434  3898  3898 D PowerUI.Notification: showChargingNotice - There is no change charging status, so return!
10-08 18:11:57.622  1717  5718 I vendor.qti.bluetooth@1.0-ibs_handler: ProcessIbsCmd: Received IBS_WAKE_IND: 0xFD
10-08 18:11:57.623  1717  5718 D vendor.qti.bluetooth@1.0-ibs_handler: SerialClockVote: vote for UART CLK ON
10-08 18:11:57.623  1717  5718 D vendor.qti.bluetooth@1.0-wake_lock: Acquire wakelock is acquired 
10-08 18:11:57.623  1717  5718 I vendor.qti.bluetooth@1.0-ibs_handler: ProcessIbsCmd: Writing IBS_WAKE_ACK
10-08 18:11:57.631  4184  5737 I BtGatt.ScanHelper: onScanResult to scannerId: 3- eventType=0x1b, addressType=0, address=XX:XX:XX:XX:F3:73, primaryPhy=1, secondaryPhy=0, advertisingSid=0xff, txPower=127, rssi=-63, periodicAdvInt=0x0
10-08 18:11:57.632  4184  5737 I BtGatt.ScanHelper: onScanResult to scannerId: 10- eventType=0x1b, addressType=0, address=XX:XX:XX:XX:F3:73, primaryPhy=1, secondaryPhy=0, advertisingSid=0xff, txPower=127, rssi=-63, periodicAdvInt=0x0
10-08 18:11:57.633  9787  9887 I [+0200]oneconnect[1.8.37.23_01][CORE]: DataConvert.parseBleVd - deviceBle : |name:($)-4(19)|deviceType:TV|discoverType:_BLE|services:_TvSoundToMobile|connected:false[TvStatusString]POWER_ON[TvStatus]1[TvService]103[TvMirrorChannel]1[TvRegisteredDB][2, -3, 0, 0, 0, 0][TvYear]2016[TvOcfInfo]0[TvAcmStatus]0[ExTvStatus]0[ExtendedStatus]-1[ModuloSn]-1
10-08 18:11:57.636  2253  4614 D WifiDisplayAdapter: getWifiDisplayStatusLocked: result=WifiDisplayStatus{featureState=2, scanState=0, activeDisplayState=0, activeDisplay=null, displays=[], sessionInfo=WifiDisplaySessionInfo:
10-08 18:11:57.636  2253  4614 D WifiDisplayAdapter:     Client/Owner: Client
10-08 18:11:57.636  2253  4614 D WifiDisplayAdapter:     GroupId: 
10-08 18:11:57.636  2253  4614 D WifiDisplayAdapter:     Passphrase: 
10-08 18:11:57.636  2253  4614 D WifiDisplayAdapter:     SessionId: 0
10-08 18:11:57.636  2253  4614 D WifiDisplayAdapter:     IP Address: }
10-08 18:11:57.636  2253  4614 D WifiDisplayAdapter: getWifiDisplayStatusLocked: result=WifiDisplayStatus{featureState=2, scanState=0, activeDisplayState=0, activeDisplay=null, displays=[], sessionInfo=WifiDisplaySessionInfo:
10-08 18:11:57.636  2253  4614 D WifiDisplayAdapter:     Client/Owner: Client
10-08 18:11:57.636  2253  4614 D WifiDisplayAdapter:     GroupId: 
10-08 18:11:57.636  2253  4614 D WifiDisplayAdapter:     Passphrase: 
10-08 18:11:57.636  2253  4614 D WifiDisplayAdapter:     SessionId: 0
10-08 18:11:57.636  2253  4614 D WifiDisplayAdapter:     IP Address: }
10-08 18:11:57.637  2253  4614 D WifiDisplayAdapter: getWifiDisplayStatusLocked: result=WifiDisplayStatus{featureState=2, scanState=0, activeDisplayState=0, activeDisplay=null, displays=[], sessionInfo=WifiDisplaySessionInfo:
10-08 18:11:57.637  2253  4614 D WifiDisplayAdapter:     Client/Owner: Client
10-08 18:11:57.637  2253  4614 D WifiDisplayAdapter:     GroupId: 
10-08 18:11:57.637  2253  4614 D WifiDisplayAdapter:     Passphrase: 
10-08 18:11:57.637  2253  4614 D WifiDisplayAdapter:     SessionId: 0
10-08 18:11:57.637  2253  4614 D WifiDisplayAdapter:     IP Address: }
10-08 18:11:57.637  2253 21898 D WifiDisplayAdapter: getWifiDisplayStatusLocked: result=WifiDisplayStatus{featureState=2, scanState=0, activeDisplayState=0, activeDisplay=null, displays=[], sessionInfo=WifiDisplaySessionInfo:
10-08 18:11:57.637  2253 21898 D WifiDisplayAdapter:     Client/Owner: Client
10-08 18:11:57.637  2253 21898 D WifiDisplayAdapter:     GroupId: 
10-08 18:11:57.637  2253 21898 D WifiDisplayAdapter:     Passphrase: 
10-08 18:11:57.637  2253 21898 D WifiDisplayAdapter:     SessionId: 0
10-08 18:11:57.637  2253 21898 D WifiDisplayAdapter:     IP Address: }
10-08 18:11:57.637 21872 21899 I [+0200]oneconnect[1.8.37.23_01][BEACON_MANAGER_CONTROL_SERVICE]: TvOcfParser.onReceive - TV Popup Onboarding is skipped - ($)
10-08 18:11:57.670  1717  5718 I vendor.qti.bluetooth@1.0-ibs_handler: ProcessIbsCmd: Received IBS_SLEEP_IND: 0xFE
10-08 18:11:57.670  1717  5718 D vendor.qti.bluetooth@1.0-ibs_handler: SerialClockVote: vote for UART CLK OFF
10-08 18:11:57.697  1717  5718 I vendor.qti.bluetooth@1.0-ibs_handler: ProcessIbsCmd: Received IBS_WAKE_IND: 0xFD
10-08 18:11:57.697  1717  5718 D vendor.qti.bluetooth@1.0-ibs_handler: SerialClockVote: vote for UART CLK ON
10-08 18:11:57.697  1717  5718 I vendor.qti.bluetooth@1.0-ibs_handler: ProcessIbsCmd: Writing IBS_WAKE_ACK
10-08 18:11:57.701  4184  5737 I BtGatt.ScanHelper: onScanResult to scannerId: 5- eventType=0x1b, addressType=0, address=XX:XX:XX:XX:F3:73, primaryPhy=1, secondaryPhy=0, advertisingSid=0xff, txPower=127, rssi=-62, periodicAdvInt=0x0
10-08 18:11:57.740  1717  5718 I vendor.qti.bluetooth@1.0-ibs_handler: ProcessIbsCmd: Received IBS_SLEEP_IND: 0xFE
10-08 18:11:57.740  1717  5718 D vendor.qti.bluetooth@1.0-ibs_handler: SerialClockVote: vote for UART CLK OFF
10-08 18:11:57.782  1726 21135 I sensors-hal: handle_sns_std_sensor_event:132, [SSC_LIGHT] A: 4(4),c:276,b:78,m:0,cl:53,l:4,s:4,l0:92573,l1:19316,s0:38,s1:9,acl:3,opr:0.81,f(r):95,u(bl):98,if:64,wi:3,si:0,64(N:0)
10-08 18:11:57.786  1717  5718 I vendor.qti.bluetooth@1.0-ibs_handler: ProcessIbsCmd: Received IBS_WAKE_IND: 0xFD
10-08 18:11:57.786  1717  5718 D vendor.qti.bluetooth@1.0-ibs_handler: SerialClockVote: vote for UART CLK ON
10-08 18:11:57.786  1717  5718 I vendor.qti.bluetooth@1.0-ibs_handler: ProcessIbsCmd: Writing IBS_WAKE_ACK
10-08 18:11:57.788  4184  5737 I BtGatt.ScanHelper: onScanResult to scannerId: 3- eventType=0x1b, addressType=0, address=XX:XX:XX:XX:F3:73, primaryPhy=1, secondaryPhy=0, advertisingSid=0xff, txPower=127, rssi=-64, periodicAdvInt=0x0
10-08 18:11:57.789  4184  5737 I BtGatt.ScanHelper: onScanResult to scannerId: 10- eventType=0x1b, addressType=0, address=XX:XX:XX:XX:F3:73, primaryPhy=1, secondaryPhy=0, advertisingSid=0xff, txPower=127, rssi=-64, periodicAdvInt=0x0
10-08 18:11:57.789  9787  9887 I [+0200]oneconnect[1.8.37.23_01][CORE]: DataConvert.parseBleVd - deviceBle : |name:($)-4(19)|deviceType:UNKNOWN|discoverType:_BLE|services:None|connected:false[Type]6[Index]5[MNID]0AJK[SETUPID]401[TvStatusString]EXTENSION[TvStatus]32[TvService]103[TvMirrorChannel]0[TvRegisteredDB]null[TvYear]2024[TvOcfInfo]15[TvAcmStatus]0[ExTvStatus]2[ExtendedStatus]4[ModuloSn]109
10-08 18:11:57.790 21872 21899 I [+0200]oneconnect[1.8.37.23_01][BEACON_MANAGER_CONTROL_SERVICE]: TvOcfParser.onReceive - TV Popup Onboarding is skipped - ($)
10-08 18:11:57.827  1717  5718 I vendor.qti.bluetooth@1.0-ibs_handler: ProcessIbsCmd: Received IBS_SLEEP_IND: 0xFE
10-08 18:11:57.827  1717  5718 D vendor.qti.bluetooth@1.0-ibs_handler: SerialClockVote: vote for UART CLK OFF
10-08 18:11:57.978  1717  4825 D vendor.qti.bluetooth@1.0-wake_lock: Release wakelock is released 
10-08 18:11:58.211  2253  6355 D SemWifiUsabilityStatsMonitor: onWifiUsabilityStats - seqNum 91281, isSameBssidAndFreq true
10-08 18:11:58.215  2253  3711 D SGM:GameManager: identifyGamePackage. com.application.motium, mCurrentUserId: 0, callerUserId: 0, callingMethodInfo: com.samsung.android.game.SemGameManager.isGamePackage(SemGameManager.java:105)
10-08 18:11:58.215  2253  3711 D SGM:SemGameManager: isGamePackage(), pkgName=com.application.motium, ret=false
10-08 18:11:58.233  1865  2078 I VSyncReactor: Current= 24, Period= 24, Distance= 0
10-08 18:11:58.275  1865  2078 I VSyncReactor: Current= 24, Period= 24, Distance= 24
10-08 18:11:58.275  1865  1865 I SurfaceFlinger: SFWD update time=1143548638122102
10-08 18:11:58.278  1792 30847 E SDM     : ScalarConfig::GetAIScaleSettingsInfo: AI Scaler Config for display 68 is not present
10-08 18:11:58.278  1792 30847 W SDM     : ScalarConfig::ApplyDestScaleConfig: GetAIScaleSettingsInfo returned error=1
10-08 18:11:58.314 14829 26437 D AidlBufferPool: bufferpool2 0xb400007316518228 : 15(34588 size) total buffers - 1(2563 size) used buffers - 2124/4072 (recycle/alloc) - 2220/4071 (fetch/transfer)
10-08 18:11:58.350  1792  2091 I SDM     : DisplayBase::CommitThread: Received idle timeout, panel: cmd, timeout: 70000 us
10-08 18:11:58.641  2253  5245 I NSLocationMonitor: getGPSUsingApps() called
10-08 18:11:58.641  5246 20660 I NSLocationManager_FLP: getGPSUsingApps, No change
10-08 18:11:58.649  2253  5245 D FreecessController: com.samsung.android.game.gamehome(state: Initial -> Frozen, Reason: Binder(1)-android.service.notification.INotificatio)
10-08 18:11:58.659  2253  5245 D FreecessController: FZ : com.samsung.android.game.gamehome(10334) [22972] reason: Bg
10-08 18:11:58.660  2253  5245 W LocationManagerService: onFreezeStateChanged, uid[10334]=true
10-08 18:11:58.660  2253  5245 I PowerManagerService: [PWL] SetWakeLockEnableDisable uid = 10334 , disable= true
10-08 18:11:58.660  2253  5245 I PowerManagerService: [PWL] can not change uid =  10334
10-08 18:11:58.736  1726 21135 I sensors-hal: handle_sns_client_event:191, auto_rotation_debug_2 mode,255, type,1,0 acc,0.378,0.450,9.729, ar,0, ver,12, pedo,1,e,1,i,3
10-08 18:11:58.758  2253 27492 I AfterimageCompensationService: AfcThread mLuminance : 108 , AfpcPeriodCount : 2519 , rotation : 0 , AOD : false
10-08 18:11:58.760  1791  1886 I SnapAlloc: Using graphics libs for alignment calculations
10-08 18:11:58.763  1865  2092 D RenderEngine: [SEC_SF_EFFECTS] drawLayersInternal,1299, Rendering layer  at index 0
10-08 18:11:58.763  1865  2092 D RenderEngine: [SEC_SF_EFFECTS] drawLayersInternal,1299, Rendering layer com.application.motium/com.application.motium.presentation.MainActivity$_30674#109061 at index 1
10-08 18:11:58.763  1865  2092 D RenderEngine: [SEC_SF_EFFECTS] drawLayersInternal,1299, Rendering layer StatusBar$_3898#95 at index 2
10-08 18:11:58.763  1865  2092 D RenderEngine: [SEC_SF_EFFECTS] drawLayersInternal,1299, Rendering layer com.sec.android.app.launcher/com.samsung.app.honeyspace.edge.edgepanel.app.CocktailBarService$_4850#108950 at index 3
10-08 18:11:58.763  1865  2092 D RenderEngine: [SEC_SF_EFFECTS] drawLayersInternal,1299, Rendering layer NavigationBar0$_3898#91 at index 4
10-08 18:11:58.779  2253 27492 D system_server: mAFPC_Read - w = 1080, h = 2340, s = 8, f = 4, s_size = 10183680, luminance = 108, count = 2519, captureOrientation = 0
10-08 18:11:58.961  1220  1220 D io_stats: !@ Write_top(KB): kworker/u17:1(27941) 196
10-08 18:11:59.611  1726  6222 I sensors-hal: handle_sns_std_sensor_event:90, light_cct: ts = 1490843051082838 ns; value = [5, 5, 194, 208, 5, 78, 0, 3, 9266, 0]
10-08 18:11:59.683  1717  5718 I vendor.qti.bluetooth@1.0-ibs_handler: ProcessIbsCmd: Received IBS_WAKE_IND: 0xFD
10-08 18:11:59.683  1717  5718 D vendor.qti.bluetooth@1.0-ibs_handler: SerialClockVote: vote for UART CLK ON
10-08 18:11:59.683  1717  5718 D vendor.qti.bluetooth@1.0-wake_lock: Acquire wakelock is acquired 
10-08 18:11:59.683  1717  5718 I vendor.qti.bluetooth@1.0-ibs_handler: ProcessIbsCmd: Writing IBS_WAKE_ACK
10-08 18:11:59.692  4184  5737 I BtGatt.ScanHelper: onScanResult to scannerId: 3- eventType=0x1b, addressType=0, address=XX:XX:XX:XX:F3:73, primaryPhy=1, secondaryPhy=0, advertisingSid=0xff, txPower=127, rssi=-62, periodicAdvInt=0x0
10-08 18:11:59.693  4184  5737 I BtGatt.ScanHelper: onScanResult to scannerId: 10- eventType=0x1b, addressType=0, address=XX:XX:XX:XX:F3:73, primaryPhy=1, secondaryPhy=0, advertisingSid=0xff, txPower=127, rssi=-62, periodicAdvInt=0x0
10-08 18:11:59.695  9787  9887 I [+0200]oneconnect[1.8.37.23_01][CORE]: DataConvert.parseBleVd - deviceBle : |name:($)-4(19)|deviceType:TV|discoverType:_BLE|services:_TvSoundToMobile|connected:false[TvStatusString]POWER_ON[TvStatus]1[TvService]103[TvMirrorChannel]1[TvRegisteredDB][2, -3, 0, 0, 0, 0][TvYear]2016[TvOcfInfo]0[TvAcmStatus]0[ExTvStatus]0[ExtendedStatus]-1[ModuloSn]-1
10-08 18:11:59.695  2253 21898 D WifiDisplayAdapter: getWifiDisplayStatusLocked: result=WifiDisplayStatus{featureState=2, scanState=0, activeDisplayState=0, activeDisplay=null, displays=[], sessionInfo=WifiDisplaySessionInfo:
10-08 18:11:59.695  2253 21898 D WifiDisplayAdapter:     Client/Owner: Client
10-08 18:11:59.695  2253 21898 D WifiDisplayAdapter:     GroupId: 
10-08 18:11:59.695  2253 21898 D WifiDisplayAdapter:     Passphrase: 
10-08 18:11:59.695  2253 21898 D WifiDisplayAdapter:     SessionId: 0
10-08 18:11:59.695  2253 21898 D WifiDisplayAdapter:     IP Address: }
10-08 18:11:59.696  2253 21898 D WifiDisplayAdapter: getWifiDisplayStatusLocked: result=WifiDisplayStatus{featureState=2, scanState=0, activeDisplayState=0, activeDisplay=null, displays=[], sessionInfo=WifiDisplaySessionInfo:
10-08 18:11:59.696  2253 21898 D WifiDisplayAdapter:     Client/Owner: Client
10-08 18:11:59.696  2253 21898 D WifiDisplayAdapter:     GroupId: 
10-08 18:11:59.696  2253 21898 D WifiDisplayAdapter:     Passphrase: 
10-08 18:11:59.696  2253 21898 D WifiDisplayAdapter:     SessionId: 0
10-08 18:11:59.696  2253 21898 D WifiDisplayAdapter:     IP Address: }
10-08 18:11:59.696  2253  4614 D WifiDisplayAdapter: getWifiDisplayStatusLocked: result=WifiDisplayStatus{featureState=2, scanState=0, activeDisplayState=0, activeDisplay=null, displays=[], sessionInfo=WifiDisplaySessionInfo:
10-08 18:11:59.696  2253  4614 D WifiDisplayAdapter:     Client/Owner: Client
10-08 18:11:59.696  2253  4614 D WifiDisplayAdapter:     GroupId: 
10-08 18:11:59.696  2253  4614 D WifiDisplayAdapter:     Passphrase: 
10-08 18:11:59.696  2253  4614 D WifiDisplayAdapter:     SessionId: 0
10-08 18:11:59.696  2253  4614 D WifiDisplayAdapter:     IP Address: }
10-08 18:11:59.697  2253  4614 D WifiDisplayAdapter: getWifiDisplayStatusLocked: result=WifiDisplayStatus{featureState=2, scanState=0, activeDisplayState=0, activeDisplay=null, displays=[], sessionInfo=WifiDisplaySessionInfo:
10-08 18:11:59.697  2253  4614 D WifiDisplayAdapter:     Client/Owner: Client
10-08 18:11:59.697  2253  4614 D WifiDisplayAdapter:     GroupId: 
10-08 18:11:59.697  2253  4614 D WifiDisplayAdapter:     Passphrase: 
10-08 18:11:59.697  2253  4614 D WifiDisplayAdapter:     SessionId: 0
10-08 18:11:59.697  2253  4614 D WifiDisplayAdapter:     IP Address: }
10-08 18:11:59.697 21872 21899 I [+0200]oneconnect[1.8.37.23_01][BEACON_MANAGER_CONTROL_SERVICE]: TvOcfParser.onReceive - TV Popup Onboarding is skipped - ($)
10-08 18:11:59.707  4184  5737 I BtGatt.ScanHelper: onScanResult to scannerId: 5- eventType=0x1b, addressType=0, address=XX:XX:XX:XX:F3:73, primaryPhy=1, secondaryPhy=0, advertisingSid=0xff, txPower=127, rssi=-63, periodicAdvInt=0x0
10-08 18:11:59.746  1717  5718 I vendor.qti.bluetooth@1.0-ibs_handler: ProcessIbsCmd: Received IBS_SLEEP_IND: 0xFE
10-08 18:11:59.746  1717  5718 D vendor.qti.bluetooth@1.0-ibs_handler: SerialClockVote: vote for UART CLK OFF
10-08 18:11:59.830  1717  5718 I vendor.qti.bluetooth@1.0-ibs_handler: ProcessIbsCmd: Received IBS_WAKE_IND: 0xFD
10-08 18:11:59.830  1717  5718 D vendor.qti.bluetooth@1.0-ibs_handler: SerialClockVote: vote for UART CLK ON
10-08 18:11:59.830  1717  5718 I vendor.qti.bluetooth@1.0-ibs_handler: ProcessIbsCmd: Writing IBS_WAKE_ACK
10-08 18:11:59.836  4184  5737 I BtGatt.ScanHelper: onScanResult to scannerId: 5- eventType=0x1b, addressType=0, address=XX:XX:XX:XX:F3:73, primaryPhy=1, secondaryPhy=0, advertisingSid=0xff, txPower=127, rssi=-63, periodicAdvInt=0x0
10-08 18:11:59.874  1717  5718 I vendor.qti.bluetooth@1.0-ibs_handler: ProcessIbsCmd: Received IBS_SLEEP_IND: 0xFE
10-08 18:11:59.874  1717  5718 D vendor.qti.bluetooth@1.0-ibs_handler: SerialClockVote: vote for UART CLK OFF
10-08 18:12:00.003  2253  2253 I EyeComfortSolutionService: action  :  android.intent.action.TIME_TICK
10-08 18:12:00.003  3898  4877 I DateTimeView: updateAll - getTimeFormat
10-08 18:12:00.004  3898  3898 D FaceWidgetPagesController: onTimeChanged()
10-08 18:12:00.004  3898  4877 D QSClockBellTower: onReceive(android.intent.action.TIME_TICK) mTimeZoneString:Europe/Paris
10-08 18:12:00.005  3898  3898 D QSClockBellTower: He is ready to ring the bell. (((QSClockBellSound - TimeText:18:12, TimeContentDescription:18:12, DateText:mer. 8 octobre, ShortDateText:mer. 8 oct., Demo:false)))
10-08 18:12:00.006  3898  3898 D QSClock : StatusBar clock=18:12 notifyTimeChanged(QSClockBellSound - TimeText:18:12, TimeContentDescription:18:12, DateText:mer. 8 octobre, ShortDateText:mer. 8 oct., Demo:false) clockVisibleByPolicy=true, clockVisibleByUser=true, visible=true, parent=android.widget.LinearLayout{20044f4 V.E...... ......ID 0,0-93,72 #7f0a0616 app:id/left_clock_container} caller=com.android.systemui.statusbar.phone.fragment.CollapsedStatusBarFragment.animateShow:47 com.android.systemui.statusbar.phone.fragment.CollapsedStatusBarFragment.updateStatusBarVisibilitiesInner:207 com.android.systemui.statusbar.phone.fragment.CollapsedStatusBarFragment$$ExternalSyntheticLambda3.run:5 com.android.systemui.statusbar.phone.fragment.CollapsedStatusBarFragment.updateStatusBarVisibilities:47 com.android.systemui.statusbar.phone.fragment.CollapsedStatusBarFragment.disable:63  
10-08 18:12:00.006  3898  3898 D QSClockBellTower: Everyone heard the bell. run(currentTime:1759939920004, getTime():Wed Oct 08 18:12:00 GMT+02:00 2025, getTimeZone():libcore.util.ZoneInfo[mDstSavings=3600000,mUseDst=true,mDelegate=[id="Europe/Paris",mRawOffset=3600000,mEarliestRawOffset=561000,transitions=308]])
10-08 18:12:00.024  1717  4825 D vendor.qti.bluetooth@1.0-wake_lock: Release wakelock is released 
10-08 18:12:00.025  1865  2078 I VSyncReactor: Current= 24, Period= 24, Distance= 1
10-08 18:12:00.066  1865  2078 I VSyncReactor: Current= 24, Period= 24, Distance= 24
10-08 18:12:00.069  1792 30847 E SDM     : ScalarConfig::GetAIScaleSettingsInfo: AI Scaler Config for display 68 is not present
10-08 18:12:00.069  1792 30847 W SDM     : ScalarConfig::ApplyDestScaleConfig: GetAIScaleSettingsInfo returned error=1
10-08 18:12:00.141  1792  2091 I SDM     : DisplayBase::CommitThread: Received idle timeout, panel: cmd, timeout: 70000 us
10-08 18:12:00.576 21654 21654 I SDHMS:LOAD: type: LoadsFreqs, value: 0:0:0:1017600:1017600:1017600:725760:2745600:556800:222:222:222
10-08 18:12:00.962  1220  1220 D io_stats: !@   8,0 r 52760842 1265229824 w 31911561 743753492 d 4774067 987483784 f 697989 2243042 iot 24531320 0 th 0 0 0 pt 0 inp 0 0 1143551.324
10-08 18:12:01.036  4639  4639 I EPDG -- SIM0 [SMARTCELLULAR]: onSignalStrengthsChanged: SignalStrength:{mCdma=Invalid,mGsm=Invalid,mWcdma=Invalid,mTdscdma=Invalid,mLte=CellSignalStrengthLte: rssi=-57 rsrp=-93 rsrq=-15 rssnr=11 cqiTableIndex=2147483647 cqi=2147483647 ta=2147483647 level=4 parametersUseForLevel=0,mNr=Invalid,SignalBarInfo{ lteLevel=3 },rat=14,primary=CellSignalStrengthLte}
10-08 18:12:01.036  4639 21215 I EPDG -- SIM0 [SMARTCELLULAR]: lastLteRSRP is -93 currentLteRSRP is -93 lastLteRSRQ is -14 currentLteRSRQ is -15 lastLteSNR is 10 currentLteSNR is 11
10-08 18:12:01.153  2286  2286 I CNSS    : /sys/wifi/max_chipset_log_size doesn't exist
10-08 18:12:01.202 25395 30594 D ConnectivityManager: StackLog: [android.net.ConnectivityManager.reportNetworkConnectivity(ConnectivityManager.java:3685)] [btlx.a(:com.google.android.gms@253931035@25.39.31 (260400-813878953):15)] [btod.n(:com.google.android.gms@253931035@25.39.31 (260400-813878953):6)] [btnr.run(:com.google.android.gms@253931035@25.39.31 (260400-813878953):623)] [btoo.run(:com.google.android.gms@253931035@25.39.31 (260400-813878953):5)] [ggng.run(:com.google.android.gms@253931035@25.39.31 (260400-813878953):21)] [bcdr.c(:com.google.android.gms@253931035@25.39.31 (260400-813878953):50)] [bcdr.run(:com.google.android.gms@253931035@25.39.31 (260400-813878953):73)] [java.util.concurrent.ThreadPoolExecutor.runWorker(ThreadPoolExecutor.java:1156)] [java.util.concurrent.ThreadPoolExecutor$Worker.run(ThreadPoolExecutor.java:651)] [bcji.run(:com.google.android.gms@253931035@25.39.31 (260400-813878953):8)] [java.lang.Thread.run(Thread.java:1119)]
10-08 18:12:01.203 25395 30594 I AlarmManager: setExactAndAllowWhileIdle [name: GCM_HB_ALARM type: 2 triggerAtMillis: 1492644650]
10-08 18:12:01.203  2253 21898 D AlarmManager: force change alarm method to setWindow() callingUid=10279, sourcePackage=com.google.android.gms, action=com.google.android.gms.gcm.HEARTBEAT_ALARM, origTriggerAtTime=1492644650, triggerAtTime=1491744651, windowLength=899999
10-08 18:12:01.207 25395 30073 I AlarmManager: setExactAndAllowWhileIdle [name: FcmRetry type: 2 triggerAtMillis: 1490964655]
10-08 18:12:01.208  2253  5245 D ActivityManager: unpendingScheduleServiceRestart: u=10354, drop=false
10-08 18:12:01.212  2253 21898 D FreecessController: UFZ : com.google.android.apps.youtube.music(10354) [25421] reason: broadcast-com.google.android.c2dm.intent.RECEIVE
10-08 18:12:01.213  2253  3436 I JobScheduler: maybeQueueReadyJobsForExecutionLocked: [BatchNetworkJob] 1 batched network jobs meet requirement for 285
10-08 18:12:01.213  2253  5245 W LocationManagerService: onFreezeStateChanged, uid[10354]=false
10-08 18:12:01.213  2253  5245 I PowerManagerService: [PWL] SetWakeLockEnableDisable uid = 10354 , disable= false
10-08 18:12:01.213  2253  5245 I PowerManagerService: [PWL] can not change uid =  10354
10-08 18:12:01.216 25395 30073 I AlarmManager: setExactAndAllowWhileIdle [name: GCM_HB_ALARM type: 2 triggerAtMillis: 1492644664]
10-08 18:12:01.216  2253  4614 D AlarmManager: force change alarm method to setWindow() callingUid=10279, sourcePackage=com.google.android.gms, action=com.google.android.gms.gcm.HEARTBEAT_ALARM, origTriggerAtTime=1492644664, triggerAtTime=1491744664, windowLength=900000
10-08 18:12:01.218 25395 25395 D BoundBrokerSvc: onUnbind: Intent { act=com.google.android.gms.auth.aang.events.services.START dat=chimera-action:/... cmp=com.google.android.gms/.chimera.PersistentApiService }
10-08 18:12:01.219  2253  5245 D FreecessController: com.google.android.apps.youtube.music(10354) is important[33]
10-08 18:12:01.219  2253  3436 W JobServiceContext: Sending onNetworkChanged for a job that isn't started. JobStatus{631a37a androidx.work.systemjobscheduler:u0a354/13145 @androidx.work.systemjobscheduler@com.google.android.apps.youtube.music/androidx.work.impl.background.systemjob.SystemJobService u=0 s=10354 TIME=-3m50s689ms:none NET READY}
10-08 18:12:01.220  2253  3541 W WifiNetworkFactory: Connected to unknown network * ID: 0 SSID: "Bbox-PTW" PROVIDER-NAME: null BSSID: null FQDN: null HOME-PROVIDER-NETWORK: false PRIO: 0 HIDDEN: false PMF: false CarrierId: -1 SubscriptionId: -1 SubscriptionGroup: null Currently Connected: true User Selected: false
10-08 18:12:01.220  2253  3541 W WifiNetworkFactory:  NetworkSelectionStatus NETWORK_SELECTION_ENABLED
10-08 18:12:01.220  2253  3541 W WifiNetworkFactory:  hasEverConnected: true
10-08 18:12:01.220  2253  3541 W WifiNetworkFactory:  hasNeverDetectedCaptivePortal: true
10-08 18:12:01.220  2253  3541 W WifiNetworkFactory:  hasEverValidatedInternetAccess: true
10-08 18:12:01.220  2253  3541 W WifiNetworkFactory:  mCandidateSecurityParams: Security Parameters:
10-08 18:12:01.220  2253  3541 W WifiNetworkFactory:  Type: 2
10-08 18:12:01.220  2253  3541 W WifiNetworkFactory:  Enabled: true
10-08 18:12:01.220  2253  3541 W WifiNetworkFactory:  KeyMgmt: WPA_PSK
10-08 18:12:01.220  2253  3541 W WifiNetworkFactory:  Protocols: WPA RSN
10-08 18:12:01.220  2253  3541 W WifiNetworkFactory:  AuthAlgorithms:
10-08 18:12:01.220  2253  3541 W WifiNetworkFactory:  PairwiseCiphers: TKIP CCMP
10-08 18:12:01.220  2253  3541 W WifiNetworkFactory:  GroupCiphers: WEP40 WEP104 TKIP CCMP
10-08 18:12:01.220  2253  3541 W WifiNetworkFactory:  GroupMgmtCiphers:
10-08 18:12:01.220  2253  3541 W WifiNetworkFactory:  SuiteBCiphers:
10-08 18:12:01.220  2253  3541 W WifiNetworkFactory:  RequirePmf: false
10-08 18:12:01.220  2253  3541 W WifiNetworkFactory:  IsAddedByAutoUpgrade: false
10-08 18:12:01.220  2253  3541 W WifiNetworkFactory:  IsSaeH2eOnlyMode: false
10-08 18:12:01.220  2253  3541 W WifiNetworkFactory:  IsSaePkOnlyMode: false
10-08 18:12:01.220  2253  3541 W WifiNetworkFactory:  mLastUsedSecurityParams: Security Parameters:
10-08 18:12:01.220  2253  3541 W WifiNetworkFactory:  Type: 2
10-08 18:12:01.220  2253  3541 W WifiNetworkFactory:  Enabled: true
10-08 18:12:01.220  2253  3541 W WifiNetworkFactory:  KeyMgmt: WPA_PSK
10-08 18:12:01.220  2253  3541 W WifiNetworkFactory:  Protocols: WPA RSN
10-08 18:12:01.220  2253  3541 W WifiNetworkFactory:  AuthAlgorithms:
10-08 18:12:01.220  2253  3541 W WifiNetworkFactory:  PairwiseCiphers: TKIP CCMP
10-08 18:12:01.220  2253  3541 W WifiNetworkFactory:  GroupCiphers: WEP40 WEP104 TKIP CCMP
10-08 18:12:01.220  2253  3541 W WifiNetworkFactory:  GroupMgmtCiphers:
10-08 18:12:01.220  2253  3541 W WifiNetworkFactory:  SuiteBCiphers:
10-08 18:12:01.220  2253  3541 W WifiNetworkFactory:  RequirePmf: false
10-08 18:12:01.220  2253  3541 W WifiNetworkFactory:  IsAddedByAutoUpgrade: false
10-08 18:12:01.220  2253  3541 W WifiNetworkFactory:  IsSaeH2eOnlyMode: false
10-08 18:12:01.220  2253  3541 W WifiNetworkFactory:  IsSaePkOnlyMode: false
10-08 18:12:01.220  2253  3541 W WifiNetworkFactory:  numAssociation 56
10-08 18:12:01.220  2253  3541 W WifiNetworkFactory:  validatedInternetAccess shared trusted
